11-29 09:55:04.311 I/SkytoneSDK-1.0.1.301|ActivateVSimEventHandler(11408): handle end
11-29 09:55:04.332 I/HwLauncher( 2983): WidgetCustomizeContainer all widgets =[AppWidgetProviderInfo(UserHandle{0}/ComponentInfo{com.android.calendar/com.android.calendar.widget.CalendarAppWidgetProvider}), AppWidgetProviderInfo(UserHandle{0}/ComponentInfo{com.android.calendar/com.android.calendar.simpleui.CalendarSimpleUiPRovider}), AppWidgetProviderInfo(UserHandle{0}/ComponentInfo{com.android.calendar/com.android.calendar.mycalendar.CalendarAppWidgetProvider}), AppWidgetProviderInfo(UserHandle{0}/ComponentInfo{com.android.deskclock/com.android.alarmclock.DigitalClockAppWidgetProvider}), AppWidgetProviderInfo(UserHandle{0}/ComponentInfo{com.android.deskclock/com.android.alarmclock.AnalogAppWidgetProvider}), AppWidgetProviderInfo(UserHandle{0}/ComponentInfo{com.android.deskclock/com.android.alarmclock.WorldClockAppWidgetProvider}), AppWidgetProviderInfo(UserHandle{0}/ComponentInfo{com.android.email/com.android.email.provider.WidgetProvider}), AppWidgetProviderInfo(UserHandle{0}/ComponentInfo{com.android.gallery3d/com.android.gallery3d.gadget.PhotoAppWidgetProvider}), AppWidgetProviderInfo(UserHandle{0}/ComponentInfo{com.android.mediacenter/com.android.mediacenter.localmusic.MediaAppWidgetProvider}), AppWidgetProviderInfo(UserHandle{0}/ComponentInfo{com.android.settings/com.android.settings.widget.SettingsAppWidgetProvider}), AppWidgetProviderInfo(UserHandle{0}/ComponentInfo{com.example.android.notepad/com.example.android.notepad.widget.NotesWidgetProvider}), AppWidgetProviderInfo(UserHandle{0}/ComponentInfo{com.huawei.android.launcher/com.huawei.android.launcher.widget.OneKeyCleanWidget}), AppWidgetProviderInfo(UserHandle{0}/ComponentInfo{com.huawei.android.totemweather/com.huawei.android.totemweather.widget.WeatherSmallWidgetProvider}), AppWidgetProviderInfo(UserHandle{0}/ComponentInfo{com.huawei.android.totemweather/com.huawei.android.totemweather.widget.WeatherSimpleWidgetProvider}), AppWidgetProviderInfo(UserHandle{0}/ComponentInfo{com.huawei.android.totemweather/com.huawei.android.totemweather.widget.doublecity.DualWidgetWeatherProvider}), AppWidgetProviderInfo(UserHandle{0}/ComponentInfo{com.huawei.android.totemweather/com.huawei.android.totemweather.widget.mulan.MulanWidgetWeatherProvider}), AppWidgetProviderInfo(UserHandle{0}/ComponentInfo{com.jingdong.app.mall/com.jingdong.app.mall.widget.JdWidget}), AppWidgetProviderInfo(UserHandle{0}/ComponentInfo{com.kugou.android/com.kugou.android.appwidget.KugouAppWidgetProvider1}), AppWidgetProviderInfo(UserHandle{0}/ComponentInfo{com.kugou.android/com.kugou.android.appwidget.KugouAppWidgetProvider2}), AppWidgetProviderInfo(UserHandle{0}/ComponentInfo{com.kugou.android/com.kugou.android.appwidget.KugouAppWidgetProvider4}), AppWidgetProviderInfo(UserHandle{0}/ComponentInfo{com.sina.weibo/com.sina.weibo.gowidget.GoWidgetProvider}), AppWidgetProviderInfo(UserHandle{0}/ComponentInfo{com.zhihu.android/com.zhihu.android.app.appwidget.SearchAppWidgetProvider})]
11-29 09:55:04.365 E/teecd   (  416): cannot find package:system_server
11-29 09:55:04.365 E/teecd   (  416): get certs for app failed
11-29 09:55:04.471 W/hisync-findmyphone.AntiTheftInf(11408): AntiTheftManagerEx read null data
11-29 09:55:04.471 I/hisync-findmyphone.AntiTheftDataManager(11408): read data from Anti:******
11-29 09:55:04.475 E/hisync-findmyphone.STUtils(11408): decrypterCbc Exceptionjava.lang.IllegalArgumentException: Bad arguments
11-29 09:55:04.476 E/hisync-findmyphone.STUtils(11408): decrypterCbc Exceptionjava.lang.IllegalArgumentException: Bad arguments
11-29 09:55:04.478 E/hisync-findmyphone.STUtils(11408): decrypterCbc Exceptionjava.lang.IllegalArgumentException: Bad arguments
11-29 09:55:04.479 E/hisync-findmyphone.STUtils(11408): decrypterCbc Exceptionjava.lang.IllegalArgumentException: Bad arguments
11-29 09:55:04.485 I/hisync-findmyphone.AntiTheftInf(11408): AntiTheftManagerEx getEnable = false from cache
11-29 09:55:04.679 I/Icing   ( 4815): Indexing 148C2E11C78681D249D89EA1DC36C6EF3F3CBDA0 from com.google.android.gms
11-29 09:55:04.766 I/Icing   ( 4815): Indexing done 148C2E11C78681D249D89EA1DC36C6EF3F3CBDA0
11-29 09:55:04.882 I/NetworkSpeedManagerEx( 1627): mIsStop = false
11-29 09:55:04.884 I/NetworkSpeedManagerEx( 1627): value=23977.666speed = 23.4K/s
11-29 09:55:04.884 I/NetworkSpeedView( 1627): /update(), speed=23.4K/s parent class:class com.android.systemui.statusbar.HwSystemIcons
11-29 09:55:04.913 I/NetworkSpeedManagerEx( 1627): mIsStop = false
11-29 09:55:04.915 I/NetworkSpeedManagerEx( 1627): value=23977.666speed = 23.4K/s
11-29 09:55:04.915 I/NetworkSpeedView( 1627): /update(), speed=23.4K/s parent class:class com.android.systemui.statusbar.HwSystemIcons
11-29 09:55:05.161 I/Icing   ( 4815): Indexing 148C2E11C78681D249D89EA1DC36C6EF3F3CBDA0 from com.google.android.gms
11-29 09:55:05.163 I/Icing   ( 4815): Indexing done 148C2E11C78681D249D89EA1DC36C6EF3F3CBDA0
11-29 09:55:05.164 I/SendBroadcastPermission( 4815): action:com.google.android.gms.icing.IME_NOTIFICATION, mPermissionType:0
11-29 09:55:05.165 I/SendBroadcastPermission( 4815): action:com.google.android.gms.icing.IME_NOTIFICATION, mPermissionType:0
11-29 09:55:05.166 I/SendBroadcastPermission( 4815): action:com.google.android.gms.icing.IME_NOTIFICATION, mPermissionType:0
11-29 09:55:05.167 I/SendBroadcastPermission( 4815): action:com.google.android.gms.icing.IME_NOTIFICATION, mPermissionType:0
11-29 09:55:05.167 I/SendBroadcastPermission( 4815): action:com.google.android.gms.icing.IME_NOTIFICATION, mPermissionType:0
11-29 09:55:05.168 I/SendBroadcastPermission( 4815): action:com.google.android.gms.icing.IME_NOTIFICATION, mPermissionType:0
11-29 09:55:05.169 I/SendBroadcastPermission( 4815): action:com.google.android.gms.icing.IME_NOTIFICATION, mPermissionType:0
11-29 09:55:05.170 I/SendBroadcastPermission( 4815): action:com.google.android.gms.icing.IME_NOTIFICATION, mPermissionType:0
11-29 09:55:05.170 I/SendBroadcastPermission( 4815): action:com.google.android.gms.icing.IME_NOTIFICATION, mPermissionType:0
11-29 09:55:05.628 I/hwaps   (11122): JNI_OnLoad
11-29 09:55:05.781 W/jack    (11122): url:http://116.62.205.204:7000/api/v1/device/devices.json
11-29 09:55:05.789 E/OpenGLRenderer(11122): allen debug liyu Key: 0
11-29 09:55:05.797 I/art     (11122): Do partial code cache collection, code=18KB, data=30KB
11-29 09:55:05.797 I/art     (11122): After code cache collection, code=18KB, data=30KB
11-29 09:55:05.797 I/art     (11122): Increasing code cache capacity to 128KB
11-29 09:55:05.845 E/OpenGLRenderer(11122): allen debug liyu Key: 0
11-29 09:55:05.874 I/jack    (11122): result:{"result":200,"reason":"OK","method":null,"data":[{"id":1826330880214080,"name":"mamot000000000w","token":"mamot000000000w","bundleId":"info.e3phone.iPhone","createTime":1511775756000,"activeTime":1511775756000,"status":0,"uuid":"d_e6a147a4f2b8472fbdfab581d2f9c2d9","apiPassword":"1be3d271d1ab4e16b9d1e652b863ac76","sipUserId":1826330880214081,"deviceType":0,"lang":"ja","serialNumber":"mamot000000000w","bluetoothPwd":"123456","sipUsername":"330880214080"}]}
11-29 09:55:05.897 E/OpenGLRenderer(11122): allen debug liyu Key: 5242945
11-29 09:55:05.934 E/OpenGLRenderer(11122): allen debug liyu Key: 5242945
11-29 09:55:05.935 E/OpenGLRenderer(11122): allen debug liyu Key: 3
11-29 09:55:05.936 I/HwMobileSignalController( 1627): subId:0 phoneType:1 networktype:13 targetClass:3 masterLevel:5 slaveLevel:-1
11-29 09:55:07.072 I/chatty  ( 2195): uid=1000(system) Binder:2195_3 expire 2 lines
11-29 09:55:07.075 I/Pged-IPgedBinderService(  506): ****action is 1, pid num is 7***
11-29 09:55:07.075 I/Pged-Freezer(  506): freezePids
11-29 09:55:07.075 I/Pged-Freezer(  506): Freeze process: 11287
11-29 09:55:07.075 I/Pged-Freezer(  506): Freeze process: 1561
11-29 09:55:07.076 I/Pged-Freezer(  506): Freeze process: 310
11-29 09:55:07.076 I/Pged-Freezer(  506): Freeze process: 848
11-29 09:55:07.076 I/Pged-Freezer(  506): Freeze process: 32608
11-29 09:55:07.076 I/Pged-Freezer(  506): Freeze process: 6927
11-29 09:55:07.129 W/jack    (11122): url:http://116.62.205.204:7000/api/v1/device/mamot000000000w/getInfoBySerial.json
11-29 09:55:07.203 I/jack    (11122): result:{"result":200,"reason":"OK","method":null,"data":{"id":1826330880214080,"name":"mamot000000000w","token":"mamot000000000w","bundleId":"info.e3phone.iPhone","createTime":1511775756000,"activeTime":1511775756000,"status":0,"uuid":"d_e6a147a4f2b8472fbdfab581d2f9c2d9","apiPassword":"1be3d271d1ab4e16b9d1e652b863ac76","sipUserId":1826330880214081,"deviceType":0,"lang":"ja","serialNumber":"mamot000000000w","bluetoothPwd":"123456","sipUsername":"330880214080"}}
11-29 09:55:07.212 E/OpenGLRenderer(11122): allen debug liyu Key: 0
11-29 09:55:07.215 W/PhoneInterfaceManager( 1749): shouldBlockLocation running ...
11-29 09:55:07.215 I/PhoneInterfaceManager( 1749): shouldBlockLocation  ret:false
11-29 09:55:07.326 W/PhoneInterfaceManager( 1749): shouldBlockLocation running ...
11-29 09:55:07.331 I/PhoneInterfaceManager( 1749): shouldBlockLocation  ret:false
11-29 09:55:07.505 I/chatty  (  486): uid=1000(system) /system/bin/surfaceflinger expire 12 lines
11-29 09:55:07.716 W/Finsky  (11081): [1] com.google.android.finsky.services.k.a(563): Self-update check failed with error: com.android.volley.NoConnectionError: java.net.ConnectException: Failed to connect to services.googleapis.cn/203.208.48.56:443
11-29 09:55:07.756 I/        (11561): power log dlsym ok
11-29 09:55:07.758 I/art     (11561): Reinit property: dalvik.vm.checkjni= false
11-29 09:55:07.829 W/System  (11561): ClassLoader referenced unknown path: /system/priv-app/GmsCore/lib/arm64
11-29 09:55:07.854 I/LoadedApk(11561): No resource references to update in package FFFFFFFFFFFFFFFFFFFFFF
11-29 09:55:07.873 W/System  (11561): ClassLoader referenced unknown path: /system/priv-app/GmsCore/lib/arm64
11-29 09:55:07.874 W/System  (11561): ClassLoader referenced unknown path: /system/priv-app/GmsCore/lib/arm64
11-29 09:55:07.884 I/NetworkSpeedManagerEx( 1627): mIsStop = false
11-29 09:55:07.885 W/System  (11561): ClassLoader referenced unknown path: /system/priv-app/GmsCore/lib/arm64
11-29 09:55:07.886 W/System  (11561): ClassLoader referenced unknown path: /system/priv-app/GmsCore/lib/arm64
11-29 09:55:07.886 I/NetworkSpeedManagerEx( 1627): value=1477.6666speed = 1.4K/s
11-29 09:55:07.886 I/NetworkSpeedView( 1627): /update(), speed=1.4K/s parent class:class com.android.systemui.statusbar.HwSystemIcons
11-29 09:55:07.913 I/ProviderInstaller(11561): Installed default security provider GmsCore_OpenSSL
11-29 09:55:07.915 I/NetworkSpeedManagerEx( 1627): mIsStop = false
11-29 09:55:07.917 I/NetworkSpeedManagerEx( 1627): value=1477.6666speed = 1.4K/s
11-29 09:55:07.917 I/NetworkSpeedView( 1627): /update(), speed=1.4K/s parent class:class com.android.systemui.statusbar.HwSystemIcons
11-29 09:55:08.120 W/System  (11561): ClassLoader referenced unknown path: 
11-29 09:55:08.120 W/System  (11561): ClassLoader referenced unknown path: /system/priv-app/GmsCore/lib/arm64
11-29 09:55:08.121 I/DynamiteModule(11561): Considering local module com.google.android.gms.googlecertificates:3 and remote module com.google.android.gms.googlecertificates:3
11-29 09:55:08.121 I/DynamiteModule(11561): Selected remote version of com.google.android.gms.googlecertificates, version >= 3
11-29 09:55:08.162 W/System  (11561): ClassLoader referenced unknown path: /data/user_de/0/com.google.android.gms/app_chimera/m/00000004/n/arm64-v8a
11-29 09:55:08.163 I/NativeLibraryUtils(11561): Extraction to /data/user_de/0/com.google.android.gms/app_extracted_libs/arm64-v8a/libAppDataSearch.so false
11-29 09:55:08.186 I/NativeLibraryUtils(11561): Extraction to /data/user_de/0/com.google.android.gms/app_extracted_libs/arm64-v8a/libconscrypt_gmscore_jni.so false
11-29 09:55:08.206 E/OpenGLRenderer(11122): allen debug liyu Key: 0
11-29 09:55:08.207 I/chatty  ( 2195): uid=1000(system) traffic stats expire 4 lines
11-29 09:55:08.221 E/CAR.TEL.Service(11561): Failed to bind to InCallService
11-29 09:55:08.227 I/NativeLibraryUtils(11561): Extraction to /data/user_de/0/com.google.android.gms/app_extracted_libs/arm64-v8a/libgcastv2_base.so false
11-29 09:55:08.230 W/Finsky  (11081): [1] com.google.android.finsky.FinskyApp.i(1558): No account configured on this device.
11-29 09:55:08.231 W/Finsky  (11081): [1] com.google.android.finsky.FinskyApp.i(1558): No account configured on this device.
11-29 09:55:08.233 W/Finsky  (11081): [1] com.google.android.finsky.FinskyApp.i(1558): No account configured on this device.
11-29 09:55:08.233 I/NativeLibraryUtils(11561): Extraction to /data/user_de/0/com.google.android.gms/app_extracted_libs/arm64-v8a/libgcastv2_support.so false
11-29 09:55:08.234 W/Finsky  (11081): [1] com.google.android.finsky.FinskyApp.i(1558): No account configured on this device.
11-29 09:55:08.236 W/Finsky  (11081): [1] com.google.android.finsky.FinskyApp.i(1558): No account configured on this device.
11-29 09:55:08.237 I/Finsky  (11081): [1] com.google.android.finsky.x.an.a(185): disabled
11-29 09:55:08.238 W/Finsky  (11081): [1] com.google.android.finsky.FinskyApp.i(1558): No account configured on this device.
11-29 09:55:08.240 I/Finsky  (11081): [1] com.google.android.finsky.services.DailyHygiene.d(823): Logging device features
11-29 09:55:08.241 W/Finsky  (11081): [1] com.google.android.finsky.FinskyApp.i(1558): No account configured on this device.
11-29 09:55:08.245 I/NativeLibraryUtils(11561): Extraction to /data/user_de/0/com.google.android.gms/app_extracted_libs/arm64-v8a/libgmscore.so false
11-29 09:55:08.251 E/Finsky  (11081): [1] com.google.android.finsky.services.DailyHygiene.f(7226): Failed to copy open source license file: java.io.IOException: No such file or directory
11-29 09:55:08.251 I/NativeLibraryUtils(11561): Extraction to /data/user_de/0/com.google.android.gms/app_extracted_libs/arm64-v8a/libgoogle-ocrclient-v3.so false
11-29 09:55:08.254 I/NativeLibraryUtils(11561): Extraction to /data/user_de/0/com.google.android.gms/app_extracted_libs/arm64-v8a/libjgcastservice.so false
11-29 09:55:08.256 W/Finsky  (11081): [1] com.google.android.finsky.services.DailyHygiene.f(890): Concluding Daily Hygiene because unauthenticated
11-29 09:55:08.257 I/Finsky  (11081): [1] com.google.android.finsky.services.DailyHygiene.a(1039): Scheduling new run in 268 minutes (failures=4)
11-29 09:55:08.260 I/NativeLibraryUtils(11561): Extraction to /data/user_de/0/com.google.android.gms/app_extracted_libs/arm64-v8a/libleveldbjni.so false
11-29 09:55:08.260 W/Finsky  (11081): [1] com.google.android.finsky.FinskyApp.i(1558): No account configured on this device.
11-29 09:55:08.263 I/NativeLibraryUtils(11561): Extraction to /data/user_de/0/com.google.android.gms/app_extracted_libs/arm64-v8a/libsslwrapper_jni.so false
11-29 09:55:08.291 I/NativeLibraryUtils(11561): Extraction to /data/user_de/0/com.google.android.gms/app_extracted_libs/arm64-v8a/libvcdiffjni.so false
11-29 09:55:08.295 I/NativeLibraryUtils(11561): Extraction to /data/user_de/0/com.google.android.gms/app_extracted_libs/arm64-v8a/libwearable-selector.so false
11-29 09:55:08.302 I/NativeLibraryUtils(11561): Extraction to /data/user_de/0/com.google.android.gms/app_extracted_libs/arm64-v8a/libWhisper.so false
11-29 09:55:08.305 I/NativeLibraryUtils(11561): Extraction to /data/user_de/0/com.google.android.gms/app_extracted_libs/armeabi-v7a/libconscrypt_gmscore_jni.so false
11-29 09:55:08.314 I/NativeLibraryUtils(11561): Extraction to /data/user_de/0/com.google.android.gms/app_extracted_libs/armeabi-v7a/libgmscore.so false
11-29 09:55:08.579 I/Pged-IPgedBinderService(  506): ****action is 2, pid num is 7***
11-29 09:55:08.579 I/Pged-Freezer(  506): thawPids
11-29 09:55:09.008 I/        (11598): power log dlsym ok
11-29 09:55:09.010 I/art     (11598): Reinit property: dalvik.vm.checkjni= false
11-29 09:55:09.015 E/OpenGLRenderer(11122): allen debug liyu Key: 5242944
11-29 09:55:09.036 W/System  (11598): ClassLoader referenced unknown path: /system/app/HwSecureIME/lib/arm64
11-29 09:55:09.052 I/HwCust  (11598): Constructor found for class android.app.HwCustHwWallpaperManagerImpl
11-29 09:55:09.218 E/Thermal-daemon(  505): [battery] temp_new :31  temp_old :30
11-29 09:55:09.218 E/Thermal-daemon(  505): Report temperature: [battery] temp :31  report_threshold:1
11-29 09:55:09.219 E/Thermal-daemon(  505): [charger_ic] temp_new :33  temp_old :32
11-29 09:55:09.219 E/Thermal-daemon(  505): Report temperature: [charger_ic] temp :33  report_threshold:1
11-29 09:55:09.220 E/Thermal-daemon(  505): [ap] temp_new :39  temp_old :40
11-29 09:55:09.220 E/Thermal-daemon(  505): Report temperature: [ap] temp :39  report_threshold:1
11-29 09:55:09.368 I/chatty  ( 1047): uid=1000(system) Binder:1047_8 expire 7 lines
11-29 09:55:09.372 I/HwMobileSignalController( 1627): subId:1 phoneType:1 networktype:2 targetClass:1 masterLevel:5 slaveLevel:-1
11-29 09:55:09.814 I/hwaps   (11598): JNI_OnLoad
11-29 09:55:10.887 I/NetworkSpeedManagerEx( 1627): mIsStop = false
11-29 09:55:10.889 I/NetworkSpeedManagerEx( 1627): value=176.0speed = 176B/s
11-29 09:55:10.889 I/NetworkSpeedView( 1627): /update(), speed=176B/s parent class:class com.android.systemui.statusbar.HwSystemIcons
11-29 09:55:10.918 I/NetworkSpeedManagerEx( 1627): mIsStop = false
11-29 09:55:10.921 I/NetworkSpeedManagerEx( 1627): value=176.0speed = 176B/s
11-29 09:55:10.921 I/NetworkSpeedView( 1627): /update(), speed=176B/s parent class:class com.android.systemui.statusbar.HwSystemIcons
11-29 09:55:11.067 I/chatty  ( 1047): uid=1000 system_server expire 27 lines
11-29 09:55:11.076 I/HwMobileSignalController( 1627): subId:0 phoneType:1 networktype:13 targetClass:3 masterLevel:5 slaveLevel:-1
11-29 09:55:12.225 W/PhoneInterfaceManager( 1749): shouldBlockLocation running ...
11-29 09:55:12.225 I/PhoneInterfaceManager( 1749): shouldBlockLocation  ret:false
11-29 09:55:12.337 W/PhoneInterfaceManager( 1749): shouldBlockLocation running ...
11-29 09:55:12.366 I/PhoneInterfaceManager( 1749): shouldBlockLocation  ret:false
11-29 09:55:12.410 W/KeyguardUpdateMonitor( 1627): ACTION_BATTERY_CHANGED AMP: 0; Volt: 0
11-29 09:55:12.426 E/CloudAlbum[8.0.1.309](11408): [ReceiverManager] not log on ignore
11-29 09:55:12.452 W/KeyguardUpdateMonitor( 1627): ChargingSpeed  Wattage: -1 ST: 5000000 --> 7500000
11-29 09:55:12.452 I/KgBattery( 1627): BatteryInfo updated:  2lPc-1
11-29 09:55:12.452 W/AppHandler( 1627): sendMessage with obj100
11-29 09:55:12.457 W/HwLockScreenPanel( 1627): refreshBatteryInfo: com.huawei.keyguard.amazinglockscreen.AmazingLockScreen{833b849 VFE...... ......I. 0,0-0,0}
11-29 09:55:12.457 W/KgBattery( 1627): getCharge info with type: text
11-29 09:55:12.462 W/HwLockScreenPanel( 1627): Handle message: 100
11-29 09:55:13.276 I/CAR.SERVICE(11561): Skip, no clients bound.
11-29 09:55:13.543 I/chatty  (  486): uid=1000(system) Binder:486_4 expire 4 lines
11-29 09:55:13.889 I/NetworkSpeedManagerEx( 1627): mIsStop = false
11-29 09:55:13.892 I/NetworkSpeedManagerEx( 1627): value=0.0speed = 0K/s
11-29 09:55:13.892 I/NetworkSpeedView( 1627): /update(), speed=0K/s parent class:class com.android.systemui.statusbar.HwSystemIcons
11-29 09:55:13.922 I/NetworkSpeedManagerEx( 1627): mIsStop = false
11-29 09:55:13.925 I/NetworkSpeedManagerEx( 1627): value=0.0speed = 0K/s
11-29 09:55:13.925 I/NetworkSpeedView( 1627): /update(), speed=0K/s parent class:class com.android.systemui.statusbar.HwSystemIcons
11-29 09:55:14.041 I/art     (11468): Rejecting re-init on previously-failed class java.lang.Class<aoj$1>: java.lang.NoClassDefFoundError: Failed resolution of: Lcom/taobao/orange/OrangeConfigListenerV1;
11-29 09:55:14.041 I/art     (11468):   at void anz.a(android.app.Application) (Variables.java:1046)
11-29 09:55:14.041 I/art     (11468):   at void anv.a() (AnalyticsImp.java:34)
11-29 09:55:14.041 I/art     (11468):   at void com.alibaba.analytics.AnalyticsMgr$6.run() (AnalyticsMgr.java:294)
11-29 09:55:14.041 I/art     (11468):   at void com.alibaba.analytics.AnalyticsMgr$b.run() (AnalyticsMgr.java:621)
11-29 09:55:14.041 I/art     (11468):   at void android.os.Handler.handleCallback(android.os.Message) (Handler.java:761)
11-29 09:55:14.041 I/art     (11468):   at void android.os.Handler.dispatchMessage(android.os.Message) (Handler.java:98)
11-29 09:55:14.041 I/art     (11468):   at void android.os.Looper.loop() (Looper.java:156)
11-29 09:55:14.041 I/art     (11468):   at void android.os.HandlerThread.run() (HandlerThread.java:61)
11-29 09:55:14.041 I/art     (11468): Caused by: java.lang.ClassNotFoundException: Didn't find class "com.taobao.orange.OrangeConfigListenerV1" on path: DexPathList[[zip file "/data/app/com.alibaba.android.rimet-2/base.apk"],nativeLibraryDirectories=[/data/app/com.alibaba.android.rimet-2/lib/arm, /system/fake-libs, /data/app/com.alibaba.android.rimet-2/base.apk!/lib/armeabi, /data/user/0/com.alibaba.android.rimet/files/dso, /system/lib, /vendor/lib, /system/vendor/lib, /product/lib]]
11-29 09:55:14.041 I/art     (11468):   at java.lang.Class dalvik.system.BaseDexClassLoader.findClass(java.lang.String) (BaseDexClassLoader.java:56)
11-29 09:55:14.041 I/art     (11468):   at java.lang.Class java.lang.ClassLoader.loadClass(java.lang.String, boolean) (ClassLoader.java:380)
11-29 09:55:14.041 I/art     (11468):   at java.lang.Class java.lang.ClassLoader.loadClass(java.lang.String) (ClassLoader.java:312)
11-29 09:55:14.041 I/art     (11468):   at void anz.a(android.app.Application) (Variables.java:1046)
11-29 09:55:14.041 I/art     (11468):   at void anv.a() (AnalyticsImp.java:34)
11-29 09:55:14.041 I/art     (11468):   at void com.alibaba.analytics.AnalyticsMgr$6.run() (AnalyticsMgr.java:294)
11-29 09:55:14.041 I/art     (11468):   at void com.alibaba.analytics.AnalyticsMgr$b.run() (AnalyticsMgr.java:621)
11-29 09:55:14.041 I/art     (11468):   at void android.os.Handler.handleCallback(android.os.Message) (Handler.java:761)
11-29 09:55:14.041 I/art     (11468):   at void android.os.Handler.dispatchMessage(android.os.Message) (Handler.java:98)
11-29 09:55:14.041 I/art     (11468):   at void android.os.Looper.loop() (Looper.java:156)
11-29 09:55:14.041 I/art     (11468):   at void android.os.HandlerThread.run() (HandlerThread.java:61)
11-29 09:55:14.041 I/art     (11468): 
11-29 09:55:14.090 E/BluConn (11122): click start ==>
11-29 09:55:14.090 E/BluConn (11122): ================ startScanBlue =================
11-29 09:55:14.092 I/BluetoothAdapter(11122): getBluetoothLeScanner
11-29 09:55:14.103 I/chatty  ( 2195): uid=1000(system) core expire 24 lines
11-29 09:55:14.104 I/SendBroadcastPermission( 9994): action:android.bluetooth.GET_BLE_APP_NAME, mPermissionType:0
11-29 09:55:14.112 I/BtGatt.JNI( 9994): gattClientRegisterAppNative(L997): gattClientRegisterAppNative, register_client begin
11-29 09:55:14.112 I/BtGatt.JNI( 9994): gattClientRegisterAppNative(L1003): gattClientRegisterAppNative, register_client
11-29 09:55:14.113 I/BtGatt.JNI( 9994): gattClientRegisterAppNative(L1005): gattClientRegisterAppNative, register_client finish
11-29 09:55:14.113 I/bt_att  ( 9994): GATT_Register
11-29 09:55:14.113 I/bt_att  ( 9994): GATT_Register: allocated gatt_if=5
11-29 09:55:14.113 I/bt_att  ( 9994): GATT_StartIf gatt_if=5
11-29 09:55:14.113 W/bt_btif ( 9994): HAL bt_gatt_callbacks->client->register_client_cb
11-29 09:55:14.121 I/bt_btif ( 9994): BTA_DmEnableScanFilter: 1
11-29 09:55:14.122 I/bt_btm  ( 9994): BTM: BTM_VendorSpecificCommand: Opcode: 0xFD57, ParamLen: 2.
11-29 09:55:14.129 W/bt_btif ( 9994): HAL bt_gatt_callbacks->client->scan_filter_status_cb
11-29 09:55:14.129 I/bt_btif ( 9994): BTA_DmBleScanFilterSetup: 0
11-29 09:55:14.129 I/bt_btm  ( 9994):  BTM_BleAdvFilterParamSetup
11-29 09:55:14.129 I/bt_btm  ( 9994): BTM: BTM_VendorSpecificCommand: Opcode: 0xFD57, ParamLen: 18.
11-29 09:55:14.132 W/bt_btif ( 9994): HAL bt_gatt_callbacks->client->scan_filter_param_cb
11-29 09:55:14.133 I/bt_btif ( 9994): BTA_DmBleObserve:start = 1 
11-29 09:55:14.133 I/bt_btif ( 9994): BTA_DmBleObserve:start = 0 
11-29 09:55:14.133 I/bt_btm  ( 9994): BTM_BleObserve : scan_type:0, 8000, 800
11-29 09:55:14.133 I/bt_btif ( 9994): BTA_DmBleObserve:start = 1 
11-29 09:55:14.133 I/bt_btm  ( 9994): BTM_BleObserve : scan_type:0, 8000, 800
11-29 09:55:14.136 I/bt_btm  ( 9994): btm_ble_stop_scan 
11-29 09:55:14.136 I/bt_btm  ( 9994): btm_update_scanner_filter_policy
11-29 09:55:14.136 I/bt_btm  ( 9994): BTM_BleSetScanParams
11-29 09:55:14.136 I/bt_btm  ( 9994): BTM_BleObserve : scan_type:0, 8000, 800
11-29 09:55:14.136 W/bt_btif ( 9994): HAL bt_gatt_callbacks->client->scan_parameter_setup_completed_cb
11-29 09:55:14.168 I/bt_btm  ( 9994): adv:bda 6a:34:85:72:74:83 macth 0
11-29 09:55:14.169 I/bt_btm  ( 9994): adv:bda 6a:34:85:72:74:83 macth 0
11-29 09:55:14.169 I/bt_btm  ( 9994): BTM_InqDbRead: bd addr [6a3485727483]
11-29 09:55:14.169 W/bt_btif ( 9994): HAL bt_gatt_callbacks->client->scan_result_cb
11-29 09:55:14.172 E/BluConn (11122):  scanner deviceCore:  6A:34:85:72:74:83
11-29 09:55:14.175 E/BluConn (11122):  scanner deviceName:  null
11-29 09:55:14.183 I/bt_btm  ( 9994): adv:bda 66:c4:4e:9c:37:5 macth 0
11-29 09:55:14.183 I/bt_btm  ( 9994): adv:bda 66:c4:4e:9c:37:5 macth 0
11-29 09:55:14.183 I/bt_btm  ( 9994): BTM_InqDbRead: bd addr [66c44e9c3705]
11-29 09:55:14.183 W/bt_btif ( 9994): HAL bt_gatt_callbacks->client->scan_result_cb
11-29 09:55:14.184 E/BluConn (11122):  scanner deviceCore:  66:C4:4E:9C:37:05
11-29 09:55:14.186 E/BluConn (11122):  scanner deviceName:  null
11-29 09:55:14.195 I/bt_btm  ( 9994): adv:bda 80:ea:ca:0:0:3 macth 0
11-29 09:55:14.196 I/bt_btm  ( 9994): adv:bda 80:ea:ca:0:0:3 macth 0
11-29 09:55:14.196 I/bt_btm  ( 9994): BTM_InqDbRead: bd addr [80eaca000003]
11-29 09:55:14.196 W/bt_btif ( 9994): HAL bt_hal_cbacks->remote_device_properties_cb
11-29 09:55:14.196 I/BluetoothServiceJni( 9994): Callback env check : env: 0xe92069d0, callbackEnv: 0xe92069d0
11-29 09:55:14.197 I/SendBroadcastPermission( 9994): action:android.bluetooth.device.action.NAME_CHANGED, mPermissionType:0
11-29 09:55:14.198 I/SendBroadcastPermission( 9994): action:android.bluetooth.device.action.CLASS_CHANGED, mPermissionType:0
11-29 09:55:14.199 W/bt_btif ( 9994): HAL bt_gatt_callbacks->client->scan_result_cb
11-29 09:55:14.201 E/BluConn (11122):  scanner deviceCore:  80:EA:CA:00:00:03
11-29 09:55:14.204 E/BluConn (11122):  scanner deviceName:  00000w
11-29 09:55:14.206 E/BluConn (11122): find ble target: ScanResult{mDevice=80:EA:CA:00:00:03, mScanRecord=ScanRecord [mAdvertiseFlags=6, mServiceUuids=[5b9face6-f758-4c1c-81ce-31f4089d9716], mManufacturerSpecificData={}, mServiceData={}, mTxPowerLevel=-2147483648, mDeviceName=00000w], mRssi=-65, mTimestampNanos=74812592907509}
11-29 09:55:14.206 I/BluetoothDevice(11122): connectGatt
11-29 09:55:14.209 I/SendBroadcastPermission( 9994): action:android.bluetooth.GET_BLE_APP_NAME, mPermissionType:0
11-29 09:55:14.212 I/BtGatt.JNI( 9994): gattClientRegisterAppNative(L997): gattClientRegisterAppNative, register_client begin
11-29 09:55:14.212 I/BtGatt.JNI( 9994): gattClientRegisterAppNative(L1003): gattClientRegisterAppNative, register_client
11-29 09:55:14.212 I/BtGatt.JNI( 9994): gattClientRegisterAppNative(L1005): gattClientRegisterAppNative, register_client finish
11-29 09:55:14.212 I/bt_att  ( 9994): GATT_Register
11-29 09:55:14.212 I/bt_att  ( 9994): GATT_Register: allocated gatt_if=6
11-29 09:55:14.213 I/bt_att  ( 9994): GATT_StartIf gatt_if=6
11-29 09:55:14.213 W/bt_btif ( 9994): HAL bt_gatt_callbacks->client->register_client_cb
11-29 09:55:14.222 E/Bth     ( 9994): BtExceptionProcessor:deviceType unknown.
11-29 09:55:14.223 E/Thermal-daemon(  505): [ap] temp_new :37  temp_old :39
11-29 09:55:14.223 E/Thermal-daemon(  505): Report temperature: [ap] temp :37  report_threshold:1
11-29 09:55:14.230 I/bt_btif ( 9994): bt interface: [get_remote_device_property]
11-29 09:55:14.230 I/bt_btif ( 9994): execute storage remote request event : 6
11-29 09:55:14.230 W/bt_btif ( 9994): HAL bt_hal_cbacks->remote_device_properties_cb
11-29 09:55:14.230 I/BluetoothServiceJni( 9994): Callback env check : env: 0xe92069d0, callbackEnv: 0xe92069d0
11-29 09:55:14.231 I/bt_btm  ( 9994): BTM_InqDbRead: bd addr [80eaca000003]
11-29 09:55:14.231 I/bt_att  ( 9994): GATT_Connect gatt_if=6
11-29 09:55:14.231 I/bt_btm  ( 9994): BTM_InqDbRead: bd addr [80eaca000003]
11-29 09:55:14.231 E/bt_l2cap( 9994): BLE connect is NOT magiclink
11-29 09:55:14.231 I/bt_att  ( 9994): GATT_GetConnIdIfConnected status=0
11-29 09:55:14.252 I/native_eup(10668): Java_com_tencent_feedback_eup_jni_NativeExceptionUpload_registNativeExceptionHandler2 start
11-29 09:55:14.252 I/native_eup(10668): JARJNIVERSION:1
11-29 09:55:14.252 I/native_eup(10668): found native exception upload!
11-29 09:55:14.252 I/native_eup(10668): found native exception handler!
11-29 09:55:14.252 I/native_eup(10668): regist handler start procType 1 , level 5 , tombDir:/data/user/0/com.tencent.mobileqq/app_tombs
11-29 09:55:14.252 I/native_eup(10668): registSignal start
11-29 09:55:14.252 I/native_eup(10668): registSignal end
11-29 09:55:14.252 I/native_eup(10668): regist handler end
11-29 09:55:14.252 I/native_eup(10668): Java_com_tencent_feedback_eup_jni_NativeExceptionUpload_registNativeExceptionHandler end
11-29 09:55:14.252 I/native_eup(10668): NativeRQDVersion:testbuildnum
11-29 09:55:14.252 I/native_eup(10668): Java_com_tencent_feedback_eup_jni_NativeExceptionUpload_registNativeExceptionHandler2 start
11-29 09:55:14.252 I/native_eup(10668): JARJNIVERSION:0
11-29 09:55:14.252 I/native_eup(10668): found native exception upload!
11-29 09:55:14.252 I/native_eup(10668): found native exception handler!
11-29 09:55:14.252 I/native_eup(10668): regist handler start procType 1 , level 24 , tombDir:/data/user/0/com.tencent.mobileqq/app_tombs
11-29 09:55:14.252 I/native_eup(10668): registSignal start
11-29 09:55:14.252 I/native_eup(10668): registSignal end
11-29 09:55:14.252 I/native_eup(10668): regist handler end
11-29 09:55:14.252 I/native_eup(10668): Java_com_tencent_feedback_eup_jni_NativeExceptionUpload_registNativeExceptionHandler end
11-29 09:55:14.252 I/native_eup(10668): NativeRQDVersion:testbuildnum
11-29 09:55:16.218 I/bt_btm  ( 9994): adv:bda 0:20:60:40:20:10 macth 0
11-29 09:55:16.257 I/bt_btm  ( 9994): adv:bda 52:96:f3:fa:c1:4d macth 0
11-29 09:55:16.268 I/bt_btm  ( 9994): adv:bda 4e:d0:d1:16:f1:f5 macth 0
11-29 09:55:16.269 I/bt_btm  ( 9994): adv:bda 4e:d0:d1:16:f1:f5 macth 0
11-29 09:55:16.269 I/bt_btm  ( 9994): BTM_InqDbRead: bd addr [4ed0d116f1f5]
11-29 09:55:16.269 W/bt_btif ( 9994): HAL bt_gatt_callbacks->client->scan_result_cb
11-29 09:55:16.279 I/bt_btm  ( 9994): btm_ble_connected
11-29 09:55:16.279 I/bt_btm  ( 9994): Security Manager: btm_ble_connected :  handle:64  enc_mode:0  bda:ca000003 RName:
11-29 09:55:16.279 I/bt_btm  ( 9994): btm_acl_created hci_handle=64 link_role=0  transport=2
11-29 09:55:16.294 I/bt_btm  ( 9994): adv:bda 51:71:e1:b3:b8:9 macth 0
11-29 09:55:16.294 I/bt_btm  ( 9994): adv:bda 51:71:e1:b3:b8:9 macth 0
11-29 09:55:16.294 I/bt_btm  ( 9994): BTM_InqDbRead: bd addr [5171e1b3b809]
11-29 09:55:16.294 W/bt_btif ( 9994): HAL bt_gatt_callbacks->client->scan_result_cb
11-29 09:55:16.297 E/BluConn (11122):  scanner deviceCore:  51:71:E1:B3:B8:09
11-29 09:55:16.302 E/BluConn (11122):  scanner deviceName:  null
11-29 09:55:16.306 I/bt_btm  ( 9994): adv:bda 79:c8:ab:94:a2:ae macth 0
11-29 09:55:16.306 I/bt_btm  ( 9994): adv:bda 79:c8:ab:94:a2:ae macth 0
11-29 09:55:16.306 I/bt_btm  ( 9994): BTM_InqDbRead: bd addr [79c8ab94a2ae]
11-29 09:55:16.306 W/bt_btif ( 9994): HAL bt_gatt_callbacks->client->scan_result_cb
11-29 09:55:16.310 E/BluConn (11122):  scanner deviceCore:  79:C8:AB:94:A2:AE
11-29 09:55:16.317 E/BluConn (11122):  scanner deviceName:  null
11-29 09:55:16.341 I/bt_btm  ( 9994): adv:bda 59:a:a7:a:c6:c macth 0
11-29 09:55:16.341 I/bt_btm  ( 9994): adv:bda 59:a:a7:a:c6:c macth 0
11-29 09:55:16.341 I/bt_btm  ( 9994): BTM_InqDbRead: bd addr [590aa70ac60c]
11-29 09:55:16.341 W/bt_btif ( 9994): HAL bt_gatt_callbacks->client->scan_result_cb
11-29 09:55:16.343 E/BluConn (11122):  scanner deviceCore:  59:0A:A7:0A:C6:0C
11-29 09:55:16.346 E/BluConn (11122):  scanner deviceName:  null
11-29 09:55:16.350 I/bt_btm  ( 9994): btm_ble_read_remote_features_complete 
11-29 09:55:16.360 I/bt_btm  ( 9994): adv:bda 66:c4:4e:9c:37:5 macth 0
11-29 09:55:16.361 I/bt_btm  ( 9994): adv:bda 66:c4:4e:9c:37:5 macth 0
11-29 09:55:16.361 I/bt_btm  ( 9994): BTM_InqDbRead: bd addr [66c44e9c3705]
11-29 09:55:16.361 W/bt_btif ( 9994): HAL bt_gatt_callbacks->client->scan_result_cb
11-29 09:55:16.362 E/BluConn (11122):  scanner deviceCore:  66:C4:4E:9C:37:05
11-29 09:55:16.363 I/bt_btm  ( 9994): adv:bda 6a:34:85:72:74:83 macth 0
11-29 09:55:16.364 I/bt_btm  ( 9994): adv:bda 6a:34:85:72:74:83 macth 0
11-29 09:55:16.364 I/bt_btm  ( 9994): BTM_InqDbRead: bd addr [6a3485727483]
11-29 09:55:16.364 W/bt_btif ( 9994): HAL bt_gatt_callbacks->client->scan_result_cb
11-29 09:55:16.365 E/BluConn (11122):  scanner deviceName:  null
11-29 09:55:16.368 E/BluConn (11122):  scanner deviceCore:  6A:34:85:72:74:83
11-29 09:55:16.370 E/BluConn (11122):  scanner deviceName:  null
11-29 09:55:16.457 I/bt_btm  ( 9994): adv:bda 48:44:25:39:10:a2 macth 0
11-29 09:55:16.457 I/bt_btm  ( 9994): adv:bda 48:44:25:39:10:a2 macth 0
11-29 09:55:16.457 I/bt_btm  ( 9994): BTM_InqDbRead: bd addr [4844253910a2]
11-29 09:55:16.457 W/bt_btif ( 9994): HAL bt_gatt_callbacks->client->scan_result_cb
11-29 09:55:16.459 E/BluConn (11122):  scanner deviceCore:  48:44:25:39:10:A2
11-29 09:55:16.465 E/BluConn (11122):  scanner deviceName:  null
11-29 09:55:16.488 I/bt_btm  ( 9994): adv:bda 54:40:43:18:7d:61 macth 0
11-29 09:55:16.523 I/bt_btm  ( 9994): adv:bda 59:a:a7:a:c6:c macth 0
11-29 09:55:16.523 I/bt_btm  ( 9994): adv:bda 59:a:a7:a:c6:c macth 0
11-29 09:55:16.523 I/bt_btm  ( 9994): BTM_InqDbRead: bd addr [590aa70ac60c]
11-29 09:55:16.524 W/bt_btif ( 9994): HAL bt_gatt_callbacks->client->scan_result_cb
11-29 09:55:16.525 E/BluConn (11122):  scanner deviceCore:  59:0A:A7:0A:C6:0C
11-29 09:55:16.528 E/BluConn (11122):  scanner deviceName:  null
11-29 09:55:16.538 I/bt_btm  ( 9994): adv:bda 4e:d0:d1:16:f1:f5 macth 0
11-29 09:55:16.538 I/bt_btm  ( 9994): adv:bda 4e:d0:d1:16:f1:f5 macth 0
11-29 09:55:16.538 I/bt_btm  ( 9994): BTM_InqDbRead: bd addr [4ed0d116f1f5]
11-29 09:55:16.539 W/bt_btif ( 9994): HAL bt_gatt_callbacks->client->scan_result_cb
11-29 09:55:16.545 W/bt_btm  ( 9994): BTM_BLI_ACL_UP_EVT
11-29 09:55:16.545 W/bt_btif ( 9994): bta_dm_bl_change_cback:  p_msg->busy_level: 1, p_msg->busy_level_flags:0
11-29 09:55:16.545 I/bt_att  ( 9994): gatt_connect_cback: from 80eaca000003 connected:1 conn_id=1 reason = 0x0000
11-29 09:55:16.545 I/bt_att  ( 9994): GATT_SetIdleTimeout idle_tout=65535 status=1(1-OK 0-not performed)
11-29 09:55:16.545 I/bt_smp  ( 9994): SMDBG l2c smp_connect_callback
11-29 09:55:16.545 I/bt_smp  ( 9994): smp_br_connect_callback
11-29 09:55:16.545 W/bt_smp  ( 9994): smp_br_connect_callback is called on unexpected transport 2
11-29 09:55:16.545 I/bt_btm  ( 9994): btm_read_remote_version_complete: BDA: 80-ea-ca-00-00-03
11-29 09:55:16.545 I/bt_btm  ( 9994): btm_read_remote_version_complete lmp_version 6 manufacturer 96 lmp_subversion 1798
11-29 09:55:16.545 W/bt_btif ( 9994): bta_dm_acl_change info: 0x0
11-29 09:55:16.545 I/bt_btif ( 9994): btif_dm_upstreams_cback  ev: BTA_DM_LINK_UP_EVT
11-29 09:55:16.545 I/bt_btm  ( 9994): BTM_InqDbRead: bd addr [80eaca000003]
11-29 09:55:16.545 E/bt_btif ( 9994): bta_gattc_cache_load: can't open GATT cache file /data/misc/bluetooth/gatt_cache_80eaca000003 for reading, error: Permission denied
11-29 09:55:16.545 I/bt_att  ( 9994): GATTC_Discover conn_id=6 disc_type=1
11-29 09:55:16.546 W/bt_btif ( 9994): HAL bt_hal_cbacks->acl_state_changed_cb
11-29 09:55:16.546 I/BluetoothServiceJni( 9994): Callback env check : env: 0xe92069d0, callbackEnv: 0xe92069d0
11-29 09:55:16.549 E/BluConn (11122):  scanner deviceCore:  4E:D0:D1:16:F1:F5
11-29 09:55:16.552 E/BluConn (11122):  scanner deviceName:  null
11-29 09:55:16.552 I/SendBroadcastPermission( 9994): action:android.bluetooth.device.action.ACL_CONNECTED, mPermissionType:0
11-29 09:55:16.553 I/bt_btif ( 9994): btif_dm_upstreams_cback  ev: BTA_DM_BUSY_LEVEL_EVT
11-29 09:55:16.553 W/bt_btif ( 9994): HAL bt_gatt_callbacks->client->open_cb
11-29 09:55:16.554 I/bt_btm  ( 9994): adv:bda 6a:34:85:72:74:83 macth 0
11-29 09:55:16.554 I/bt_btm  ( 9994): adv:bda 6a:34:85:72:74:83 macth 0
11-29 09:55:16.554 I/bt_btm  ( 9994): BTM_InqDbRead: bd addr [6a3485727483]
11-29 09:55:16.555 E/BluetoothService(11122):  onConnectionStateChange
11-29 09:55:16.555 E/BluetoothService(11122): STATE_CONNECTED:80:EA:CA:00:00:03
11-29 09:55:16.557 E/BluConn (11122): onSuccessConnect.................
11-29 09:55:16.559 E/iConnect(10042): ConnectService:cannot get cachedDevice,return
11-29 09:55:16.562 E/Bth     ( 9994): BtExceptionProcessor:deviceType unknown.
11-29 09:55:16.570 I/bt_btif ( 9994): bt interface: [get_remote_device_property]
11-29 09:55:16.570 I/SendBroadcastPermission( 9994): action:com.android.bluetooth.gatt.ACTION_ON_CONNECT, mPermissionType:0
11-29 09:55:16.573 W/bt_btif ( 9994): HAL bt_gatt_callbacks->client->scan_result_cb
11-29 09:55:16.573 I/bt_btif ( 9994): execute storage remote request event : 6
11-29 09:55:16.573 W/bt_btif ( 9994): HAL bt_hal_cbacks->remote_device_properties_cb
11-29 09:55:16.573 I/BluetoothServiceJni( 9994): Callback env check : env: 0xe92069d0, callbackEnv: 0xe92069d0
11-29 09:55:16.573 E/BluConn (11122):  scanner deviceCore:  6A:34:85:72:74:83
11-29 09:55:16.576 E/BluConn (11122):  scanner deviceName:  null
11-29 09:55:16.886 E/bt_btif ( 9994): <================Start Explore Queue =============>
11-29 09:55:16.886 E/bt_btif ( 9994): 	 rec[1] uuid[0x1800] s_handle[1] e_handle[9] is_primary[1]
11-29 09:55:16.886 E/bt_btif ( 9994): 	 rec[2] uuid[0x1801] s_handle[12] e_handle[15] is_primary[1]
11-29 09:55:16.886 E/bt_btif ( 9994): 	 rec[3] uuid[0x9716] s_handle[16] e_handle[34] is_primary[1]
11-29 09:55:16.886 E/bt_btif ( 9994): <================ End Explore Queue =============>
11-29 09:55:16.886 E/bt_btif ( 9994):  
11-29 09:55:16.886 I/bt_att  ( 9994): GATTC_Discover conn_id=6 disc_type=3
11-29 09:55:16.893 I/NetworkSpeedManagerEx( 1627): mIsStop = false
11-29 09:55:16.896 I/NetworkSpeedManagerEx( 1627): value=2264.0speed = 2.2K/s
11-29 09:55:16.896 I/NetworkSpeedView( 1627): /update(), speed=2.2K/s parent class:class com.android.systemui.statusbar.HwSystemIcons
11-29 09:55:16.925 I/NetworkSpeedManagerEx( 1627): mIsStop = false
11-29 09:55:16.928 I/NetworkSpeedManagerEx( 1627): value=2604.3333speed = 2.5K/s
11-29 09:55:16.929 I/NetworkSpeedView( 1627): /update(), speed=2.5K/s parent class:class com.android.systemui.statusbar.HwSystemIcons
11-29 09:55:16.986 W/HwSystemManager( 8357): AdBlockResultHandle:handleAdApkDownload adBlock is null
11-29 09:55:16.986 I/bt_att  ( 9994): GATTC_Discover conn_id=6 disc_type=4
11-29 09:55:17.031 E/bt_btif ( 9994): <================Start Explore Queue =============>
11-29 09:55:17.031 E/bt_btif ( 9994): 	 rec[1] uuid[0x1800] s_handle[1] e_handle[9] is_primary[1]
11-29 09:55:17.031 E/bt_btif ( 9994): 	 rec[2] uuid[0x1801] s_handle[12] e_handle[15] is_primary[1]
11-29 09:55:17.031 E/bt_btif ( 9994): 	 rec[3] uuid[0x9716] s_handle[16] e_handle[34] is_primary[1]
11-29 09:55:17.031 E/bt_btif ( 9994): 	 rec[4] uuid[0x2a00] s_handle[3] e_handle[3] is_primary[0]
11-29 09:55:17.031 E/bt_btif ( 9994): 	 rec[5] uuid[0x2a01] s_handle[5] e_handle[5] is_primary[103]
11-29 09:55:17.031 E/bt_btif ( 9994): 	 rec[6] uuid[0x2a02] s_handle[7] e_handle[7] is_primary[0]
11-29 09:55:17.031 E/bt_btif ( 9994): 	 rec[7] uuid[0x2a04] s_handle[9] e_handle[9] is_primary[0]
11-29 09:55:17.032 E/bt_btif ( 9994): <================ End Explore Queue =============>
11-29 09:55:17.032 E/bt_btif ( 9994):  
11-29 09:55:17.032 E/bt_btif ( 9994): all char has been explored
11-29 09:55:17.032 I/bt_att  ( 9994): GATTC_Discover conn_id=6 disc_type=3
11-29 09:55:17.046 I/bt_att  ( 9994): GATTC_Discover conn_id=6 disc_type=4
11-29 09:55:17.076 E/bt_btif ( 9994): <================Start Explore Queue =============>
11-29 09:55:17.076 E/bt_btif ( 9994): 	 rec[1] uuid[0x1800] s_handle[1] e_handle[9] is_primary[1]
11-29 09:55:17.076 E/bt_btif ( 9994): 	 rec[2] uuid[0x1801] s_handle[12] e_handle[15] is_primary[1]
11-29 09:55:17.076 E/bt_btif ( 9994): 	 rec[3] uuid[0x9716] s_handle[16] e_handle[34] is_primary[1]
11-29 09:55:17.076 E/bt_btif ( 9994): 	 rec[4] uuid[0x2a05] s_handle[14] e_handle[15] is_primary[0]
11-29 09:55:17.076 E/bt_btif ( 9994): <================ End Explore Queue =============>
11-29 09:55:17.076 E/bt_btif ( 9994):  
11-29 09:55:17.076 I/bt_att  ( 9994): GATTC_Discover conn_id=6 disc_type=5
11-29 09:55:17.087 I/HwMobileSignalController( 1627): subId:0 phoneType:1 networktype:13 targetClass:3 masterLevel:5 slaveLevel:-1
11-29 09:55:17.091 E/bt_btif ( 9994): all char has been explored
11-29 09:55:17.091 I/bt_att  ( 9994): GATTC_Discover conn_id=6 disc_type=3
11-29 09:55:17.106 I/bt_att  ( 9994): GATTC_Discover conn_id=6 disc_type=4
11-29 09:55:17.211 E/bt_btif ( 9994): <================Start Explore Queue =============>
11-29 09:55:17.211 E/bt_btif ( 9994): 	 rec[1] uuid[0x1800] s_handle[1] e_handle[9] is_primary[1]
11-29 09:55:17.211 E/bt_btif ( 9994): 	 rec[2] uuid[0x1801] s_handle[12] e_handle[15] is_primary[1]
11-29 09:55:17.211 E/bt_btif ( 9994): 	 rec[3] uuid[0x9716] s_handle[16] e_handle[34] is_primary[1]
11-29 09:55:17.211 E/bt_btif ( 9994): 	 rec[4] uuid[0x998c] s_handle[18] e_handle[19] is_primary[0]
11-29 09:55:17.211 E/bt_btif ( 9994): 	 rec[5] uuid[0xef26] s_handle[21] e_handle[22] is_primary[103]
11-29 09:55:17.211 E/bt_btif ( 9994): 	 rec[6] uuid[0xb183] s_handle[24] e_handle[25] is_primary[0]
11-29 09:55:17.211 E/bt_btif ( 9994): 	 rec[7] uuid[0xc4de] s_handle[27] e_handle[28] is_primary[0]
11-29 09:55:17.211 E/bt_btif ( 9994): 	 rec[8] uuid[0x0393] s_handle[30] e_handle[31] is_primary[0]
11-29 09:55:17.211 E/bt_btif ( 9994): 	 rec[9] uuid[0xd1a8] s_handle[33] e_handle[34] is_primary[0]
11-29 09:55:17.211 E/bt_btif ( 9994): <================ End Explore Queue =============>
11-29 09:55:17.211 E/bt_btif ( 9994):  
11-29 09:55:17.211 I/bt_att  ( 9994): GATTC_Discover conn_id=6 disc_type=5
11-29 09:55:17.226 I/bt_att  ( 9994): GATTC_Discover conn_id=6 disc_type=5
11-29 09:55:17.238 W/PhoneInterfaceManager( 1749): shouldBlockLocation running ...
11-29 09:55:17.239 I/PhoneInterfaceManager( 1749): shouldBlockLocation  ret:false
11-29 09:55:17.242 I/bt_att  ( 9994): GATTC_Discover conn_id=6 disc_type=5
11-29 09:55:17.256 I/bt_att  ( 9994): GATTC_Discover conn_id=6 disc_type=5
11-29 09:55:17.271 I/bt_att  ( 9994): GATTC_Discover conn_id=6 disc_type=5
11-29 09:55:17.286 I/bt_att  ( 9994): GATTC_Discover conn_id=6 disc_type=5
11-29 09:55:17.301 E/bt_btif ( 9994): all char has been explored
11-29 09:55:17.301 W/bt_bta_gattc( 9994): bta_gattc_explore_srvc no more services found
11-29 09:55:17.301 E/bt_btif ( 9994): <================Start Server Cache =============>
11-29 09:55:17.301 E/bt_btif ( 9994): Service: handle[1 ~ 9] uuid16[0x1800] inst[1]
11-29 09:55:17.301 E/bt_btif ( 9994): 	 Attr handle[3] uuid[0x2a00] prop[0x2]
11-29 09:55:17.301 E/bt_btif ( 9994): 	 Attr handle[5] uuid[0x2a01] prop[0x2]
11-29 09:55:17.301 E/bt_btif ( 9994): 	 Attr handle[7] uuid[0x2a02] prop[0xa]
11-29 09:55:17.301 E/bt_btif ( 9994): 	 Attr handle[9] uuid[0x2a04] prop[0x2]
11-29 09:55:17.301 E/bt_btif ( 9994): Service: handle[12 ~ 15] uuid16[0x1801] inst[12]
11-29 09:55:17.301 E/bt_btif ( 9994): 	 Attr handle[14] uuid[0x2a05] prop[0x20]
11-29 09:55:17.301 E/bt_btif ( 9994): Service: handle[16 ~ 34] uuid128[0x9716] inst[16]
11-29 09:55:17.301 E/bt_btif ( 9994): 	 Attr handle[18] uuid[0x998c] prop[0x8]
11-29 09:55:17.301 E/bt_btif ( 9994): 	 Attr handle[21] uuid[0xef26] prop[0x8]
11-29 09:55:17.301 E/bt_btif ( 9994): 	 Attr handle[24] uuid[0xb183] prop[0x8]
11-29 09:55:17.301 E/bt_btif ( 9994): 	 Attr handle[27] uuid[0xc4de] prop[0x2]
11-29 09:55:17.301 E/bt_btif ( 9994): 	 Attr handle[30] uuid[0x0393] prop[0x2]
11-29 09:55:17.301 E/bt_btif ( 9994): 	 Attr handle[33] uuid[0xd1a8] prop[0x8]
11-29 09:55:17.301 E/bt_btif ( 9994): <================End Server Cache =============>
11-29 09:55:17.301 E/bt_btif ( 9994):  
11-29 09:55:17.301 E/bt_btif_gattc( 9994): btif_gattc_upstreams_evt: Unhandled event (7)!
11-29 09:55:17.301 E/bt_btif_gattc( 9994): btif_gattc_upstreams_evt: Unhandled event (7)!
11-29 09:55:17.301 E/bt_btif_gattc( 9994): btif_gattc_upstreams_evt: Unhandled event (7)!
11-29 09:55:17.301 W/bt_btif ( 9994): HAL bt_gatt_callbacks->client->search_complete_cb
11-29 09:55:17.302 W/bt_btif ( 9994): HAL bt_gatt_callbacks->client->get_gatt_db_cb
11-29 09:55:17.306 E/BluetoothService(11122):  + gatt:android.bluetooth.BluetoothGatt@c09a55e
11-29 09:55:17.306 E/BluetoothService(11122): do test on service ===>
11-29 09:55:17.306 E/BluetoothService(11122):  write reqStart
11-29 09:55:17.326 W/bt_btif ( 9994): HAL bt_gatt_callbacks->client->write_characteristic_cb
11-29 09:55:17.326 E/BluetoothService(11122): OnCharacteristicWrite
11-29 09:55:17.326 E/BluetoothService(11122): writeData offset=0 size=10
11-29 09:55:17.326 E/BluetoothService(11122): data: 6D B1 96 A6 8E 33 39 58 10 8C
11-29 09:55:17.330 W/PhoneInterfaceManager( 1749): shouldBlockLocation running ...
11-29 09:55:17.342 I/PhoneInterfaceManager( 1749): shouldBlockLocation  ret:false
11-29 09:55:17.372 W/bt_btif ( 9994): HAL bt_gatt_callbacks->client->write_characteristic_cb
11-29 09:55:17.373 E/BluetoothService(11122): OnCharacteristicWrite
11-29 09:55:17.373 E/BluetoothService(11122): writeData offset=10 size=10
11-29 09:55:17.373 E/BluetoothService(11122): data: 38 CD 0E 50 41 73 0B EC 47 D3
11-29 09:55:17.382 I/native_eup(10685): Java_com_tencent_feedback_eup_jni_NativeExceptionUpload_registNativeExceptionHandler2 start
11-29 09:55:17.382 I/native_eup(10685): JARJNIVERSION:1
11-29 09:55:17.382 I/native_eup(10685): found native exception upload!
11-29 09:55:17.382 I/native_eup(10685): found native exception handler!
11-29 09:55:17.382 I/native_eup(10685): regist handler start procType 1 , level 5 , tombDir:/data/user/0/com.tencent.mobileqq/app_tombs
11-29 09:55:17.382 I/native_eup(10685): registSignal start
11-29 09:55:17.382 I/native_eup(10685): registSignal end
11-29 09:55:17.382 I/native_eup(10685): regist handler end
11-29 09:55:17.382 I/native_eup(10685): Java_com_tencent_feedback_eup_jni_NativeExceptionUpload_registNativeExceptionHandler end
11-29 09:55:17.382 I/native_eup(10685): NativeRQDVersion:testbuildnum
11-29 09:55:17.382 I/native_eup(10685): Java_com_tencent_feedback_eup_jni_NativeExceptionUpload_registNativeExceptionHandler2 start
11-29 09:55:17.382 I/native_eup(10685): JARJNIVERSION:0
11-29 09:55:17.382 I/native_eup(10685): found native exception upload!
11-29 09:55:17.382 I/native_eup(10685): found native exception handler!
11-29 09:55:17.382 I/native_eup(10685): regist handler start procType 1 , level 24 , tombDir:/data/user/0/com.tencent.mobileqq/app_tombs
11-29 09:55:17.382 I/native_eup(10685): registSignal start
11-29 09:55:17.382 I/native_eup(10685): registSignal end
11-29 09:55:17.382 I/native_eup(10685): regist handler end
11-29 09:55:17.382 I/native_eup(10685): Java_com_tencent_feedback_eup_jni_NativeExceptionUpload_registNativeExceptionHandler end
11-29 09:55:17.382 I/native_eup(10685): NativeRQDVersion:testbuildnum
11-29 09:55:17.469 W/bt_btif ( 9994): HAL bt_gatt_callbacks->client->write_characteristic_cb
11-29 09:55:17.470 E/BluetoothService(11122): OnCharacteristicWrite
11-29 09:55:17.470 E/BluetoothService(11122): writeData offset=20 size=10
11-29 09:55:17.470 E/BluetoothService(11122): data: A1 81 E0 95 69 57 02 A5 1E 43
11-29 09:55:17.616 W/bt_btif ( 9994): HAL bt_gatt_callbacks->client->write_characteristic_cb
11-29 09:55:17.617 E/BluetoothService(11122): OnCharacteristicWrite
11-29 09:55:17.617 E/BluetoothService(11122): writeData offset=30 size=10
11-29 09:55:17.617 E/BluetoothService(11122): data: 18 BC 39 44 66 A4 2C 20 B6 EE
11-29 09:55:17.713 W/bt_btif ( 9994): HAL bt_gatt_callbacks->client->write_characteristic_cb
11-29 09:55:17.714 E/BluetoothService(11122): OnCharacteristicWrite
11-29 09:55:17.714 E/BluetoothService(11122): writeData offset=40 size=10
11-29 09:55:17.714 E/BluetoothService(11122): data: F7 05 7C FF 8C D0 11 24 02 9B
11-29 09:55:17.811 W/bt_btif ( 9994): HAL bt_gatt_callbacks->client->write_characteristic_cb
11-29 09:55:17.814 E/BluetoothService(11122): OnCharacteristicWrite
11-29 09:55:17.814 E/BluetoothService(11122): writeData offset=50 size=10
11-29 09:55:17.814 E/BluetoothService(11122): data: 88 94 CF D7 14 B1 BB 2A 4C F2
11-29 09:55:17.909 W/bt_btif ( 9994): HAL bt_gatt_callbacks->client->write_characteristic_cb
11-29 09:55:17.912 E/BluetoothService(11122): OnCharacteristicWrite
11-29 09:55:17.912 E/BluetoothService(11122): writeData offset=60 size=10
11-29 09:55:17.912 E/BluetoothService(11122): data: 5C 83 72 CC 75 67 4E F2 05 37
11-29 09:55:18.008 W/bt_btif ( 9994): HAL bt_gatt_callbacks->client->write_characteristic_cb
11-29 09:55:18.011 E/BluetoothService(11122): OnCharacteristicWrite
11-29 09:55:18.011 E/BluetoothService(11122): writeData offset=70 size=10
11-29 09:55:18.011 E/BluetoothService(11122): data: B5 33 BB 80 16 28 6A 76 84 F6
11-29 09:55:18.103 W/bt_btif ( 9994): HAL bt_gatt_callbacks->client->write_characteristic_cb
11-29 09:55:18.104 E/BluetoothService(11122): OnCharacteristicWrite
11-29 09:55:18.104 E/BluetoothService(11122): writeData offset=80 size=10
11-29 09:55:18.104 E/BluetoothService(11122): data: B7 BA BD 1D E5 FC D9 11 31 57
