11-29 09:57:46.509 I/SendBroadcastPermission( 1047): action:android.intent.action.SIG_STR, mPermissionType:0
11-29 09:57:46.509 I/MQoS    ( 1047): onSignal: mSubId=1,currDataSubID=0
11-29 09:57:46.509 I/MQoS    ( 1047): received cell-signal:5
11-29 09:57:46.519 I/HwMobileSignalController( 1627): subId:1 phoneType:1 networktype:2 targetClass:1 masterLevel:5 slaveLevel:-1
11-29 09:57:47.197 I/NetworkSpeedManagerEx( 1627): mIsStop = false
11-29 09:57:47.202 I/NetworkSpeedManagerEx( 1627): value=0.0speed = 0K/s
11-29 09:57:47.202 I/NetworkSpeedView( 1627): /update(), speed=0K/s parent class:class com.android.systemui.statusbar.HwSystemIcons
11-29 09:57:47.232 I/NetworkSpeedManagerEx( 1627): mIsStop = false
11-29 09:57:47.237 I/NetworkSpeedManagerEx( 1627): value=0.0speed = 0K/s
11-29 09:57:47.238 I/NetworkSpeedView( 1627): /update(), speed=0K/s parent class:class com.android.systemui.statusbar.HwSystemIcons
11-29 09:57:47.935 W/PhoneInterfaceManager( 1749): shouldBlockLocation running ...
11-29 09:57:47.936 I/PhoneInterfaceManager( 1749): shouldBlockLocation  ret:false
11-29 09:57:49.325 E/Thermal-daemon(  505): [ap] temp_new :34  temp_old :35
11-29 09:57:49.326 E/Thermal-daemon(  505): Report temperature: [ap] temp :34  report_threshold:1
11-29 09:57:50.203 I/NetworkSpeedManagerEx( 1627): mIsStop = false
11-29 09:57:50.209 I/NetworkSpeedManagerEx( 1627): value=48.0speed = 48B/s
11-29 09:57:50.209 I/NetworkSpeedView( 1627): /update(), speed=48B/s parent class:class com.android.systemui.statusbar.HwSystemIcons
11-29 09:57:50.238 I/NetworkSpeedManagerEx( 1627): mIsStop = false
11-29 09:57:50.244 I/NetworkSpeedManagerEx( 1627): value=48.0speed = 48B/s
11-29 09:57:50.245 I/NetworkSpeedView( 1627): /update(), speed=48B/s parent class:class com.android.systemui.statusbar.HwSystemIcons
11-29 09:57:50.432 I/SendBroadcastPermission( 1047): action:android.intent.action.SIG_STR, mPermissionType:0
11-29 09:57:50.432 I/MQoS    ( 1047): onSignal: mSubId=0,currDataSubID=0
11-29 09:57:50.433 I/MQoS    ( 1047): received cell-signal:5
11-29 09:57:50.447 I/HwMobileSignalController( 1627): subId:0 phoneType:1 networktype:13 targetClass:3 masterLevel:4 slaveLevel:-1
11-29 09:57:50.888 I/MQoS    ( 1047): MSG_QUERY_TCP_INFO called,count:451
11-29 09:57:50.888 I/WifiProJNI( 1047): ######### CMD_QUERY_PKTS ########
11-29 09:57:50.890 I/QosMonitor( 1047): postEventFromNative: msg=100,arg1=0,arg2=9
11-29 09:57:50.890 W/WifiProJNI( 1047): poll before: g_monitor_fd =255
11-29 09:57:50.890 I/MQoS    ( 1047): rtt=96,tcp_tx_pkts=372012,tcp_rx_pkts=538022
11-29 09:57:50.898 I/TrafficMonitor( 1047): getStatic,count:0,work status:false
11-29 09:57:50.898 I/MQoS    ( 1047): QOS_level:5(5),use RAT:4G;signalLvl:5
11-29 09:57:51.261 E/hwintelligencewifi( 1047): onCellLocationChanged
11-29 09:57:51.265 W/PhoneInterfaceManager( 1749): shouldBlockLocation running ...
11-29 09:57:51.266 I/PhoneInterfaceManager( 1749): shouldBlockLocation  ret:false
11-29 09:57:51.271 E/hwintelligencewifi( 1047): getCurrentCellid type type = PHONE_TYPE_GSM
11-29 09:57:51.271 E/hwintelligencewifi( 1047): getCurrentCellid type is PHONE_TYPE_GSM
11-29 09:57:51.273 E/hwintelligencewifi( 1047): getCurrentCellid PHONE_TYPE_GSM cellidString = 4600026418189
11-29 09:57:51.273 E/hwintelligencewifi( 1047): DisabledState cellid = 4600026418189
11-29 09:57:51.273 E/hwintelligencewifi( 1047): isMonitorCellId mInfos.size() = 17
11-29 09:57:51.273 E/hwintelligencewifi( 1047): stopScanAp mIsScaning = false
11-29 09:57:51.280 W/PhoneInterfaceManager( 1749): shouldBlockLocation running ...
11-29 09:57:51.280 I/PhoneInterfaceManager( 1749): shouldBlockLocation  ret:false
11-29 09:57:51.288 W/PhoneInterfaceManager( 1749): shouldBlockLocation running ...
11-29 09:57:51.288 I/PhoneInterfaceManager( 1749): shouldBlockLocation  ret:false
11-29 09:57:52.446 E/hwintelligencewifi( 1047): onCellLocationChanged
11-29 09:57:52.451 W/PhoneInterfaceManager( 1749): shouldBlockLocation running ...
11-29 09:57:52.451 I/PhoneInterfaceManager( 1749): shouldBlockLocation  ret:false
11-29 09:57:52.456 E/hwintelligencewifi( 1047): getCurrentCellid type type = PHONE_TYPE_GSM
11-29 09:57:52.456 E/hwintelligencewifi( 1047): getCurrentCellid type is PHONE_TYPE_GSM
11-29 09:57:52.458 E/hwintelligencewifi( 1047): getCurrentCellid PHONE_TYPE_GSM cellidString = 4600026418187
11-29 09:57:52.458 E/hwintelligencewifi( 1047): DisabledState cellid = 4600026418187
11-29 09:57:52.458 E/hwintelligencewifi( 1047): isMonitorCellId mInfos.size() = 17
11-29 09:57:52.458 E/hwintelligencewifi( 1047): stopScanAp mIsScaning = false
11-29 09:57:52.464 W/PhoneInterfaceManager( 1749): shouldBlockLocation running ...
11-29 09:57:52.464 I/PhoneInterfaceManager( 1749): shouldBlockLocation  ret:false
11-29 09:57:52.472 W/PhoneInterfaceManager( 1749): shouldBlockLocation running ...
11-29 09:57:52.472 I/PhoneInterfaceManager( 1749): shouldBlockLocation  ret:false
11-29 09:57:52.507 I/SendBroadcastPermission( 1047): action:android.intent.action.SIG_STR, mPermissionType:0
11-29 09:57:52.507 I/MQoS    ( 1047): onSignal: mSubId=1,currDataSubID=0
11-29 09:57:52.507 I/MQoS    ( 1047): received cell-signal:5
11-29 09:57:52.513 I/HwMobileSignalController( 1627): subId:1 phoneType:1 networktype:2 targetClass:1 masterLevel:5 slaveLevel:-1
11-29 09:57:52.965 W/PhoneInterfaceManager( 1749): shouldBlockLocation running ...
11-29 09:57:52.965 I/PhoneInterfaceManager( 1749): shouldBlockLocation  ret:false
11-29 09:57:53.060 W/AlarmManager( 1047): mIsScreenOn is: true, WAKEUP alarm trigger action = action_alarm_repeat_keep_port package name is: com.meigsmart.meigapp
11-29 09:57:53.210 I/NetworkSpeedManagerEx( 1627): mIsStop = false
11-29 09:57:53.213 I/NetworkSpeedManagerEx( 1627): value=13.333333speed = 13B/s
11-29 09:57:53.213 I/NetworkSpeedView( 1627): /update(), speed=13B/s parent class:class com.android.systemui.statusbar.HwSystemIcons
11-29 09:57:53.245 I/NetworkSpeedManagerEx( 1627): mIsStop = false
11-29 09:57:53.250 I/NetworkSpeedManagerEx( 1627): value=13.333333speed = 13B/s
11-29 09:57:53.250 I/NetworkSpeedView( 1627): /update(), speed=13B/s parent class:class com.android.systemui.statusbar.HwSystemIcons
11-29 09:57:56.213 I/NetworkSpeedManagerEx( 1627): mIsStop = false
11-29 09:57:56.216 I/NetworkSpeedManagerEx( 1627): value=82.666664speed = 83B/s
11-29 09:57:56.217 I/NetworkSpeedView( 1627): /update(), speed=83B/s parent class:class com.android.systemui.statusbar.HwSystemIcons
11-29 09:57:56.251 I/NetworkSpeedManagerEx( 1627): mIsStop = false
11-29 09:57:56.253 I/NetworkSpeedManagerEx( 1627): value=82.666664speed = 83B/s
11-29 09:57:56.254 I/NetworkSpeedView( 1627): /update(), speed=83B/s parent class:class com.android.systemui.statusbar.HwSystemIcons
11-29 09:57:56.433 I/SendBroadcastPermission( 1047): action:android.intent.action.SIG_STR, mPermissionType:0
11-29 09:57:56.434 I/MQoS    ( 1047): onSignal: mSubId=0,currDataSubID=0
11-29 09:57:56.434 I/MQoS    ( 1047): received cell-signal:5
11-29 09:57:56.451 I/HwMobileSignalController( 1627): subId:0 phoneType:1 networktype:13 targetClass:3 masterLevel:5 slaveLevel:-1
11-29 09:57:57.494 I/SendBroadcastPermission( 1047): action:android.intent.action.SIG_STR, mPermissionType:0
11-29 09:57:57.495 I/MQoS    ( 1047): onSignal: mSubId=0,currDataSubID=0
11-29 09:57:57.495 I/MQoS    ( 1047): received cell-signal:5
11-29 09:57:57.509 I/HwMobileSignalController( 1627): subId:0 phoneType:1 networktype:13 targetClass:3 masterLevel:5 slaveLevel:-1
11-29 09:57:57.972 W/PhoneInterfaceManager( 1749): shouldBlockLocation running ...
11-29 09:57:57.973 I/PhoneInterfaceManager( 1749): shouldBlockLocation  ret:false
11-29 09:57:58.290 I/SendBroadcastPermission( 1047): action:android.intent.action.SIG_STR, mPermissionType:0
11-29 09:57:58.291 I/MQoS    ( 1047): onSignal: mSubId=0,currDataSubID=0
11-29 09:57:58.291 I/MQoS    ( 1047): received cell-signal:5
11-29 09:57:58.306 I/HwMobileSignalController( 1627): subId:0 phoneType:1 networktype:13 targetClass:3 masterLevel:5 slaveLevel:-1
11-29 09:57:58.511 I/SendBroadcastPermission( 1047): action:android.intent.action.SIG_STR, mPermissionType:0
11-29 09:57:58.512 I/MQoS    ( 1047): onSignal: mSubId=1,currDataSubID=0
11-29 09:57:58.512 I/MQoS    ( 1047): received cell-signal:5
11-29 09:57:58.519 I/HwMobileSignalController( 1627): subId:1 phoneType:1 networktype:2 targetClass:1 masterLevel:5 slaveLevel:-1
11-29 09:57:59.217 I/NetworkSpeedManagerEx( 1627): mIsStop = false
11-29 09:57:59.222 I/NetworkSpeedManagerEx( 1627): value=69.333336speed = 69B/s
11-29 09:57:59.222 I/NetworkSpeedView( 1627): /update(), speed=69B/s parent class:class com.android.systemui.statusbar.HwSystemIcons
11-29 09:57:59.254 I/NetworkSpeedManagerEx( 1627): mIsStop = false
11-29 09:57:59.260 I/NetworkSpeedManagerEx( 1627): value=69.333336speed = 69B/s
11-29 09:57:59.260 I/NetworkSpeedView( 1627): /update(), speed=69B/s parent class:class com.android.systemui.statusbar.HwSystemIcons
11-29 09:58:00.015 W/HwKeyguardDragHelper( 1627): AnimationBlocked
11-29 09:58:00.024 I/EventCenter( 1627): EventCenter Get :android.intent.action.TIME_TICK
11-29 09:58:00.029 W/HwKeyguardDragHelper( 1627): AnimationBlocked
11-29 09:58:00.038 W/ResourceType( 1627): Failure getting entry for 0xffffffff (t=254 e=65535) (error -2147483647)
11-29 09:58:00.038 E/DateLunarView( 1627): mDateString is: 11月29日星期三
11-29 09:58:00.047 W/ResourceType( 1627): Failure getting entry for 0xffffffff (t=254 e=65535) (error -2147483647)
11-29 09:58:00.047 I/ClockHelper( 1627): no solar holiday!
11-29 09:58:00.047 I/ClockHelper( 1627): holidayStr = 
11-29 09:58:00.055 I/HwLauncher( 2983): Model  onReceive intent=Intent { act=android.intent.action.TIME_TICK flg=0x50000014 (has extras) }
11-29 09:58:00.055 I/HwLauncher( 2983): Model  onReceive user=UserHandle{0}
11-29 09:58:00.073 E/Process ( 1047): isHighLoadProcess: get cpu failed
11-29 09:58:00.082 E/Process ( 1047): isHighLoadProcess: get cpu failed
11-29 09:58:00.089 E/Process ( 1047): isHighLoadProcess: get cpu failed
11-29 09:58:00.107 E/Process ( 1047): isHighLoadProcess: get cpu failed
11-29 09:58:00.112 E/Process ( 1047): isHighLoadProcess: get cpu failed
11-29 09:58:00.114 E/Process ( 1047): isHighLoadProcess: get cpu failed
11-29 09:58:00.757 I/SendBroadcastPermission( 1047): action:android.intent.action.SIG_STR, mPermissionType:0
11-29 09:58:00.757 I/MQoS    ( 1047): onSignal: mSubId=0,currDataSubID=0
11-29 09:58:00.757 I/MQoS    ( 1047): received cell-signal:5
11-29 09:58:00.773 I/HwMobileSignalController( 1627): subId:0 phoneType:1 networktype:13 targetClass:3 masterLevel:5 slaveLevel:-1
11-29 09:58:00.898 I/MQoS    ( 1047): MSG_QUERY_TCP_INFO called,count:452
11-29 09:58:00.898 I/WifiProJNI( 1047): ######### CMD_QUERY_PKTS ########
11-29 09:58:00.899 I/QosMonitor( 1047): postEventFromNative: msg=100,arg1=0,arg2=9
11-29 09:58:00.899 W/WifiProJNI( 1047): poll before: g_monitor_fd =255
11-29 09:58:00.899 I/MQoS    ( 1047): rtt=96,tcp_tx_pkts=372012,tcp_rx_pkts=538022
11-29 09:58:00.904 I/TrafficMonitor( 1047): getStatic,count:0,work status:false
11-29 09:58:00.904 I/MQoS    ( 1047): QOS_level:5(5),use RAT:4G;signalLvl:5
11-29 09:58:01.261 I/SDKReportManager2(13129): >>mPostHandler handleMessage enter
11-29 09:58:01.261 I/SDKReportManager2(13129): >>mPostHandler msg = MSG_BATCH_REPORT
11-29 09:58:01.275 I/sqliteHelper(13129):  dbversion:7 newVersion:7
11-29 09:58:01.275 I/sqliteHelper(13129): tables count:4
11-29 09:58:01.276 I/sqliteHelper(13129): sql=CREATE TABLE if not exists downloadInfo( _id INTEGER PRIMARY KEY AUTOINCREMENT, taskId INTEGER , uId TEXT, taskUrl TEXT, bakUrl TEXT,finalUrl TEXT, fileName TEXT, contentType TEXT, totalBytes INTEGER,status INTEGER,receivedBytes INTEGER,priority INTEGER, netType TEXT,downloadFailedErrCode INTEGER,downloadFailedTime INTEGER,headerParams TEXT,appId INTEGER,taskPakcageName TEXT,taskVersioncode TEXT,startTime INTEGER,endTime INTEGER,downloadType INTEGER,uin INTEGER,uintype TEXT,via TEXT,channelId TEXT,traceId TEXT,extraData TEXT,iconUrl TEXT,appName TEXT,isAutoInstallBySDK INTEGER,fileSize INTEGER);
11-29 09:58:01.278 I/sqliteHelper(13129): sql=CREATE TABLE if not exists settingInfo( _id INTEGER PRIMARY KEY AUTOINCREMENT, settingField TEXT , value TEXT,type TEXT);
11-29 09:58:01.279 I/sqliteHelper(13129): sql=CREATE TABLE if not exists clientinfo( _id INTEGER PRIMARY KEY AUTOINCREMENT, clientId TEXT , taskId INTEGER, taskUrl TEXT);
11-29 09:58:01.280 I/sqliteHelper(13129): sql=CREATE TABLE IF NOT EXISTS reportInfo( _id INTEGER PRIMARY KEY,key TEXT,type TEXT,blob BLOB);
11-29 09:58:01.284 I/SDKReportManager2(13129): >>mPostHandler handleMessage exit
11-29 09:58:01.361 I/SDKReportManager2(16560): >>mPostHandler handleMessage enter
11-29 09:58:01.362 I/SDKReportManager2(16560): >>mPostHandler msg = MSG_BATCH_REPORT
11-29 09:58:01.376 I/sqliteHelper(16560):  dbversion:7 newVersion:7
11-29 09:58:01.376 I/sqliteHelper(16560): tables count:4
11-29 09:58:01.378 I/sqliteHelper(16560): sql=CREATE TABLE if not exists downloadInfo( _id INTEGER PRIMARY KEY AUTOINCREMENT, taskId INTEGER , uId TEXT, taskUrl TEXT, bakUrl TEXT,finalUrl TEXT, fileName TEXT, contentType TEXT, totalBytes INTEGER,status INTEGER,receivedBytes INTEGER,priority INTEGER, netType TEXT,downloadFailedErrCode INTEGER,downloadFailedTime INTEGER,headerParams TEXT,appId INTEGER,taskPakcageName TEXT,taskVersioncode TEXT,startTime INTEGER,endTime INTEGER,downloadType INTEGER,uin INTEGER,uintype TEXT,via TEXT,channelId TEXT,traceId TEXT,extraData TEXT,iconUrl TEXT,appName TEXT,isAutoInstallBySDK INTEGER,fileSize INTEGER);
11-29 09:58:01.379 I/sqliteHelper(16560): sql=CREATE TABLE if not exists settingInfo( _id INTEGER PRIMARY KEY AUTOINCREMENT, settingField TEXT , value TEXT,type TEXT);
11-29 09:58:01.380 I/sqliteHelper(16560): sql=CREATE TABLE if not exists clientinfo( _id INTEGER PRIMARY KEY AUTOINCREMENT, clientId TEXT , taskId INTEGER, taskUrl TEXT);
11-29 09:58:01.382 I/sqliteHelper(16560): sql=CREATE TABLE IF NOT EXISTS reportInfo( _id INTEGER PRIMARY KEY,key TEXT,type TEXT,blob BLOB);
11-29 09:58:01.386 I/SDKReportManager2(16560): >>mPostHandler handleMessage exit
11-29 09:58:02.223 I/NetworkSpeedManagerEx( 1627): mIsStop = false
11-29 09:58:02.228 I/NetworkSpeedManagerEx( 1627): value=33.333332speed = 33B/s
11-29 09:58:02.229 I/NetworkSpeedView( 1627): /update(), speed=33B/s parent class:class com.android.systemui.statusbar.HwSystemIcons
11-29 09:58:02.261 I/NetworkSpeedManagerEx( 1627): mIsStop = false
11-29 09:58:02.266 I/NetworkSpeedManagerEx( 1627): value=33.333332speed = 33B/s
11-29 09:58:02.267 I/NetworkSpeedView( 1627): /update(), speed=33B/s parent class:class com.android.systemui.statusbar.HwSystemIcons
11-29 09:58:03.009 W/PhoneInterfaceManager( 1749): shouldBlockLocation running ...
11-29 09:58:03.010 I/PhoneInterfaceManager( 1749): shouldBlockLocation  ret:false
11-29 09:58:04.514 I/SendBroadcastPermission( 1047): action:android.intent.action.SIG_STR, mPermissionType:0
11-29 09:58:04.515 I/MQoS    ( 1047): onSignal: mSubId=1,currDataSubID=0
11-29 09:58:04.515 I/MQoS    ( 1047): received cell-signal:5
11-29 09:58:04.532 I/HwMobileSignalController( 1627): subId:1 phoneType:1 networktype:2 targetClass:1 masterLevel:5 slaveLevel:-1
11-29 09:58:05.230 I/NetworkSpeedManagerEx( 1627): mIsStop = false
11-29 09:58:05.237 I/NetworkSpeedManagerEx( 1627): value=0.0speed = 0K/s
11-29 09:58:05.237 I/NetworkSpeedView( 1627): /update(), speed=0K/s parent class:class com.android.systemui.statusbar.HwSystemIcons
11-29 09:58:05.267 I/NetworkSpeedManagerEx( 1627): mIsStop = false
11-29 09:58:05.272 I/NetworkSpeedManagerEx( 1627): value=0.0speed = 0K/s
11-29 09:58:05.272 I/NetworkSpeedView( 1627): /update(), speed=0K/s parent class:class com.android.systemui.statusbar.HwSystemIcons
11-29 09:58:06.758 I/SendBroadcastPermission( 1047): action:android.intent.action.SIG_STR, mPermissionType:0
11-29 09:58:06.758 I/MQoS    ( 1047): onSignal: mSubId=0,currDataSubID=0
11-29 09:58:06.758 I/MQoS    ( 1047): received cell-signal:5
11-29 09:58:06.773 I/HwMobileSignalController( 1627): subId:0 phoneType:1 networktype:13 targetClass:3 masterLevel:4 slaveLevel:-1
11-29 09:58:07.110 E/hwintelligencewifi( 1047): onCellLocationChanged
11-29 09:58:07.114 W/PhoneInterfaceManager( 1749): shouldBlockLocation running ...
11-29 09:58:07.114 I/PhoneInterfaceManager( 1749): shouldBlockLocation  ret:false
11-29 09:58:07.119 E/hwintelligencewifi( 1047): getCurrentCellid type type = PHONE_TYPE_GSM
11-29 09:58:07.120 E/hwintelligencewifi( 1047): getCurrentCellid type is PHONE_TYPE_GSM
11-29 09:58:07.122 E/hwintelligencewifi( 1047): getCurrentCellid PHONE_TYPE_GSM cellidString = 4600026418187
11-29 09:58:07.122 E/hwintelligencewifi( 1047): DisabledState cellid = 4600026418187
11-29 09:58:07.123 E/hwintelligencewifi( 1047): isMonitorCellId mInfos.size() = 17
11-29 09:58:07.123 E/hwintelligencewifi( 1047): stopScanAp mIsScaning = false
11-29 09:58:07.128 W/PhoneInterfaceManager( 1749): shouldBlockLocation running ...
11-29 09:58:07.128 I/PhoneInterfaceManager( 1749): shouldBlockLocation  ret:false
11-29 09:58:07.137 W/PhoneInterfaceManager( 1749): shouldBlockLocation running ...
11-29 09:58:07.137 I/PhoneInterfaceManager( 1749): shouldBlockLocation  ret:false
11-29 09:58:08.052 W/PhoneInterfaceManager( 1749): shouldBlockLocation running ...
11-29 09:58:08.052 I/PhoneInterfaceManager( 1749): shouldBlockLocation  ret:false
11-29 09:58:08.240 I/NetworkSpeedManagerEx( 1627): mIsStop = false
11-29 09:58:08.246 I/NetworkSpeedManagerEx( 1627): value=0.0speed = 0K/s
11-29 09:58:08.246 I/NetworkSpeedView( 1627): /update(), speed=0K/s parent class:class com.android.systemui.statusbar.HwSystemIcons
11-29 09:58:08.273 I/NetworkSpeedManagerEx( 1627): mIsStop = false
11-29 09:58:08.280 I/NetworkSpeedManagerEx( 1627): value=0.0speed = 0K/s
11-29 09:58:08.281 I/NetworkSpeedView( 1627): /update(), speed=0K/s parent class:class com.android.systemui.statusbar.HwSystemIcons
11-29 09:58:08.353 I/EventHub( 1047): EventHub monitor: no key events in the past 2137s, no motion events in the past 40s
11-29 09:58:09.336 E/Thermal-daemon(  505): [battery] temp_new :31  temp_old :30
11-29 09:58:09.336 E/Thermal-daemon(  505): Report temperature: [battery] temp :31  report_threshold:1
11-29 09:58:09.720 I/SendBroadcastPermission( 1047): action:android.intent.action.SIG_STR, mPermissionType:0
11-29 09:58:09.720 I/MQoS    ( 1047): onSignal: mSubId=0,currDataSubID=0
11-29 09:58:09.721 I/MQoS    ( 1047): received cell-signal:5
11-29 09:58:09.738 I/HwMobileSignalController( 1627): subId:0 phoneType:1 networktype:13 targetClass:3 masterLevel:4 slaveLevel:-1
11-29 09:58:09.769 I/SendBroadcastPermission( 1047): action:android.intent.action.SIG_STR, mPermissionType:0
11-29 09:58:09.770 I/MQoS    ( 1047): onSignal: mSubId=0,currDataSubID=0
11-29 09:58:09.770 I/MQoS    ( 1047): received cell-signal:5
11-29 09:58:09.785 I/HwMobileSignalController( 1627): subId:0 phoneType:1 networktype:13 targetClass:3 masterLevel:4 slaveLevel:-1
11-29 09:58:10.168 I/SendBroadcastPermission( 1047): action:android.net.conn.DATA_ACTIVITY_CHANGE, mPermissionType:0
11-29 09:58:10.514 I/SendBroadcastPermission( 1047): action:android.intent.action.SIG_STR, mPermissionType:0
11-29 09:58:10.515 I/MQoS    ( 1047): onSignal: mSubId=1,currDataSubID=0
11-29 09:58:10.515 I/MQoS    ( 1047): received cell-signal:5
11-29 09:58:10.530 I/HwMobileSignalController( 1627): subId:1 phoneType:1 networktype:2 targetClass:1 masterLevel:5 slaveLevel:-1
11-29 09:58:10.904 I/MQoS    ( 1047): MSG_QUERY_TCP_INFO called,count:453
11-29 09:58:10.905 I/WifiProJNI( 1047): ######### CMD_QUERY_PKTS ########
11-29 09:58:10.906 I/QosMonitor( 1047): postEventFromNative: msg=100,arg1=0,arg2=9
11-29 09:58:10.906 W/WifiProJNI( 1047): poll before: g_monitor_fd =255
11-29 09:58:10.906 I/MQoS    ( 1047): rtt=96,tcp_tx_pkts=372012,tcp_rx_pkts=538022
11-29 09:58:10.913 I/TrafficMonitor( 1047): getStatic,count:0,work status:false
11-29 09:58:10.914 I/MQoS    ( 1047): QOS_level:5(5),use RAT:4G;signalLvl:5
11-29 09:58:11.248 I/NetworkSpeedManagerEx( 1627): mIsStop = false
11-29 09:58:11.252 I/NetworkSpeedManagerEx( 1627): value=0.0speed = 0K/s
11-29 09:58:11.253 I/NetworkSpeedView( 1627): /update(), speed=0K/s parent class:class com.android.systemui.statusbar.HwSystemIcons
11-29 09:58:11.281 I/NetworkSpeedManagerEx( 1627): mIsStop = false
11-29 09:58:11.287 I/NetworkSpeedManagerEx( 1627): value=0.0speed = 0K/s
11-29 09:58:11.287 I/NetworkSpeedView( 1627): /update(), speed=0K/s parent class:class com.android.systemui.statusbar.HwSystemIcons
11-29 09:58:12.126 I/SendBroadcastPermission( 1047): action:android.net.conn.DATA_ACTIVITY_CHANGE, mPermissionType:0
11-29 09:58:12.208 I/SendBroadcastPermission( 1047): action:android.intent.action.SIG_STR, mPermissionType:0
11-29 09:58:12.208 I/MQoS    ( 1047): onSignal: mSubId=0,currDataSubID=0
11-29 09:58:12.208 I/MQoS    ( 1047): received cell-signal:5
11-29 09:58:12.223 I/HwMobileSignalController( 1627): subId:0 phoneType:1 networktype:13 targetClass:3 masterLevel:4 slaveLevel:-1
11-29 09:58:12.286 I/SendBroadcastPermission( 1047): action:android.intent.action.SIG_STR, mPermissionType:0
11-29 09:58:12.286 I/MQoS    ( 1047): onSignal: mSubId=0,currDataSubID=0
11-29 09:58:12.286 I/MQoS    ( 1047): received cell-signal:5
11-29 09:58:12.297 I/HwMobileSignalController( 1627): subId:0 phoneType:1 networktype:13 targetClass:3 masterLevel:4 slaveLevel:-1
11-29 09:58:12.907 W/KeyguardUpdateMonitor( 1627): ACTION_BATTERY_CHANGED AMP: 0; Volt: 0
11-29 09:58:12.922 E/CloudAlbum[8.0.1.309](11408): [ReceiverManager] not log on ignore
11-29 09:58:12.937 I/iMonitor( 1782): create: 903001012
11-29 09:58:12.938 W/KeyguardUpdateMonitor( 1627): ChargingSpeed  Wattage: -1 ST: 5000000 --> 7500000
11-29 09:58:12.938 I/KgBattery( 1627): BatteryInfo updated:  2lPc-1
11-29 09:58:12.938 W/AppHandler( 1627): sendMessage with obj100
11-29 09:58:12.939 E/iMonitor( 1782): Bad param for imonitor_set_param, paramid: 11
11-29 09:58:12.945 E/iMonitor( 1782): Bad param for imonitor_set_param, paramid: 12
11-29 09:58:12.945 W/HwLockScreenPanel( 1627): refreshBatteryInfo: com.huawei.keyguard.amazinglockscreen.AmazingLockScreen{833b849 VFE...... ......I. 0,0-0,0}
11-29 09:58:12.945 W/KgBattery( 1627): getCharge info with type: text
11-29 09:58:12.945 E/iMonitor( 1782): Bad param for imonitor_set_param, paramid: 10
11-29 09:58:12.947 I/logserver(  524): handle_exception_events enter
11-29 09:58:12.949 I/iMonitor( 1782): send: 903001012
11-29 09:58:12.950 W/HwLockScreenPanel( 1627): Handle message: 100
11-29 09:58:12.968 E/LogCollectService( 1782): illegal eventid
11-29 09:58:13.059 W/PhoneInterfaceManager( 1749): shouldBlockLocation running ...
11-29 09:58:13.059 I/PhoneInterfaceManager( 1749): shouldBlockLocation  ret:false
11-29 09:58:13.925 I/SendBroadcastPermission( 1047): action:android.intent.action.SIG_STR, mPermissionType:0
11-29 09:58:13.926 I/MQoS    ( 1047): onSignal: mSubId=0,currDataSubID=0
11-29 09:58:13.926 I/MQoS    ( 1047): received cell-signal:5
11-29 09:58:13.950 I/HwMobileSignalController( 1627): subId:0 phoneType:1 networktype:13 targetClass:3 masterLevel:4 slaveLevel:-1
11-29 09:58:14.254 I/NetworkSpeedManagerEx( 1627): mIsStop = false
11-29 09:58:14.261 I/NetworkSpeedManagerEx( 1627): value=34.666668speed = 35B/s
11-29 09:58:14.262 I/NetworkSpeedView( 1627): /update(), speed=35B/s parent class:class com.android.systemui.statusbar.HwSystemIcons
11-29 09:58:14.287 I/NetworkSpeedManagerEx( 1627): mIsStop = false
11-29 09:58:14.292 I/NetworkSpeedManagerEx( 1627): value=34.666668speed = 35B/s
11-29 09:58:14.292 I/NetworkSpeedView( 1627): /update(), speed=35B/s parent class:class com.android.systemui.statusbar.HwSystemIcons
11-29 09:58:14.774 I/SendBroadcastPermission( 1047): action:android.intent.action.SIG_STR, mPermissionType:0
11-29 09:58:14.775 I/MQoS    ( 1047): onSignal: mSubId=0,currDataSubID=0
11-29 09:58:14.775 I/MQoS    ( 1047): received cell-signal:5
11-29 09:58:14.791 I/HwMobileSignalController( 1627): subId:0 phoneType:1 networktype:13 targetClass:3 masterLevel:4 slaveLevel:-1
11-29 09:58:14.830 I/SendBroadcastPermission( 1047): action:android.intent.action.SIG_STR, mPermissionType:0
11-29 09:58:14.831 I/MQoS    ( 1047): onSignal: mSubId=0,currDataSubID=0
11-29 09:58:14.831 I/MQoS    ( 1047): received cell-signal:5
11-29 09:58:14.846 I/HwMobileSignalController( 1627): subId:0 phoneType:1 networktype:13 targetClass:3 masterLevel:4 slaveLevel:-1
11-29 09:58:17.017 I/SendBroadcastPermission( 1047): action:android.intent.action.SIG_STR, mPermissionType:0
11-29 09:58:17.017 I/MQoS    ( 1047): onSignal: mSubId=0,currDataSubID=0
11-29 09:58:17.017 I/MQoS    ( 1047): received cell-signal:5
11-29 09:58:17.034 I/HwMobileSignalController( 1627): subId:0 phoneType:1 networktype:13 targetClass:3 masterLevel:5 slaveLevel:-1
11-29 09:58:17.069 I/SendBroadcastPermission( 1047): action:android.intent.action.SIG_STR, mPermissionType:0
11-29 09:58:17.070 I/MQoS    ( 1047): onSignal: mSubId=0,currDataSubID=0
11-29 09:58:17.070 I/MQoS    ( 1047): received cell-signal:5
11-29 09:58:17.086 I/HwMobileSignalController( 1627): subId:0 phoneType:1 networktype:13 targetClass:3 masterLevel:5 slaveLevel:-1
11-29 09:58:17.263 I/NetworkSpeedManagerEx( 1627): mIsStop = false
11-29 09:58:17.269 I/NetworkSpeedManagerEx( 1627): value=136.33333speed = 136B/s
11-29 09:58:17.269 I/NetworkSpeedView( 1627): /update(), speed=136B/s parent class:class com.android.systemui.statusbar.HwSystemIcons
11-29 09:58:17.293 I/NetworkSpeedManagerEx( 1627): mIsStop = false
11-29 09:58:17.298 I/NetworkSpeedManagerEx( 1627): value=136.33333speed = 136B/s
11-29 09:58:17.299 I/NetworkSpeedView( 1627): /update(), speed=136B/s parent class:class com.android.systemui.statusbar.HwSystemIcons
11-29 09:58:18.076 W/PhoneInterfaceManager( 1749): shouldBlockLocation running ...
11-29 09:58:18.076 I/PhoneInterfaceManager( 1749): shouldBlockLocation  ret:false
11-29 09:58:20.270 I/NetworkSpeedManagerEx( 1627): mIsStop = false
11-29 09:58:20.275 I/NetworkSpeedManagerEx( 1627): value=0.0speed = 0K/s
11-29 09:58:20.275 I/NetworkSpeedView( 1627): /update(), speed=0K/s parent class:class com.android.systemui.statusbar.HwSystemIcons
11-29 09:58:20.299 I/NetworkSpeedManagerEx( 1627): mIsStop = false
11-29 09:58:20.304 I/NetworkSpeedManagerEx( 1627): value=0.0speed = 0K/s
11-29 09:58:20.304 I/NetworkSpeedView( 1627): /update(), speed=0K/s parent class:class com.android.systemui.statusbar.HwSystemIcons
11-29 09:58:20.915 I/MQoS    ( 1047): MSG_QUERY_TCP_INFO called,count:454
11-29 09:58:20.916 I/WifiProJNI( 1047): ######### CMD_QUERY_PKTS ########
11-29 09:58:20.916 I/QosMonitor( 1047): postEventFromNative: msg=100,arg1=0,arg2=9
11-29 09:58:20.917 W/WifiProJNI( 1047): poll before: g_monitor_fd =255
11-29 09:58:20.917 I/MQoS    ( 1047): rtt=96,tcp_tx_pkts=372012,tcp_rx_pkts=538022
11-29 09:58:20.926 I/TrafficMonitor( 1047): getStatic,count:0,work status:false
11-29 09:58:20.926 I/MQoS    ( 1047): QOS_level:5(5),use RAT:4G;signalLvl:5
11-29 09:58:22.127 I/SendBroadcastPermission( 1047): action:android.intent.action.SIG_STR, mPermissionType:0
11-29 09:58:22.128 I/MQoS    ( 1047): onSignal: mSubId=0,currDataSubID=0
11-29 09:58:22.128 I/MQoS    ( 1047): received cell-signal:5
11-29 09:58:22.143 I/HwMobileSignalController( 1627): subId:0 phoneType:1 networktype:13 targetClass:3 masterLevel:5 slaveLevel:-1
11-29 09:58:22.167 I/SendBroadcastPermission( 1047): action:android.net.conn.DATA_ACTIVITY_CHANGE, mPermissionType:0
11-29 09:58:23.109 W/PhoneInterfaceManager( 1749): shouldBlockLocation running ...
11-29 09:58:23.110 I/PhoneInterfaceManager( 1749): shouldBlockLocation  ret:false
11-29 09:58:23.276 I/NetworkSpeedManagerEx( 1627): mIsStop = false
11-29 09:58:23.282 I/NetworkSpeedManagerEx( 1627): value=0.0speed = 0K/s
11-29 09:58:23.282 I/NetworkSpeedView( 1627): /update(), speed=0K/s parent class:class com.android.systemui.statusbar.HwSystemIcons
11-29 09:58:23.304 I/NetworkSpeedManagerEx( 1627): mIsStop = false
11-29 09:58:23.309 I/NetworkSpeedManagerEx( 1627): value=0.0speed = 0K/s
11-29 09:58:23.310 I/NetworkSpeedView( 1627): /update(), speed=0K/s parent class:class com.android.systemui.statusbar.HwSystemIcons
11-29 09:58:24.346 E/Thermal-daemon(  505): [pa_0] temp_new :31  temp_old :32
11-29 09:58:24.346 E/Thermal-daemon(  505): Report temperature: [pa_0] temp :31  report_threshold:1
11-29 09:58:24.348 E/Thermal-daemon(  505): [ap] temp_new :33  temp_old :34
11-29 09:58:24.348 E/Thermal-daemon(  505): Report temperature: [ap] temp :33  report_threshold:1
11-29 09:58:24.770 I/SendBroadcastPermission( 1047): action:android.intent.action.SIG_STR, mPermissionType:0
11-29 09:58:24.770 I/MQoS    ( 1047): onSignal: mSubId=0,currDataSubID=0
11-29 09:58:24.770 I/MQoS    ( 1047): received cell-signal:5
11-29 09:58:24.784 I/HwMobileSignalController( 1627): subId:0 phoneType:1 networktype:13 targetClass:3 masterLevel:5 slaveLevel:-1
11-29 09:58:26.284 I/NetworkSpeedManagerEx( 1627): mIsStop = false
11-29 09:58:26.290 I/NetworkSpeedManagerEx( 1627): value=0.0speed = 0K/s
11-29 09:58:26.290 I/NetworkSpeedView( 1627): /update(), speed=0K/s parent class:class com.android.systemui.statusbar.HwSystemIcons
11-29 09:58:26.314 I/NetworkSpeedManagerEx( 1627): mIsStop = false
11-29 09:58:26.321 I/NetworkSpeedManagerEx( 1627): value=0.0speed = 0K/s
11-29 09:58:26.321 I/NetworkSpeedView( 1627): /update(), speed=0K/s parent class:class com.android.systemui.statusbar.HwSystemIcons
11-29 09:58:28.151 W/PhoneInterfaceManager( 1749): shouldBlockLocation running ...
11-29 09:58:28.152 I/PhoneInterfaceManager( 1749): shouldBlockLocation  ret:false
11-29 09:58:29.292 I/NetworkSpeedManagerEx( 1627): mIsStop = false
11-29 09:58:29.298 I/NetworkSpeedManagerEx( 1627): value=0.0speed = 0K/s
11-29 09:58:29.298 I/NetworkSpeedView( 1627): /update(), speed=0K/s parent class:class com.android.systemui.statusbar.HwSystemIcons
11-29 09:58:29.321 I/NetworkSpeedManagerEx( 1627): mIsStop = false
11-29 09:58:29.326 I/NetworkSpeedManagerEx( 1627): value=0.0speed = 0K/s
11-29 09:58:29.327 I/NetworkSpeedView( 1627): /update(), speed=0K/s parent class:class com.android.systemui.statusbar.HwSystemIcons
11-29 09:58:30.927 I/MQoS    ( 1047): MSG_QUERY_TCP_INFO called,count:455
11-29 09:58:30.928 I/WifiProJNI( 1047): ######### CMD_QUERY_PKTS ########
11-29 09:58:30.928 I/QosMonitor( 1047): postEventFromNative: msg=100,arg1=0,arg2=9
11-29 09:58:30.928 W/WifiProJNI( 1047): poll before: g_monitor_fd =255
11-29 09:58:30.929 I/MQoS    ( 1047): rtt=96,tcp_tx_pkts=372012,tcp_rx_pkts=538022
11-29 09:58:30.936 I/TrafficMonitor( 1047): getStatic,count:0,work status:false
11-29 09:58:30.936 I/MQoS    ( 1047): QOS_level:5(5),use RAT:4G;signalLvl:5
11-29 09:58:31.162 I/SendBroadcastPermission( 1047): action:android.intent.action.SIG_STR, mPermissionType:0
11-29 09:58:31.162 I/MQoS    ( 1047): onSignal: mSubId=0,currDataSubID=0
11-29 09:58:31.162 I/MQoS    ( 1047): received cell-signal:5
11-29 09:58:31.179 I/HwMobileSignalController( 1627): subId:0 phoneType:1 networktype:13 targetClass:3 masterLevel:5 slaveLevel:-1
11-29 09:58:31.507 I/SendBroadcastPermission( 1047): action:android.net.conn.DATA_ACTIVITY_CHANGE, mPermissionType:0
11-29 09:58:31.809 I/awcn.TnetSpdySession(32608): |[seq:AWCN2_1] ping receive Host:https://acs.m.taobao.com id:8
11-29 09:58:32.299 I/NetworkSpeedManagerEx( 1627): mIsStop = false
11-29 09:58:32.305 I/NetworkSpeedManagerEx( 1627): value=100.0speed = 100B/s
11-29 09:58:32.305 I/NetworkSpeedView( 1627): /update(), speed=100B/s parent class:class com.android.systemui.statusbar.HwSystemIcons
11-29 09:58:32.327 I/NetworkSpeedManagerEx( 1627): mIsStop = false
11-29 09:58:32.332 I/NetworkSpeedManagerEx( 1627): value=100.0speed = 100B/s
11-29 09:58:32.333 I/NetworkSpeedView( 1627): /update(), speed=100B/s parent class:class com.android.systemui.statusbar.HwSystemIcons
11-29 09:58:33.194 W/PhoneInterfaceManager( 1749): shouldBlockLocation running ...
11-29 09:58:33.194 I/PhoneInterfaceManager( 1749): shouldBlockLocation  ret:false
11-29 09:58:35.306 I/NetworkSpeedManagerEx( 1627): mIsStop = false
11-29 09:58:35.311 I/NetworkSpeedManagerEx( 1627): value=0.0speed = 0K/s
11-29 09:58:35.311 I/NetworkSpeedView( 1627): /update(), speed=0K/s parent class:class com.android.systemui.statusbar.HwSystemIcons
11-29 09:58:35.333 I/NetworkSpeedManagerEx( 1627): mIsStop = false
11-29 09:58:35.339 I/NetworkSpeedManagerEx( 1627): value=0.0speed = 0K/s
11-29 09:58:35.339 I/NetworkSpeedView( 1627): /update(), speed=0K/s parent class:class com.android.systemui.statusbar.HwSystemIcons
11-29 09:58:37.163 I/SendBroadcastPermission( 1047): action:android.intent.action.SIG_STR, mPermissionType:0
11-29 09:58:37.163 I/MQoS    ( 1047): onSignal: mSubId=0,currDataSubID=0
11-29 09:58:37.163 I/MQoS    ( 1047): received cell-signal:5
11-29 09:58:37.181 I/HwMobileSignalController( 1627): subId:0 phoneType:1 networktype:13 targetClass:3 masterLevel:4 slaveLevel:-1
11-29 09:58:37.238 W/KeyguardUpdateMonitor( 1627): ACTION_BATTERY_CHANGED AMP: 0; Volt: 0
11-29 09:58:37.247 E/CloudAlbum[8.0.1.309](11408): [ReceiverManager] not log on ignore
11-29 09:58:37.264 W/KeyguardUpdateMonitor( 1627): ChargingSpeed  Wattage: -1 ST: 5000000 --> 7500000
11-29 09:58:37.264 I/KgBattery( 1627): BatteryInfo updated:  2lPc-1
11-29 09:58:37.264 W/AppHandler( 1627): sendMessage with obj100
11-29 09:58:37.271 W/HwLockScreenPanel( 1627): refreshBatteryInfo: com.huawei.keyguard.amazinglockscreen.AmazingLockScreen{833b849 VFE...... ......I. 0,0-0,0}
11-29 09:58:37.271 W/KgBattery( 1627): getCharge info with type: text
11-29 09:58:37.277 W/HwLockScreenPanel( 1627): Handle message: 100
11-29 09:58:38.226 W/PhoneInterfaceManager( 1749): shouldBlockLocation running ...
11-29 09:58:38.227 I/PhoneInterfaceManager( 1749): shouldBlockLocation  ret:false
11-29 09:58:38.313 I/NetworkSpeedManagerEx( 1627): mIsStop = false
11-29 09:58:38.321 I/NetworkSpeedManagerEx( 1627): value=0.0speed = 0K/s
11-29 09:58:38.321 I/NetworkSpeedView( 1627): /update(), speed=0K/s parent class:class com.android.systemui.statusbar.HwSystemIcons
11-29 09:58:38.339 I/NetworkSpeedManagerEx( 1627): mIsStop = false
11-29 09:58:38.343 I/NetworkSpeedManagerEx( 1627): value=0.0speed = 0K/s
11-29 09:58:38.344 I/NetworkSpeedView( 1627): /update(), speed=0K/s parent class:class com.android.systemui.statusbar.HwSystemIcons
11-29 09:58:38.353 I/EventHub( 1047): EventHub monitor: no key events in the past 2167s, no motion events in the past 70s
11-29 09:58:39.355 E/Thermal-daemon(  505): [battery] temp_new :30  temp_old :31
11-29 09:58:39.355 E/Thermal-daemon(  505): Report temperature: [battery] temp :30  report_threshold:1
11-29 09:58:40.938 I/MQoS    ( 1047): MSG_QUERY_TCP_INFO called,count:456
11-29 09:58:40.938 I/WifiProJNI( 1047): ######### CMD_QUERY_PKTS ########
11-29 09:58:40.939 I/QosMonitor( 1047): postEventFromNative: msg=100,arg1=0,arg2=9
11-29 09:58:40.939 W/WifiProJNI( 1047): poll before: g_monitor_fd =255
11-29 09:58:40.940 I/MQoS    ( 1047): rtt=96,tcp_tx_pkts=372012,tcp_rx_pkts=538022
11-29 09:58:40.948 I/TrafficMonitor( 1047): getStatic,count:0,work status:false
11-29 09:58:40.948 I/MQoS    ( 1047): QOS_level:5(5),use RAT:4G;signalLvl:5
11-29 09:58:41.323 I/NetworkSpeedManagerEx( 1627): mIsStop = false
11-29 09:58:41.328 I/NetworkSpeedManagerEx( 1627): value=0.0speed = 0K/s
11-29 09:58:41.328 I/NetworkSpeedView( 1627): /update(), speed=0K/s parent class:class com.android.systemui.statusbar.HwSystemIcons
11-29 09:58:41.349 I/NetworkSpeedManagerEx( 1627): mIsStop = false
11-29 09:58:41.355 I/NetworkSpeedManagerEx( 1627): value=0.0speed = 0K/s
11-29 09:58:41.355 I/NetworkSpeedView( 1627): /update(), speed=0K/s parent class:class com.android.systemui.statusbar.HwSystemIcons
11-29 09:58:41.891 I/SendBroadcastPermission( 1047): action:android.intent.action.SIG_STR, mPermissionType:0
11-29 09:58:41.893 I/MQoS    ( 1047): onSignal: mSubId=0,currDataSubID=0
11-29 09:58:41.893 I/MQoS    ( 1047): received cell-signal:5
11-29 09:58:41.907 I/HwMobileSignalController( 1627): subId:0 phoneType:1 networktype:13 targetClass:3 masterLevel:5 slaveLevel:-1
11-29 09:58:42.231 I/SendBroadcastPermission( 1047): action:android.net.conn.DATA_ACTIVITY_CHANGE, mPermissionType:0
11-29 09:58:42.690 I/SendBroadcastPermission( 1047): action:android.intent.action.SIG_STR, mPermissionType:0
11-29 09:58:42.691 I/MQoS    ( 1047): onSignal: mSubId=0,currDataSubID=0
11-29 09:58:42.691 I/MQoS    ( 1047): received cell-signal:5
11-29 09:58:42.707 I/HwMobileSignalController( 1627): subId:0 phoneType:1 networktype:13 targetClass:3 masterLevel:5 slaveLevel:-1
11-29 09:58:42.976 W/KeyguardUpdateMonitor( 1627): ACTION_BATTERY_CHANGED AMP: 0; Volt: 0
11-29 09:58:42.980 E/CloudAlbum[8.0.1.309](11408): [ReceiverManager] not log on ignore
11-29 09:58:43.007 W/KeyguardUpdateMonitor( 1627): ChargingSpeed  Wattage: -1 ST: 5000000 --> 7500000
11-29 09:58:43.007 I/KgBattery( 1627): BatteryInfo updated:  2lPc-1
11-29 09:58:43.007 W/AppHandler( 1627): sendMessage with obj100
11-29 09:58:43.016 W/HwLockScreenPanel( 1627): refreshBatteryInfo: com.huawei.keyguard.amazinglockscreen.AmazingLockScreen{833b849 VFE...... ......I. 0,0-0,0}
11-29 09:58:43.017 W/KgBattery( 1627): getCharge info with type: text
11-29 09:58:43.025 W/HwLockScreenPanel( 1627): Handle message: 100
11-29 09:58:43.257 W/PhoneInterfaceManager( 1749): shouldBlockLocation running ...
11-29 09:58:43.257 I/PhoneInterfaceManager( 1749): shouldBlockLocation  ret:false
11-29 09:58:44.329 I/NetworkSpeedManagerEx( 1627): mIsStop = false
11-29 09:58:44.335 I/NetworkSpeedManagerEx( 1627): value=0.0speed = 0K/s
11-29 09:58:44.335 I/NetworkSpeedView( 1627): /update(), speed=0K/s parent class:class com.android.systemui.statusbar.HwSystemIcons
11-29 09:58:44.356 I/NetworkSpeedManagerEx( 1627): mIsStop = false
11-29 09:58:44.362 I/NetworkSpeedManagerEx( 1627): value=0.0speed = 0K/s
11-29 09:58:44.362 I/NetworkSpeedView( 1627): /update(), speed=0K/s parent class:class com.android.systemui.statusbar.HwSystemIcons
11-29 09:58:47.337 I/NetworkSpeedManagerEx( 1627): mIsStop = false
11-29 09:58:47.342 I/NetworkSpeedManagerEx( 1627): value=0.0speed = 0K/s
11-29 09:58:47.342 I/NetworkSpeedView( 1627): /update(), speed=0K/s parent class:class com.android.systemui.statusbar.HwSystemIcons
11-29 09:58:47.363 I/NetworkSpeedManagerEx( 1627): mIsStop = false
11-29 09:58:47.368 I/NetworkSpeedManagerEx( 1627): value=0.0speed = 0K/s
11-29 09:58:47.369 I/NetworkSpeedView( 1627): /update(), speed=0K/s parent class:class com.android.systemui.statusbar.HwSystemIcons
11-29 09:58:48.178 I/SendBroadcastPermission( 1047): action:android.net.conn.DATA_ACTIVITY_CHANGE, mPermissionType:0
11-29 09:58:48.291 W/PhoneInterfaceManager( 1749): shouldBlockLocation running ...
11-29 09:58:48.292 I/PhoneInterfaceManager( 1749): shouldBlockLocation  ret:false
11-29 09:58:48.691 I/SendBroadcastPermission( 1047): action:android.intent.action.SIG_STR, mPermissionType:0
11-29 09:58:48.692 I/MQoS    ( 1047): onSignal: mSubId=0,currDataSubID=0
11-29 09:58:48.693 I/MQoS    ( 1047): received cell-signal:5
11-29 09:58:48.708 I/HwMobileSignalController( 1627): subId:0 phoneType:1 networktype:13 targetClass:3 masterLevel:5 slaveLevel:-1
11-29 09:58:50.343 I/NetworkSpeedManagerEx( 1627): mIsStop = false
11-29 09:58:50.347 I/NetworkSpeedManagerEx( 1627): value=91.333336speed = 91B/s
11-29 09:58:50.348 I/NetworkSpeedView( 1627): /update(), speed=91B/s parent class:class com.android.systemui.statusbar.HwSystemIcons
11-29 09:58:50.369 I/NetworkSpeedManagerEx( 1627): mIsStop = false
11-29 09:58:50.375 I/NetworkSpeedManagerEx( 1627): value=91.333336speed = 91B/s
11-29 09:58:50.375 I/NetworkSpeedView( 1627): /update(), speed=91B/s parent class:class com.android.systemui.statusbar.HwSystemIcons
11-29 09:58:50.947 I/MQoS    ( 1047): MSG_QUERY_TCP_INFO called,count:457
11-29 09:58:50.947 I/WifiProJNI( 1047): ######### CMD_QUERY_PKTS ########
11-29 09:58:50.948 I/QosMonitor( 1047): postEventFromNative: msg=100,arg1=0,arg2=9
11-29 09:58:50.948 W/WifiProJNI( 1047): poll before: g_monitor_fd =255
11-29 09:58:50.948 I/MQoS    ( 1047): rtt=96,tcp_tx_pkts=372012,tcp_rx_pkts=538022
11-29 09:58:50.956 I/TrafficMonitor( 1047): getStatic,count:0,work status:false
11-29 09:58:50.956 I/MQoS    ( 1047): QOS_level:5(5),use RAT:4G;signalLvl:5
11-29 09:58:51.406 I/bt_btm  ( 9994): btm_gen_resolvable_private_addr
11-29 09:58:51.411 I/bt_btm  ( 9994): btm_gen_resolvable_private_addr
11-29 09:58:51.411 I/bt_btm  ( 9994): btm_gen_resolvable_private_addr
11-29 09:58:51.412 I/bt_btm  ( 9994): btm_gen_resolvable_private_addr
11-29 09:58:51.412 I/bt_btm  ( 9994): btm_gen_resolvable_private_addr
11-29 09:58:51.442 I/bt_btm  ( 9994): btm_gen_resolve_paddr_low
11-29 09:58:51.442 I/bt_btm  ( 9994): btm_gen_resolve_paddr_cmpl
11-29 09:58:51.451 I/bt_btm  ( 9994): btm_ble_multi_adv_gen_rpa_cmpl inst_id = 1
11-29 09:58:51.452 I/bt_btm  ( 9994): btm_ble_multi_adv_write_rpa-BD_ADDR:d0-b0-af-98-6e-51,inst_id:1
11-29 09:58:51.452 I/bt_btm  ( 9994): BTM: BTM_VendorSpecificCommand: Opcode: 0xFD54, ParamLen: 8.
11-29 09:58:51.461 I/bt_btm  ( 9994): btm_ble_multi_adv_gen_rpa_cmpl inst_id = 2
11-29 09:58:51.461 I/bt_btm  ( 9994): btm_ble_multi_adv_write_rpa-BD_ADDR:50-47-19-a7-66-61,inst_id:2
11-29 09:58:51.461 I/bt_btm  ( 9994): BTM: BTM_VendorSpecificCommand: Opcode: 0xFD54, ParamLen: 8.
11-29 09:58:51.470 I/bt_btm  ( 9994): btm_ble_multi_adv_gen_rpa_cmpl inst_id = 3
11-29 09:58:51.470 I/bt_btm  ( 9994): btm_ble_multi_adv_write_rpa-BD_ADDR:5f-38-4e-1d-37-68,inst_id:3
11-29 09:58:51.470 I/bt_btm  ( 9994): BTM: BTM_VendorSpecificCommand: Opcode: 0xFD54, ParamLen: 8.
11-29 09:58:51.479 I/bt_btm  ( 9994): btm_ble_multi_adv_gen_rpa_cmpl inst_id = 4
11-29 09:58:51.480 I/bt_btm  ( 9994): btm_ble_multi_adv_write_rpa-BD_ADDR:33-57-b3-54-b9-77,inst_id:4
11-29 09:58:51.480 I/bt_btm  ( 9994): BTM: BTM_VendorSpecificCommand: Opcode: 0xFD54, ParamLen: 8.
11-29 09:58:53.060 W/AlarmManager( 1047): mIsScreenOn is: true, WAKEUP alarm trigger action = action_alarm_repeat_keep_port package name is: com.meigsmart.meigapp
11-29 09:58:53.321 W/PhoneInterfaceManager( 1749): shouldBlockLocation running ...
11-29 09:58:53.321 I/PhoneInterfaceManager( 1749): shouldBlockLocation  ret:false
11-29 09:58:53.348 I/NetworkSpeedManagerEx( 1627): mIsStop = false
11-29 09:58:53.353 I/NetworkSpeedManagerEx( 1627): value=0.0speed = 0K/s
11-29 09:58:53.354 I/NetworkSpeedView( 1627): /update(), speed=0K/s parent class:class com.android.systemui.statusbar.HwSystemIcons
11-29 09:58:53.376 I/NetworkSpeedManagerEx( 1627): mIsStop = false
11-29 09:58:53.381 I/NetworkSpeedManagerEx( 1627): value=0.0speed = 0K/s
11-29 09:58:53.381 I/NetworkSpeedView( 1627): /update(), speed=0K/s parent class:class com.android.systemui.statusbar.HwSystemIcons
11-29 09:58:54.694 I/SendBroadcastPermission( 1047): action:android.intent.action.SIG_STR, mPermissionType:0
11-29 09:58:54.695 I/MQoS    ( 1047): onSignal: mSubId=0,currDataSubID=0
11-29 09:58:54.695 I/MQoS    ( 1047): received cell-signal:5
11-29 09:58:54.712 I/HwMobileSignalController( 1627): subId:0 phoneType:1 networktype:13 targetClass:3 masterLevel:5 slaveLevel:-1
11-29 09:58:56.355 I/NetworkSpeedManagerEx( 1627): mIsStop = false
11-29 09:58:56.360 I/NetworkSpeedManagerEx( 1627): value=0.0speed = 0K/s
11-29 09:58:56.360 I/NetworkSpeedView( 1627): /update(), speed=0K/s parent class:class com.android.systemui.statusbar.HwSystemIcons
11-29 09:58:56.385 I/NetworkSpeedManagerEx( 1627): mIsStop = false
11-29 09:58:56.394 I/NetworkSpeedManagerEx( 1627): value=0.0speed = 0K/s
11-29 09:58:56.394 I/NetworkSpeedView( 1627): /update(), speed=0K/s parent class:class com.android.systemui.statusbar.HwSystemIcons
11-29 09:58:58.363 W/PhoneInterfaceManager( 1749): shouldBlockLocation running ...
11-29 09:58:58.363 I/PhoneInterfaceManager( 1749): shouldBlockLocation  ret:false
11-29 09:58:58.519 I/SendBroadcastPermission( 1047): action:android.net.conn.DATA_ACTIVITY_CHANGE, mPermissionType:0
11-29 09:58:59.361 I/NetworkSpeedManagerEx( 1627): mIsStop = false
11-29 09:58:59.366 I/NetworkSpeedManagerEx( 1627): value=0.0speed = 0K/s
11-29 09:58:59.366 I/NetworkSpeedView( 1627): /update(), speed=0K/s parent class:class com.android.systemui.statusbar.HwSystemIcons
11-29 09:58:59.395 I/NetworkSpeedManagerEx( 1627): mIsStop = false
11-29 09:58:59.400 I/NetworkSpeedManagerEx( 1627): value=0.0speed = 0K/s
11-29 09:58:59.400 I/NetworkSpeedView( 1627): /update(), speed=0K/s parent class:class com.android.systemui.statusbar.HwSystemIcons
11-29 09:59:00.026 W/HwKeyguardDragHelper( 1627): AnimationBlocked
11-29 09:59:00.035 I/EventCenter( 1627): EventCenter Get :android.intent.action.TIME_TICK
11-29 09:59:00.042 W/HwKeyguardDragHelper( 1627): AnimationBlocked
11-29 09:59:00.051 W/ResourceType( 1627): Failure getting entry for 0xffffffff (t=254 e=65535) (error -2147483647)
11-29 09:59:00.052 E/DateLunarView( 1627): mDateString is: 11月29日星期三
11-29 09:59:00.072 W/ResourceType( 1627): Failure getting entry for 0xffffffff (t=254 e=65535) (error -2147483647)
11-29 09:59:00.073 I/ClockHelper( 1627): no solar holiday!
11-29 09:59:00.073 I/ClockHelper( 1627): holidayStr = 
11-29 09:59:00.089 I/HwLauncher( 2983): Model  onReceive intent=Intent { act=android.intent.action.TIME_TICK flg=0x50000014 (has extras) }
11-29 09:59:00.089 I/HwLauncher( 2983): Model  onReceive user=UserHandle{0}
11-29 09:59:00.109 E/Process ( 1047): isHighLoadProcess: get cpu failed
11-29 09:59:00.119 E/Process ( 1047): isHighLoadProcess: get cpu failed
11-29 09:59:00.125 E/Process ( 1047): isHighLoadProcess: get cpu failed
11-29 09:59:00.142 E/Process ( 1047): isHighLoadProcess: get cpu failed
11-29 09:59:00.146 E/Process ( 1047): isHighLoadProcess: get cpu failed
11-29 09:59:00.148 E/Process ( 1047): isHighLoadProcess: get cpu failed
11-29 09:59:00.695 I/SendBroadcastPermission( 1047): action:android.intent.action.SIG_STR, mPermissionType:0
11-29 09:59:00.696 I/MQoS    ( 1047): onSignal: mSubId=0,currDataSubID=0
11-29 09:59:00.696 I/MQoS    ( 1047): received cell-signal:5
11-29 09:59:00.713 I/HwMobileSignalController( 1627): subId:0 phoneType:1 networktype:13 targetClass:3 masterLevel:5 slaveLevel:-1
11-29 09:59:00.958 I/MQoS    ( 1047): MSG_QUERY_TCP_INFO called,count:458
11-29 09:59:00.959 I/WifiProJNI( 1047): ######### CMD_QUERY_PKTS ########
11-29 09:59:00.959 I/QosMonitor( 1047): postEventFromNative: msg=100,arg1=0,arg2=9
11-29 09:59:00.959 W/WifiProJNI( 1047): poll before: g_monitor_fd =255
11-29 09:59:00.959 I/MQoS    ( 1047): rtt=96,tcp_tx_pkts=372012,tcp_rx_pkts=538022
11-29 09:59:00.965 I/TrafficMonitor( 1047): getStatic,count:0,work status:false
11-29 09:59:00.965 I/MQoS    ( 1047): QOS_level:5(5),use RAT:4G;signalLvl:5
11-29 09:59:02.367 I/NetworkSpeedManagerEx( 1627): mIsStop = false
11-29 09:59:02.372 I/NetworkSpeedManagerEx( 1627): value=0.0speed = 0K/s
11-29 09:59:02.372 I/NetworkSpeedView( 1627): /update(), speed=0K/s parent class:class com.android.systemui.statusbar.HwSystemIcons
11-29 09:59:02.401 I/NetworkSpeedManagerEx( 1627): mIsStop = false
11-29 09:59:02.406 I/NetworkSpeedManagerEx( 1627): value=0.0speed = 0K/s
11-29 09:59:02.406 I/NetworkSpeedView( 1627): /update(), speed=0K/s parent class:class com.android.systemui.statusbar.HwSystemIcons
11-29 09:59:03.399 W/PhoneInterfaceManager( 1749): shouldBlockLocation running ...
11-29 09:59:03.399 I/PhoneInterfaceManager( 1749): shouldBlockLocation  ret:false
11-29 09:59:05.373 I/NetworkSpeedManagerEx( 1627): mIsStop = false
11-29 09:59:05.378 I/NetworkSpeedManagerEx( 1627): value=0.0speed = 0K/s
11-29 09:59:05.378 I/NetworkSpeedView( 1627): /update(), speed=0K/s parent class:class com.android.systemui.statusbar.HwSystemIcons
11-29 09:59:05.407 I/NetworkSpeedManagerEx( 1627): mIsStop = false
11-29 09:59:05.412 I/NetworkSpeedManagerEx( 1627): value=0.0speed = 0K/s
11-29 09:59:05.412 I/NetworkSpeedView( 1627): /update(), speed=0K/s parent class:class com.android.systemui.statusbar.HwSystemIcons
11-29 09:59:07.002 I/SendBroadcastPermission( 1047): action:android.intent.action.SIG_STR, mPermissionType:0
11-29 09:59:07.002 I/MQoS    ( 1047): onSignal: mSubId=0,currDataSubID=0
11-29 09:59:07.002 I/MQoS    ( 1047): received cell-signal:5
11-29 09:59:07.018 I/HwMobileSignalController( 1627): subId:0 phoneType:1 networktype:13 targetClass:3 masterLevel:5 slaveLevel:-1
11-29 09:59:08.354 I/EventHub( 1047): EventHub monitor: no key events in the past 2197s, no motion events in the past 100s
11-29 09:59:08.380 I/NetworkSpeedManagerEx( 1627): mIsStop = false
11-29 09:59:08.386 I/NetworkSpeedManagerEx( 1627): value=0.0speed = 0K/s
11-29 09:59:08.386 I/NetworkSpeedView( 1627): /update(), speed=0K/s parent class:class com.android.systemui.statusbar.HwSystemIcons
11-29 09:59:08.413 I/NetworkSpeedManagerEx( 1627): mIsStop = false
11-29 09:59:08.418 I/NetworkSpeedManagerEx( 1627): value=0.0speed = 0K/s
11-29 09:59:08.418 I/NetworkSpeedView( 1627): /update(), speed=0K/s parent class:class com.android.systemui.statusbar.HwSystemIcons
11-29 09:59:08.437 W/PhoneInterfaceManager( 1749): shouldBlockLocation running ...
11-29 09:59:08.438 I/PhoneInterfaceManager( 1749): shouldBlockLocation  ret:false
11-29 09:59:10.964 I/MQoS    ( 1047): MSG_QUERY_TCP_INFO called,count:459
11-29 09:59:10.965 I/WifiProJNI( 1047): ######### CMD_QUERY_PKTS ########
11-29 09:59:10.965 I/QosMonitor( 1047): postEventFromNative: msg=100,arg1=0,arg2=9
11-29 09:59:10.966 W/WifiProJNI( 1047): poll before: g_monitor_fd =255
11-29 09:59:10.966 I/MQoS    ( 1047): rtt=96,tcp_tx_pkts=372012,tcp_rx_pkts=538022
11-29 09:59:10.973 I/TrafficMonitor( 1047): getStatic,count:0,work status:false
11-29 09:59:10.973 I/MQoS    ( 1047): QOS_level:5(5),use RAT:4G;signalLvl:5
11-29 09:59:11.387 I/NetworkSpeedManagerEx( 1627): mIsStop = false
