11-29 09:55:18.201 W/bt_btif ( 9994): HAL bt_gatt_callbacks->client->write_characteristic_cb
11-29 09:55:18.201 E/BluetoothService(11122): OnCharacteristicWrite
11-29 09:55:18.201 E/BluetoothService(11122): writeData offset=90 size=6
11-29 09:55:18.201 E/BluetoothService(11122): data: 81 28 AB 9B F4 E3
11-29 09:55:18.299 W/bt_btif ( 9994): HAL bt_gatt_callbacks->client->write_characteristic_cb
11-29 09:55:18.299 E/BluetoothService(11122): OnCharacteristicWrite
11-29 09:55:18.300 E/BluetoothService(11122): write reqEnd
11-29 09:55:18.396 W/bt_btif ( 9994): HAL bt_gatt_callbacks->client->write_characteristic_cb
11-29 09:55:18.398 E/BluetoothService(11122): OnCharacteristicWrite
11-29 09:55:18.399 E/BluetoothService(11122): readtart
11-29 09:55:18.779 E/AppLogApi(11408): currentTimeMillis!1511920518778
11-29 09:55:18.779 E/AppLogApi(11408): beforeTimeMillis!1511918573495
11-29 09:55:18.790 E/AppLogApi(11408): setTenMinAutoCheckTime!
11-29 09:55:18.790 E/AppLogApi(11408): checkTimeOver true
11-29 09:55:18.791 E/AppLogApi(11408): checkPolicyOver beforeTimeMillis1499094575932
11-29 09:55:18.792 E/AppLogApi(11408): checkPolicyOver policy1
11-29 09:55:18.792 E/AppLogApi(11408): checkPolicyOver currentTimeMillis-beforeTimeMillis12825942859
11-29 09:55:18.792 E/AppLogApi(11408): checkPolicyOver (policymillis+randommillis)86915060
11-29 09:55:18.792 E/AppLogApi(11408): checkPolicyOver true
11-29 09:55:18.792 E/AppLogApi/FeedbackUtils(11408): is not o version
11-29 09:55:18.801 E/RefectUtilss(11408): No field SUPPORT_SYSTEMAPP_GET_DEVICEID in class Landroid/telephony/HwTelephonyManager; (declaration of 'android.telephony.HwTelephonyManager' appears in /system/framework/hwframework.jar)
11-29 09:55:18.802 I/DeviceProperty(11408): supportNewPermissionCheck value=-1
11-29 09:55:18.856 I/        (11629): power log dlsym ok
11-29 09:55:18.861 I/art     (11629): Reinit property: dalvik.vm.checkjni= false
11-29 09:55:18.897 I/chatty  (  486): uid=1000(system) Binder:486_5 expire 5 lines
11-29 09:55:18.912 I/chatty  (  486): uid=1000(system) Binder:486_2 expire 7 lines
11-29 09:55:18.940 I/art     (11629): Starting a blocking GC AddRemoveAppImageSpace
11-29 09:55:18.969 E/FileManager-8.0.1.309 | AppManager(11629): LoadDisk Class Exception!
11-29 09:55:18.970 I/AppLogManager(11629): AppLogManager onCreate
11-29 09:55:18.974 E/CommonUtils(11629): getBoolean [class java.lang.String, class java.lang.String]
11-29 09:55:18.974 E/AppLogApi/CrashHandler(11629): CrashHandler init
11-29 09:55:18.974 E/ReportApi(11629): init reportCycle==5000
11-29 09:55:18.974 I/AppLogManager(11629): first init
11-29 09:55:18.974 I/AppLogManager(11629): worker start
11-29 09:55:18.988 I/SkytoneSDK-1.0.1.301|SubscribeManager(11629): initSDK
11-29 09:55:18.995 I/SkytoneSDK-1.0.1.301|SubscribeManager(11629): handle ActivateVSim event when initSDK
11-29 09:55:18.996 I/SkytoneSDK-1.0.1.301|ActivateVSimEventHandler(11629): handle start
11-29 09:55:18.996 I/SkytoneSDK-1.0.1.301|ActivateVSimEventHandler(11629): handleActivateVSimEvent
11-29 09:55:18.997 I/hisync.HicloudApplication(11629): processObserverService
11-29 09:55:18.999 I/FileManager-8.0.1.309 | CommonConfig(11629): versionName --> 8.0.1.309
11-29 09:55:19.015 I/hisync-findmyphone.AntiTheftInf(11629): isAntiTheftSupported  = true
11-29 09:55:19.035 E/AppLogApi(11629): deleteOverTimeLog 
11-29 09:55:19.039 E/AppLogApi(11629): deleteOverTimeLog selectall 
11-29 09:55:19.054 E/AppLogApi(11629): remainsize 1048576
11-29 09:55:19.054 E/AppLogApi(11629): begin to createBiglogzip!
11-29 09:55:19.061 E/AppLogApi(11629): autohasloglist0
11-29 09:55:19.071 E/AppLogApi/FeedbackUtils(11629): is not o version
11-29 09:55:19.072 E/AppLogApi(11629): begin creatEventlogzip!
11-29 09:55:19.072 E/AppLogApi(11629): no hasloglistsize,stop!
11-29 09:55:19.072 E/AppLogApi(11629): Biglogzip path
11-29 09:55:19.072 E/AppLogApi/AutoUploadService(11629): createBiglogzip failed!
11-29 09:55:19.113 E/teecd   (  416): cannot find package:system_server
11-29 09:55:19.113 E/teecd   (  416): get certs for app failed
11-29 09:55:19.215 I/hisync-findmyphone.AntiTheftInf(11629): AntiTheftManagerEx getEnable = false from Anti
11-29 09:55:19.215 I/hisync-findmyphone.AntiTheftInf(11629): isAntiTheftSupported  = true
11-29 09:55:19.216 I/hisync-findmyphone.AntiTheftDataManager(11629): read data from Anti begin
11-29 09:55:19.224 E/Thermal-daemon(  505): [pa_0] temp_new :32  temp_old :31
11-29 09:55:19.224 E/Thermal-daemon(  505): Report temperature: [pa_0] temp :32  report_threshold:1
11-29 09:55:19.226 E/Thermal-daemon(  505): [ap] temp_new :36  temp_old :37
11-29 09:55:19.226 E/Thermal-daemon(  505): Report temperature: [ap] temp :36  report_threshold:1
11-29 09:55:19.290 E/teecd   (  416): cannot find package:system_server
11-29 09:55:19.290 E/teecd   (  416): get certs for app failed
11-29 09:55:19.400 I/bt_att  ( 9994): GATTC_Read conn_id=6 type=2
11-29 09:55:19.428 I/chatty  (  962): uid=1000(system) IPD-COMM expire 110 lines
11-29 09:55:19.434 I/chatty  ( 1047): uid=1000(system) LocationThread expire 50 lines
11-29 09:55:19.445 I/chatty  (  962): uid=1000(system) /product/bin/inv_ipld expire 42 lines
11-29 09:55:19.448 I/chatty  ( 1047): uid=1000(system) Binder:1047_D expire 7 lines
11-29 09:55:19.451 I/chatty  ( 1047): uid=1000(system) Binder:1047_10 expire 8 lines
11-29 09:55:19.453 I/chatty  (  530): uid=1000(system) /vendor/bin/fusion_daemon expire 1 line
11-29 09:55:19.468 I/bt_btif_gatt( 9994): set_read_value len = 5 
11-29 09:55:19.468 W/bt_btif ( 9994): HAL bt_gatt_callbacks->client->read_characteristic_cb
11-29 09:55:19.469 W/BluetoothGatt(11122): onCharacteristicRead() - Device=80:EA:CA:00:00:03 handle=27 Status=0
11-29 09:55:19.469 E/BluetoothService(11122): read rspData 1
11-29 09:55:19.470 I/bt_att  ( 9994): GATTC_Read conn_id=6 type=2
11-29 09:55:19.499 E/teecd   (  416): cannot find package:system_server
11-29 09:55:19.499 E/teecd   (  416): get certs for app failed
11-29 09:55:19.502 W/SkytoneSDK-1.0.1.301|ActivateVSimEventHandler(11629): Wifi is not connected!
11-29 09:55:19.502 I/SkytoneSDK-1.0.1.301|ActivateVSimEventHandler(11629): handle end
11-29 09:55:19.567 I/bt_btif_gatt( 9994): set_read_value len = 20 
11-29 09:55:19.567 W/bt_btif ( 9994): HAL bt_gatt_callbacks->client->read_characteristic_cb
11-29 09:55:19.567 W/BluetoothGatt(11122): onCharacteristicRead() - Device=80:EA:CA:00:00:03 handle=30 Status=0
11-29 09:55:19.567 E/BluetoothService(11122): DATA_READ:DB 34 97 7B 31 57 74 6A 2D 98 FA 6A 8F 78 DB 5B 34 FC 2F 10
11-29 09:55:19.567 E/BluetoothService(11122): write rspInc
11-29 09:55:19.598 W/hisync-findmyphone.AntiTheftInf(11629): AntiTheftManagerEx read null data
11-29 09:55:19.598 I/hisync-findmyphone.AntiTheftDataManager(11629): read data from Anti:******
11-29 09:55:19.602 E/hisync-findmyphone.STUtils(11629): decrypterCbc Exceptionjava.lang.IllegalArgumentException: Bad arguments
11-29 09:55:19.605 E/hisync-findmyphone.STUtils(11629): decrypterCbc Exceptionjava.lang.IllegalArgumentException: Bad arguments
11-29 09:55:19.606 E/hisync-findmyphone.STUtils(11629): decrypterCbc Exceptionjava.lang.IllegalArgumentException: Bad arguments
11-29 09:55:19.607 E/hisync-findmyphone.STUtils(11629): decrypterCbc Exceptionjava.lang.IllegalArgumentException: Bad arguments
11-29 09:55:19.614 I/hisync-findmyphone.AntiTheftInf(11629): AntiTheftManagerEx getEnable = false from cache
11-29 09:55:19.663 W/bt_btif ( 9994): HAL bt_gatt_callbacks->client->write_characteristic_cb
11-29 09:55:19.663 E/BluetoothService(11122): OnCharacteristicWrite
11-29 09:55:19.663 E/BluetoothService(11122): read rspData n
11-29 09:55:19.665 I/bt_att  ( 9994): GATTC_Read conn_id=6 type=2
11-29 09:55:19.762 I/bt_btif_gatt( 9994): set_read_value len = 20 
11-29 09:55:19.762 W/bt_btif ( 9994): HAL bt_gatt_callbacks->client->read_characteristic_cb
11-29 09:55:19.762 W/BluetoothGatt(11122): onCharacteristicRead() - Device=80:EA:CA:00:00:03 handle=30 Status=0
11-29 09:55:19.763 E/BluetoothService(11122): DATA_READ:C3 70 F9 E8 B3 BC 95 44 7B 4F B3 03 CB 00 41 0C E8 64 42 62
11-29 09:55:19.763 E/BluetoothService(11122): write rspInc
11-29 09:55:19.858 W/bt_btif ( 9994): HAL bt_gatt_callbacks->client->write_characteristic_cb
11-29 09:55:19.858 E/BluetoothService(11122): OnCharacteristicWrite
11-29 09:55:19.858 E/BluetoothService(11122): read rspData n
11-29 09:55:19.860 I/bt_att  ( 9994): GATTC_Read conn_id=6 type=2
11-29 09:55:19.896 I/NetworkSpeedManagerEx( 1627): mIsStop = false
11-29 09:55:19.898 I/NetworkSpeedManagerEx( 1627): value=596.6667speed = 597B/s
11-29 09:55:19.898 I/NetworkSpeedView( 1627): /update(), speed=597B/s parent class:class com.android.systemui.statusbar.HwSystemIcons
11-29 09:55:19.929 I/NetworkSpeedManagerEx( 1627): mIsStop = false
11-29 09:55:19.931 I/NetworkSpeedManagerEx( 1627): value=256.33334speed = 256B/s
11-29 09:55:19.931 I/NetworkSpeedView( 1627): /update(), speed=256B/s parent class:class com.android.systemui.statusbar.HwSystemIcons
11-29 09:55:19.957 I/bt_btif_gatt( 9994): set_read_value len = 20 
11-29 09:55:19.957 W/bt_btif ( 9994): HAL bt_gatt_callbacks->client->read_characteristic_cb
11-29 09:55:19.958 W/BluetoothGatt(11122): onCharacteristicRead() - Device=80:EA:CA:00:00:03 handle=30 Status=0
11-29 09:55:19.958 E/BluetoothService(11122): DATA_READ:BF A1 FA AC 4F F4 78 46 9D 61 0B 7B 35 20 35 F3 94 42 EA BB
11-29 09:55:19.958 E/BluetoothService(11122): write rspInc
11-29 09:55:20.055 W/bt_btif ( 9994): HAL bt_gatt_callbacks->client->write_characteristic_cb
11-29 09:55:20.058 E/BluetoothService(11122): OnCharacteristicWrite
11-29 09:55:20.058 E/BluetoothService(11122): read rspData n
11-29 09:55:20.060 I/bt_att  ( 9994): GATTC_Read conn_id=6 type=2
11-29 09:55:20.151 I/bt_btif_gatt( 9994): set_read_value len = 4 
11-29 09:55:20.151 W/bt_btif ( 9994): HAL bt_gatt_callbacks->client->read_characteristic_cb
11-29 09:55:20.152 W/BluetoothGatt(11122): onCharacteristicRead() - Device=80:EA:CA:00:00:03 handle=30 Status=0
11-29 09:55:20.153 E/BluetoothService(11122): DATA_READ:14 E6 A1 8C
11-29 09:55:20.153 E/BluetoothService(11122): write rspInc
11-29 09:55:20.250 W/bt_btif ( 9994): HAL bt_gatt_callbacks->client->write_characteristic_cb
11-29 09:55:20.252 E/BluetoothService(11122): OnCharacteristicWrite
11-29 09:55:20.253 E/BluetoothService(11122): read rspData n
11-29 09:55:20.255 I/bt_att  ( 9994): GATTC_Read conn_id=6 type=2
11-29 09:55:20.347 I/bt_btif_gatt( 9994): set_read_value len = 0 
11-29 09:55:20.347 W/bt_btif ( 9994): HAL bt_gatt_callbacks->client->read_characteristic_cb
11-29 09:55:20.349 W/BluetoothGatt(11122): onCharacteristicRead() - Device=80:EA:CA:00:00:03 handle=30 Status=0
11-29 09:55:20.350 E/BluetoothService(11122): DATA_END: DB 34 97 7B 31 57 74 6A 2D 98 FA 6A 8F 78 DB 5B 34 FC 2F 10 C3 70 F9 E8 B3 BC 95 44 7B 4F B3 03 CB 00 41 0C E8 64 42 62 BF A1 FA AC 4F F4 78 46 9D 61 0B 7B 35 20 35 F3 94 42 EA BB 14 E6 A1 8C
11-29 09:55:20.351 E/BluetoothService(11122): Response:{"method":"Test","result":200,"reason":"OK"}
11-29 09:55:20.351 E/BluConn (11122): onReceiveData.................{"method":"Test","result":200,"reason":"OK"}
11-29 09:55:20.414 I/art     (11122): Do partial code cache collection, code=50KB, data=61KB
11-29 09:55:20.415 I/art     (11122): After code cache collection, code=46KB, data=60KB
11-29 09:55:20.416 I/art     (11122): Increasing code cache capacity to 256KB
11-29 09:55:20.418 E/BluConn (11122): ================ stopScanBlu =================
11-29 09:55:20.430 I/bt_btif ( 9994): BTA_DmBleObserve:start = 0 
11-29 09:55:20.430 I/bt_btif ( 9994): BTA_DmBleScanFilterSetup: 1
11-29 09:55:20.430 I/bt_btm  ( 9994): BTM_BleObserve : scan_type:0, 8000, 800
11-29 09:55:20.430 I/bt_btm  ( 9994): btm_ble_stop_scan 
11-29 09:55:20.430 I/bt_btm  ( 9994): btm_update_scanner_filter_policy
11-29 09:55:20.430 I/bt_btm  ( 9994):  BTM_BleAdvFilterParamSetup
11-29 09:55:20.430 I/bt_btm  ( 9994): BTM: BTM_VendorSpecificCommand: Opcode: 0xFD57, ParamLen: 3.
11-29 09:55:20.431 I/bt_att  ( 9994): GATT_Deregister gatt_if=5
11-29 09:55:20.431 I/bt_att  ( 9994): GATT_Listen gatt_if=5
11-29 09:55:20.431 I/bt_btm  ( 9994): BTM_BleUpdateAdvFilterPolicy
11-29 09:55:20.431 I/bt_btm  ( 9994): BTM_ReadConnectability
11-29 09:55:20.431 I/bt_btm  ( 9994): btm_ble_set_connectability mode=0x0 combined_mode=0x1
11-29 09:55:20.433 I/SendBroadcastPermission( 9994): action:com.android.bluetooth.gatt.ACTION_DISCONNECT_CLIENT, mPermissionType:0
11-29 09:55:20.433 I/bt_att  ( 9994): GATT_Disconnect conn_id=6 
11-29 09:55:20.433 I/bt_att  ( 9994): GATT_SetIdleTimeout idle_tout=1 status=1(1-OK 0-not performed)
11-29 09:55:20.433 E/bt_btif ( 9994): bta_gattc_mark_bg_conn unable to find the bg connection mask for: 80:ea:ca:00:00:03
11-29 09:55:20.433 W/bt_btif ( 9994): HAL bt_gatt_callbacks->client->close_cb
11-29 09:55:20.434 I/SendBroadcastPermission( 9994): action:com.android.bluetooth.gatt.ACTION_ON_DISCONNECT, mPermissionType:0
11-29 09:55:20.434 E/BluetoothService(11122):  onConnectionStateChange
11-29 09:55:20.434 E/BluetoothService(11122): STATE_DISCONNECTED:80:EA:CA:00:00:03
11-29 09:55:20.434 E/BluConn (11122): onCancelConnect.................
11-29 09:55:20.436 W/bt_btif ( 9994): HAL bt_gatt_callbacks->client->scan_filter_param_cb
11-29 09:55:20.455 I/chatty  ( 2195): uid=1000(system) Binder:2195_2 expire 2 lines
11-29 09:55:20.456 E/BluConn (11122): ================ stopScanBlu =================
11-29 09:55:20.456 I/Pged-IPgedBinderService(  506): ****action is 1, pid num is 7***
11-29 09:55:20.456 I/Pged-Freezer(  506): freezePids
11-29 09:55:20.456 I/Pged-Freezer(  506): Freeze process: 11287
11-29 09:55:20.457 I/SendBroadcastPermission( 9994): action:com.android.bluetooth.gatt.ACTION_DISCONNECT_CLIENT, mPermissionType:0
11-29 09:55:20.457 E/bt_btif ( 9994): No such connection need to be cancelled
11-29 09:55:20.457 E/bt_btif ( 9994): bta_gattc_mark_bg_conn unable to find the bg connection mask for: 80:ea:ca:00:00:03
11-29 09:55:20.457 I/Pged-Freezer(  506): Freeze process: 1561
11-29 09:55:20.458 I/Pged-Freezer(  506): Freeze process: 310
11-29 09:55:20.458 I/Pged-Freezer(  506): Freeze process: 848
11-29 09:55:20.459 I/Pged-Freezer(  506): Freeze process: 32608
11-29 09:55:20.459 I/Pged-Freezer(  506): Freeze process: 6927
11-29 09:55:20.509 I/chatty  (  486): uid=1000(system) Binder:486_1 expire 3 lines
11-29 09:55:20.886 I/chatty  (  486): uid=1000(system) /system/bin/surfaceflinger expire 3 lines
11-29 09:55:21.225 W/PhoneInterfaceManager( 1749): shouldBlockLocation running ...
11-29 09:55:21.232 I/PhoneInterfaceManager( 1749): shouldBlockLocation  ret:false
11-29 09:55:21.240 W/PhoneInterfaceManager( 1749): shouldBlockLocation running ...
11-29 09:55:21.248 I/PhoneInterfaceManager( 1749): shouldBlockLocation  ret:false
11-29 09:55:21.275 W/PhoneInterfaceManager( 1749): shouldBlockLocation running ...
11-29 09:55:21.280 I/PhoneInterfaceManager( 1749): shouldBlockLocation  ret:false
11-29 09:55:21.434 I/bt_btm  ( 9994): btm_sec_send_hci_disconnect:  handle:0x40, reason=0x13
11-29 09:55:21.457 I/chatty  ( 1047): uid=1000(system) Binder:1047_16 expire 3 lines
11-29 09:55:21.468 I/bt_att  ( 9994): gatt_connect_cback: from 80eaca000003 connected:0 conn_id=1 reason = 0x0016
11-29 09:55:21.468 W/bt_btif ( 9994): bta_gattc_conn_cback() - cif=3 connected=0 conn_id=3 reason=0x0016
11-29 09:55:21.468 W/bt_btif ( 9994): bta_gattc_conn_cback() - cif=4 connected=0 conn_id=4 reason=0x0016
11-29 09:55:21.468 W/bt_btif ( 9994): bta_gattc_conn_cback() - cif=6 connected=0 conn_id=6 reason=0x0016
11-29 09:55:21.468 I/bt_smp  ( 9994): SMDBG l2c smp_connect_callback
11-29 09:55:21.468 W/bt_btm  ( 9994): BTM_BLI_ACL_DOWN_EVT
11-29 09:55:21.468 W/bt_btif ( 9994): bta_dm_bl_change_cback:  p_msg->busy_level: 0, p_msg->busy_level_flags:0
11-29 09:55:21.468 I/bt_btm_sec( 9994): btm_sec_disconnected clearing pending flag handle:64 reason:22
11-29 09:55:21.468 W/bt_btm  ( 9994): btm_sec_disconnected sec_req:x0 state:0 reason:22 bd_addr:80:ea:ca:00:00:03  remote_name:
11-29 09:55:21.468 I/bt_btm  ( 9994): btm_sec_disconnected before update sec_flags=0x0
11-29 09:55:21.468 I/bt_btm  ( 9994): btm_sec_disconnected after update sec_flags=0x0
11-29 09:55:21.469 I/bt_btif ( 9994): btif_dm_upstreams_cback  ev: BTA_DM_LINK_DOWN_EVT
11-29 09:55:21.469 W/bt_btif ( 9994): HAL bt_hal_cbacks->acl_state_changed_cb
11-29 09:55:21.469 I/BluetoothServiceJni( 9994): Callback env check : env: 0xe92069d0, callbackEnv: 0xe92069d0
11-29 09:55:21.471 E/Bth     ( 9994): BtExceptionProcessor:deviceType unknown.
11-29 09:55:21.471 I/SendBroadcastPermission( 9994): action:android.bluetooth.device.action.ACL_DISCONNECTED, mPermissionType:0
11-29 09:55:21.472 I/bt_btif ( 9994): btif_dm_upstreams_cback  ev: BTA_DM_BUSY_LEVEL_EVT
11-29 09:55:21.472 I/chatty  ( 2195): uid=1000(system) core expire 2 lines
11-29 09:55:21.963 I/Pged-IPgedBinderService(  506): ****action is 2, pid num is 7***
11-29 09:55:21.963 I/Pged-Freezer(  506): thawPids
11-29 09:55:22.259 W/PhoneInterfaceManager( 1749): shouldBlockLocation running ...
11-29 09:55:22.260 I/PhoneInterfaceManager( 1749): shouldBlockLocation  ret:false
11-29 09:55:22.522 I/chatty  ( 1782): uid=1000(system) gCollectService expire 3 lines
11-29 09:55:22.523 I/chatty  ( 1782): uid=1000(system) e.LogDatabaseNc expire 11 lines
11-29 09:55:22.900 I/NetworkSpeedManagerEx( 1627): mIsStop = false
11-29 09:55:22.905 I/NetworkSpeedManagerEx( 1627): value=34.666668speed = 35B/s
11-29 09:55:22.906 I/NetworkSpeedView( 1627): /update(), speed=35B/s parent class:class com.android.systemui.statusbar.HwSystemIcons
11-29 09:55:22.933 I/NetworkSpeedManagerEx( 1627): mIsStop = false
11-29 09:55:22.939 I/NetworkSpeedManagerEx( 1627): value=34.666668speed = 35B/s
11-29 09:55:22.940 I/NetworkSpeedView( 1627): /update(), speed=35B/s parent class:class com.android.systemui.statusbar.HwSystemIcons
11-29 09:55:23.088 I/HwMobileSignalController( 1627): subId:0 phoneType:1 networktype:13 targetClass:3 masterLevel:5 slaveLevel:-1
11-29 09:55:23.205 I/chatty  ( 5685): uid=1000(system) com.huawei.lbs expire 22 lines
11-29 09:55:23.223 I/chatty  ( 1047): uid=1000(system) AlarmManager expire 3 lines
11-29 09:55:23.225 I/chatty  ( 2195): uid=1000(system) HookHub expire 1 line
11-29 09:55:24.227 E/Thermal-daemon(  505): [pa_0] temp_new :31  temp_old :32
11-29 09:55:24.227 E/Thermal-daemon(  505): Report temperature: [pa_0] temp :31  report_threshold:1
11-29 09:55:24.228 E/Thermal-daemon(  505): [charger_ic] temp_new :32  temp_old :33
11-29 09:55:24.228 E/Thermal-daemon(  505): Report temperature: [charger_ic] temp :32  report_threshold:1
11-29 09:55:25.907 I/NetworkSpeedManagerEx( 1627): mIsStop = false
11-29 09:55:25.914 I/NetworkSpeedManagerEx( 1627): value=26.666666speed = 27B/s
11-29 09:55:25.914 I/NetworkSpeedView( 1627): /update(), speed=27B/s parent class:class com.android.systemui.statusbar.HwSystemIcons
11-29 09:55:25.940 I/NetworkSpeedManagerEx( 1627): mIsStop = false
11-29 09:55:25.946 I/NetworkSpeedManagerEx( 1627): value=26.666666speed = 27B/s
11-29 09:55:25.946 I/NetworkSpeedView( 1627): /update(), speed=27B/s parent class:class com.android.systemui.statusbar.HwSystemIcons
11-29 09:55:26.075 I/HwMobileSignalController( 1627): subId:0 phoneType:1 networktype:13 targetClass:3 masterLevel:5 slaveLevel:-1
11-29 09:55:26.217 I/chatty  ( 1047): uid=1000 system_server expire 115 lines
11-29 09:55:26.381 I/HwMobileSignalController( 1627): subId:0 phoneType:1 networktype:13 targetClass:3 masterLevel:5 slaveLevel:-1
11-29 09:55:26.453 I/chatty  ( 1047): uid=1000(system) IPC Thread expire 24 lines
11-29 09:55:27.256 W/PhoneInterfaceManager( 1749): shouldBlockLocation running ...
11-29 09:55:27.263 W/PhoneInterfaceManager( 1749): shouldBlockLocation running ...
11-29 09:55:27.263 I/PhoneInterfaceManager( 1749): shouldBlockLocation  ret:false
11-29 09:55:27.269 I/PhoneInterfaceManager( 1749): shouldBlockLocation  ret:false
11-29 09:55:27.277 W/PhoneInterfaceManager( 1749): shouldBlockLocation running ...
11-29 09:55:27.286 I/PhoneInterfaceManager( 1749): shouldBlockLocation  ret:false
11-29 09:55:27.316 W/PhoneInterfaceManager( 1749): shouldBlockLocation running ...
11-29 09:55:27.325 I/PhoneInterfaceManager( 1749): shouldBlockLocation  ret:false
11-29 09:55:28.387 W/ResourceType(11122): Failure getting entry for 0xff0a00ad (t=9 e=173) (error -75)
11-29 09:55:28.516 I/chatty  (  486): uid=1000(system) Binder:486_3 expire 1 line
11-29 09:55:28.526 I/Process (11598): Sending signal. PID: 11598 SIG: 9
11-29 09:55:28.526 E/OpenGLRenderer(11122): allen debug liyu Key: 0
11-29 09:55:28.566 I/chatty  ( 2195): uid=1000(system) actions handler expire 1 line
11-29 09:55:28.566 E/OpenGLRenderer(11122): allen debug liyu Key: 5242944
11-29 09:55:28.604 W/IInputConnectionWrapper(11122): finishComposingText on inactive InputConnection
11-29 09:55:28.915 I/NetworkSpeedManagerEx( 1627): mIsStop = false
11-29 09:55:28.917 I/NetworkSpeedManagerEx( 1627): value=34.666668speed = 35B/s
11-29 09:55:28.917 I/NetworkSpeedView( 1627): /update(), speed=35B/s parent class:class com.android.systemui.statusbar.HwSystemIcons
11-29 09:55:28.947 I/NetworkSpeedManagerEx( 1627): mIsStop = false
11-29 09:55:28.949 I/NetworkSpeedManagerEx( 1627): value=34.666668speed = 35B/s
11-29 09:55:28.949 I/NetworkSpeedView( 1627): /update(), speed=35B/s parent class:class com.android.systemui.statusbar.HwSystemIcons
11-29 09:55:29.110 I/HwMobileSignalController( 1627): subId:0 phoneType:1 networktype:13 targetClass:3 masterLevel:5 slaveLevel:-1
11-29 09:55:30.247 I/chatty  ( 2195): uid=1000(system) HookHub expire 3 lines
11-29 09:55:30.251 W/PhoneInterfaceManager( 1749): shouldBlockLocation running ...
11-29 09:55:30.257 I/PhoneInterfaceManager( 1749): shouldBlockLocation  ret:false
11-29 09:55:30.276 W/PhoneInterfaceManager( 1749): shouldBlockLocation running ...
11-29 09:55:30.285 I/PhoneInterfaceManager( 1749): shouldBlockLocation  ret:false
11-29 09:55:30.287 I/chatty  ( 1047): uid=1000(system) Binder:1047_C expire 10 lines
11-29 09:55:30.308 W/PhoneInterfaceManager( 1749): shouldBlockLocation running ...
11-29 09:55:30.316 I/PhoneInterfaceManager( 1749): shouldBlockLocation  ret:false
11-29 09:55:31.235 I/chatty  (  530): uid=1000(system) /vendor/bin/fusion_daemon expire 12 lines
11-29 09:55:31.918 I/NetworkSpeedManagerEx( 1627): mIsStop = false
11-29 09:55:31.920 I/NetworkSpeedManagerEx( 1627): value=0.0speed = 0K/s
11-29 09:55:31.920 I/NetworkSpeedView( 1627): /update(), speed=0K/s parent class:class com.android.systemui.statusbar.HwSystemIcons
11-29 09:55:31.949 I/NetworkSpeedManagerEx( 1627): mIsStop = false
11-29 09:55:31.952 I/NetworkSpeedManagerEx( 1627): value=0.0speed = 0K/s
11-29 09:55:31.952 I/NetworkSpeedView( 1627): /update(), speed=0K/s parent class:class com.android.systemui.statusbar.HwSystemIcons
11-29 09:55:32.280 W/PhoneInterfaceManager( 1749): shouldBlockLocation running ...
11-29 09:55:32.280 I/PhoneInterfaceManager( 1749): shouldBlockLocation  ret:false
11-29 09:55:33.865 I/HwMobileSignalController( 1627): subId:0 phoneType:1 networktype:13 targetClass:3 masterLevel:5 slaveLevel:-1
11-29 09:55:33.994 I/HwMobileSignalController( 1627): subId:1 phoneType:1 networktype:2 targetClass:1 masterLevel:5 slaveLevel:-1
11-29 09:55:34.002 E/AppLogApi(11629): currentTimeMillis!1511920534002
11-29 09:55:34.003 E/AppLogApi(11629): beforeTimeMillis!1511920518778
11-29 09:55:34.003 E/AppLogApi(11629): checkTimeOver false
11-29 09:55:34.247 I/chatty  ( 5685): uid=1000(system) com.huawei.lbs expire 36 lines
11-29 09:55:34.921 I/NetworkSpeedManagerEx( 1627): mIsStop = false
11-29 09:55:34.926 I/NetworkSpeedManagerEx( 1627): value=0.0speed = 0K/s
11-29 09:55:34.926 I/NetworkSpeedView( 1627): /update(), speed=0K/s parent class:class com.android.systemui.statusbar.HwSystemIcons
11-29 09:55:34.953 I/NetworkSpeedManagerEx( 1627): mIsStop = false
11-29 09:55:34.959 I/NetworkSpeedManagerEx( 1627): value=0.0speed = 0K/s
11-29 09:55:34.959 I/NetworkSpeedView( 1627): /update(), speed=0K/s parent class:class com.android.systemui.statusbar.HwSystemIcons
11-29 09:55:35.441 I/chatty  (  962): uid=1000(system) IPD-COMM expire 10 lines
11-29 09:55:35.697 W/PhoneInterfaceManager( 1749): shouldBlockLocation running ...
11-29 09:55:35.697 I/PhoneInterfaceManager( 1749): shouldBlockLocation  ret:false
11-29 09:55:35.700 I/chatty  ( 1047): uid=1000(system) HwIntelligenceS expire 6 lines
11-29 09:55:35.705 W/PhoneInterfaceManager( 1749): shouldBlockLocation running ...
11-29 09:55:35.705 I/PhoneInterfaceManager( 1749): shouldBlockLocation  ret:false
11-29 09:55:35.718 W/PhoneInterfaceManager( 1749): shouldBlockLocation running ...
11-29 09:55:35.720 W/PhoneInterfaceManager( 1749): shouldBlockLocation running ...
11-29 09:55:35.721 I/PhoneInterfaceManager( 1749): shouldBlockLocation  ret:false
11-29 09:55:35.727 I/PhoneInterfaceManager( 1749): shouldBlockLocation  ret:false
11-29 09:55:36.295 I/chatty  ( 1047): uid=1000(system) Binder:1047_18 expire 12 lines
11-29 09:55:37.234 W/KeyguardUpdateMonitor( 1627): ACTION_BATTERY_CHANGED AMP: 0; Volt: 0
11-29 09:55:37.250 E/CloudAlbum[8.0.1.309](11408): [ReceiverManager] not log on ignore
11-29 09:55:37.261 W/KeyguardUpdateMonitor( 1627): ChargingSpeed  Wattage: -1 ST: 5000000 --> 7500000
11-29 09:55:37.261 I/KgBattery( 1627): BatteryInfo updated:  2lPc-1
11-29 09:55:37.261 W/AppHandler( 1627): sendMessage with obj100
11-29 09:55:37.270 W/HwLockScreenPanel( 1627): refreshBatteryInfo: com.huawei.keyguard.amazinglockscreen.AmazingLockScreen{833b849 VFE...... ......I. 0,0-0,0}
11-29 09:55:37.270 W/KgBattery( 1627): getCharge info with type: text
11-29 09:55:37.272 W/HwLockScreenPanel( 1627): Handle message: 100
11-29 09:55:37.290 W/PhoneInterfaceManager( 1749): shouldBlockLocation running ...
11-29 09:55:37.290 I/PhoneInterfaceManager( 1749): shouldBlockLocation  ret:false
11-29 09:55:37.927 I/NetworkSpeedManagerEx( 1627): mIsStop = false
11-29 09:55:37.932 I/NetworkSpeedManagerEx( 1627): value=0.0speed = 0K/s
11-29 09:55:37.933 I/NetworkSpeedView( 1627): /update(), speed=0K/s parent class:class com.android.systemui.statusbar.HwSystemIcons
11-29 09:55:37.959 I/NetworkSpeedManagerEx( 1627): mIsStop = false
11-29 09:55:37.964 I/NetworkSpeedManagerEx( 1627): value=0.0speed = 0K/s
11-29 09:55:37.964 I/NetworkSpeedView( 1627): /update(), speed=0K/s parent class:class com.android.systemui.statusbar.HwSystemIcons
11-29 09:55:38.074 I/chatty  (  486): uid=1000(system) Binder:486_5 expire 1 line
11-29 09:55:38.076 I/chatty  (  486): uid=1000(system) /system/bin/surfaceflinger expire 5 lines
11-29 09:55:38.096 W/IInputConnectionWrapper(11122): finishComposingText on inactive InputConnection
11-29 09:55:39.236 E/Thermal-daemon(  505): [battery] temp_new :30  temp_old :31
11-29 09:55:39.236 E/Thermal-daemon(  505): Report temperature: [battery] temp :30  report_threshold:1
11-29 09:55:39.240 E/Thermal-daemon(  505): [ap] temp_new :35  temp_old :36
11-29 09:55:39.240 E/Thermal-daemon(  505): Report temperature: [ap] temp :35  report_threshold:1
11-29 09:55:39.533 I/chatty  ( 1782): uid=1000(system) com.huawei.imonitor expire 3 lines
11-29 09:55:39.540 I/logserver(  524): handle_exception_events enter
11-29 09:55:39.552 I/chatty  ( 1782): uid=1000(system) gCollectService expire 1 line
11-29 09:55:39.872 I/HwMobileSignalController( 1627): subId:0 phoneType:1 networktype:13 targetClass:3 masterLevel:5 slaveLevel:-1
11-29 09:55:39.985 I/HwMobileSignalController( 1627): subId:1 phoneType:1 networktype:2 targetClass:1 masterLevel:5 slaveLevel:-1
11-29 09:55:40.934 I/NetworkSpeedManagerEx( 1627): mIsStop = false
11-29 09:55:40.939 I/NetworkSpeedManagerEx( 1627): value=0.0speed = 0K/s
11-29 09:55:40.940 I/NetworkSpeedView( 1627): /update(), speed=0K/s parent class:class com.android.systemui.statusbar.HwSystemIcons
11-29 09:55:40.965 I/NetworkSpeedManagerEx( 1627): mIsStop = false
11-29 09:55:40.970 I/NetworkSpeedManagerEx( 1627): value=0.0speed = 0K/s
11-29 09:55:40.971 I/NetworkSpeedView( 1627): /update(), speed=0K/s parent class:class com.android.systemui.statusbar.HwSystemIcons
11-29 09:55:42.295 W/PhoneInterfaceManager( 1749): shouldBlockLocation running ...
11-29 09:55:42.295 I/PhoneInterfaceManager( 1749): shouldBlockLocation  ret:false
11-29 09:55:42.498 W/KeyguardUpdateMonitor( 1627): ACTION_BATTERY_CHANGED AMP: 0; Volt: 0
11-29 09:55:42.503 E/CloudAlbum[8.0.1.309](11408): [ReceiverManager] not log on ignore
11-29 09:55:42.519 W/KeyguardUpdateMonitor( 1627): ChargingSpeed  Wattage: -1 ST: 5000000 --> 7500000
11-29 09:55:42.519 I/KgBattery( 1627): BatteryInfo updated:  2lPc-1
11-29 09:55:42.519 W/AppHandler( 1627): sendMessage with obj100
11-29 09:55:42.531 W/HwLockScreenPanel( 1627): refreshBatteryInfo: com.huawei.keyguard.amazinglockscreen.AmazingLockScreen{833b849 VFE...... ......I. 0,0-0,0}
11-29 09:55:42.531 W/KgBattery( 1627): getCharge info with type: text
11-29 09:55:42.535 W/HwLockScreenPanel( 1627): Handle message: 100
11-29 09:55:43.279 I/chatty  (  530): uid=1000(system) /vendor/bin/fusion_daemon expire 11 lines
11-29 09:55:43.941 I/NetworkSpeedManagerEx( 1627): mIsStop = false
11-29 09:55:43.946 I/NetworkSpeedManagerEx( 1627): value=0.0speed = 0K/s
11-29 09:55:43.947 I/NetworkSpeedView( 1627): /update(), speed=0K/s parent class:class com.android.systemui.statusbar.HwSystemIcons
11-29 09:55:43.971 I/NetworkSpeedManagerEx( 1627): mIsStop = false
11-29 09:55:43.976 I/NetworkSpeedManagerEx( 1627): value=0.0speed = 0K/s
11-29 09:55:43.976 I/NetworkSpeedView( 1627): /update(), speed=0K/s parent class:class com.android.systemui.statusbar.HwSystemIcons
11-29 09:55:44.245 E/Thermal-daemon(  505): [ap] temp_new :34  temp_old :35
11-29 09:55:44.245 E/Thermal-daemon(  505): Report temperature: [ap] temp :34  report_threshold:1
11-29 09:55:45.285 I/chatty  ( 1047): uid=1000 system_server expire 65 lines
11-29 09:55:45.287 I/chatty  ( 1047): uid=1000(system) LocationThread expire 22 lines
11-29 09:55:45.291 I/chatty  ( 1782): uid=1000(system) Binder:1782_8 expire 7 lines
11-29 09:55:45.438 I/chatty  ( 1047): uid=1000(system) IPC Thread expire 16 lines
11-29 09:55:45.856 I/chatty  ( 1047): uid=1000 system_server expire 10 lines
11-29 09:55:45.872 I/HwMobileSignalController( 1627): subId:0 phoneType:1 networktype:13 targetClass:3 masterLevel:5 slaveLevel:-1
11-29 09:55:46.293 I/chatty  ( 1782): uid=1000(system) Binder:1782_5 expire 7 lines
11-29 09:55:46.297 I/chatty  ( 1782): uid=1000(system) Binder:1782_3 expire 8 lines
11-29 09:55:46.948 I/NetworkSpeedManagerEx( 1627): mIsStop = false
11-29 09:55:46.952 I/NetworkSpeedManagerEx( 1627): value=0.0speed = 0K/s
11-29 09:55:46.952 I/NetworkSpeedView( 1627): /update(), speed=0K/s parent class:class com.android.systemui.statusbar.HwSystemIcons
11-29 09:55:46.976 I/NetworkSpeedManagerEx( 1627): mIsStop = false
11-29 09:55:46.979 I/NetworkSpeedManagerEx( 1627): value=0.0speed = 0K/s
11-29 09:55:46.980 I/NetworkSpeedView( 1627): /update(), speed=0K/s parent class:class com.android.systemui.statusbar.HwSystemIcons
11-29 09:55:47.322 W/PhoneInterfaceManager( 1749): shouldBlockLocation running ...
11-29 09:55:47.323 I/PhoneInterfaceManager( 1749): shouldBlockLocation  ret:false
11-29 09:55:49.246 E/Thermal-daemon(  505): [pa_0] temp_new :32  temp_old :31
11-29 09:55:49.247 E/Thermal-daemon(  505): Report temperature: [pa_0] temp :32  report_threshold:1
11-29 09:55:49.248 E/Thermal-daemon(  505): [ap] temp_new :35  temp_old :34
11-29 09:55:49.249 E/Thermal-daemon(  505): Report temperature: [ap] temp :35  report_threshold:1
11-29 09:55:49.953 I/NetworkSpeedManagerEx( 1627): mIsStop = false
11-29 09:55:49.958 I/NetworkSpeedManagerEx( 1627): value=146.0speed = 146B/s
11-29 09:55:49.959 I/NetworkSpeedView( 1627): /update(), speed=146B/s parent class:class com.android.systemui.statusbar.HwSystemIcons
11-29 09:55:49.980 I/NetworkSpeedManagerEx( 1627): mIsStop = false
11-29 09:55:49.986 I/NetworkSpeedManagerEx( 1627): value=146.0speed = 146B/s
11-29 09:55:49.986 I/NetworkSpeedView( 1627): /update(), speed=146B/s parent class:class com.android.systemui.statusbar.HwSystemIcons
11-29 09:55:50.808 I/chatty  ( 1047): uid=1000(system) MobileQosDetect expire 15 lines
11-29 09:55:50.809 I/chatty  ( 1047): uid=1000(system) Thread-13 expire 10 lines
11-29 09:55:51.785 I/awcn.TnetSpdySession(32608): |[seq:AWCN2_1] ping receive Host:https://acs.m.taobao.com id:2
11-29 09:55:51.876 I/HwMobileSignalController( 1627): subId:0 phoneType:1 networktype:13 targetClass:3 masterLevel:5 slaveLevel:-1
11-29 09:55:52.307 I/chatty  ( 5685): uid=1000(system) com.huawei.lbs expire 22 lines
11-29 09:55:52.311 I/chatty  ( 1782): uid=1000(system) Binder:1782_7 expire 6 lines
11-29 09:55:52.314 I/chatty  ( 1782): uid=1000(system) Binder:1782_2 expire 5 lines
11-29 09:55:52.335 W/PhoneInterfaceManager( 1749): shouldBlockLocation running ...
11-29 09:55:52.338 W/PhoneInterfaceManager( 1749): shouldBlockLocation running ...
11-29 09:55:52.338 I/PhoneInterfaceManager( 1749): shouldBlockLocation  ret:false
11-29 09:55:52.347 I/PhoneInterfaceManager( 1749): shouldBlockLocation  ret:false
11-29 09:55:52.356 W/PhoneInterfaceManager( 1749): shouldBlockLocation running ...
11-29 09:55:52.367 I/PhoneInterfaceManager( 1749): shouldBlockLocation  ret:false
11-29 09:55:52.396 W/PhoneInterfaceManager( 1749): shouldBlockLocation running ...
11-29 09:55:52.408 I/PhoneInterfaceManager( 1749): shouldBlockLocation  ret:false
11-29 09:55:52.961 I/NetworkSpeedManagerEx( 1627): mIsStop = false
11-29 09:55:52.966 I/NetworkSpeedManagerEx( 1627): value=224.33333speed = 224B/s
11-29 09:55:52.966 I/NetworkSpeedView( 1627): /update(), speed=224B/s parent class:class com.android.systemui.statusbar.HwSystemIcons
11-29 09:55:52.986 I/NetworkSpeedManagerEx( 1627): mIsStop = false
11-29 09:55:52.992 I/NetworkSpeedManagerEx( 1627): value=224.33333speed = 224B/s
11-29 09:55:52.993 I/NetworkSpeedView( 1627): /update(), speed=224B/s parent class:class com.android.systemui.statusbar.HwSystemIcons
11-29 09:55:53.314 I/chatty  ( 1782): uid=1000(system) Binder:1782_4 expire 6 lines
11-29 09:55:54.252 E/Thermal-daemon(  505): [ap] temp_new :34  temp_old :35
11-29 09:55:54.252 E/Thermal-daemon(  505): Report temperature: [ap] temp :34  report_threshold:1
11-29 09:55:54.315 I/chatty  (  530): uid=1000(system) /vendor/bin/fusion_daemon expire 11 lines
11-29 09:55:55.329 I/chatty  ( 1782): uid=1000(system) Binder:1782_6 expire 5 lines
11-29 09:55:55.967 I/NetworkSpeedManagerEx( 1627): mIsStop = false
11-29 09:55:55.973 I/NetworkSpeedManagerEx( 1627): value=0.0speed = 0K/s
11-29 09:55:55.973 I/NetworkSpeedView( 1627): /update(), speed=0K/s parent class:class com.android.systemui.statusbar.HwSystemIcons
11-29 09:55:55.999 I/NetworkSpeedManagerEx( 1627): mIsStop = false
11-29 09:55:56.004 I/NetworkSpeedManagerEx( 1627): value=0.0speed = 0K/s
11-29 09:55:56.005 I/NetworkSpeedView( 1627): /update(), speed=0K/s parent class:class com.android.systemui.statusbar.HwSystemIcons
11-29 09:55:56.324 I/chatty  ( 1047): uid=1000 system_server expire 78 lines
11-29 09:55:56.326 I/chatty  ( 1047): uid=1000(system) LocationThread expire 24 lines
11-29 09:55:56.327 I/chatty  ( 1782): uid=1000(system) Binder:1782_1 expire 5 lines
11-29 09:55:56.445 I/chatty  (  962): uid=1000(system) IPD-COMM expire 12 lines
11-29 09:55:57.356 W/PhoneInterfaceManager( 1749): shouldBlockLocation running ...
11-29 09:55:57.356 I/PhoneInterfaceManager( 1749): shouldBlockLocation  ret:false
11-29 09:55:57.493 I/chatty  ( 1047): uid=1000(system) IPC Thread expire 26 lines
11-29 09:55:58.974 I/NetworkSpeedManagerEx( 1627): mIsStop = false
11-29 09:55:58.979 I/NetworkSpeedManagerEx( 1627): value=0.0speed = 0K/s
11-29 09:55:58.979 I/NetworkSpeedView( 1627): /update(), speed=0K/s parent class:class com.android.systemui.statusbar.HwSystemIcons
11-29 09:55:59.005 I/NetworkSpeedManagerEx( 1627): mIsStop = false
11-29 09:55:59.011 I/NetworkSpeedManagerEx( 1627): value=0.0speed = 0K/s
11-29 09:55:59.011 I/NetworkSpeedView( 1627): /update(), speed=0K/s parent class:class com.android.systemui.statusbar.HwSystemIcons
11-29 09:55:59.252 E/Thermal-daemon(  505): [pa_0] temp_new :31  temp_old :32
11-29 09:55:59.252 E/Thermal-daemon(  505): Report temperature: [pa_0] temp :31  report_threshold:1
11-29 09:56:00.021 W/HwKeyguardDragHelper( 1627): AnimationBlocked
11-29 09:56:00.044 W/HwKeyguardDragHelper( 1627): AnimationBlocked
11-29 09:56:00.048 I/EventCenter( 1627): EventCenter Get :android.intent.action.TIME_TICK
11-29 09:56:00.053 W/ResourceType( 1627): Failure getting entry for 0xffffffff (t=254 e=65535) (error -2147483647)
11-29 09:56:00.054 E/DateLunarView( 1627): mDateString is: 11月29日星期三
11-29 09:56:00.065 W/ResourceType( 1627): Failure getting entry for 0xffffffff (t=254 e=65535) (error -2147483647)
11-29 09:56:00.066 I/ClockHelper( 1627): no solar holiday!
11-29 09:56:00.066 I/ClockHelper( 1627): holidayStr = 
11-29 09:56:00.075 I/HwLauncher( 2983): Model  onReceive intent=Intent { act=android.intent.action.TIME_TICK flg=0x50000014 (has extras) }
11-29 09:56:00.075 I/HwLauncher( 2983): Model  onReceive user=UserHandle{0}
11-29 09:56:01.980 I/NetworkSpeedManagerEx( 1627): mIsStop = false
11-29 09:56:01.986 I/NetworkSpeedManagerEx( 1627): value=0.0speed = 0K/s
11-29 09:56:01.986 I/NetworkSpeedView( 1627): /update(), speed=0K/s parent class:class com.android.systemui.statusbar.HwSystemIcons
11-29 09:56:02.011 I/NetworkSpeedManagerEx( 1627): mIsStop = false
11-29 09:56:02.016 I/NetworkSpeedManagerEx( 1627): value=0.0speed = 0K/s
11-29 09:56:02.016 I/NetworkSpeedView( 1627): /update(), speed=0K/s parent class:class com.android.systemui.statusbar.HwSystemIcons
11-29 09:56:02.376 W/PhoneInterfaceManager( 1749): shouldBlockLocation running ...
11-29 09:56:02.376 I/PhoneInterfaceManager( 1749): shouldBlockLocation  ret:false
11-29 09:56:02.389 I/chatty  ( 1047): uid=1000(system) android.fg expire 8 lines
11-29 09:56:03.344 I/chatty  ( 5685): uid=1000(system) com.huawei.lbs expire 22 lines
11-29 09:56:04.373 W/PhoneInterfaceManager( 1749): shouldBlockLocation running ...
11-29 09:56:04.385 I/PhoneInterfaceManager( 1749): shouldBlockLocation  ret:false
11-29 09:56:04.390 W/PhoneInterfaceManager( 1749): shouldBlockLocation running ...
11-29 09:56:04.413 I/PhoneInterfaceManager( 1749): shouldBlockLocation  ret:false
11-29 09:56:04.480 W/PhoneInterfaceManager( 1749): shouldBlockLocation running ...
11-29 09:56:04.493 I/PhoneInterfaceManager( 1749): shouldBlockLocation  ret:false
11-29 09:56:04.987 I/NetworkSpeedManagerEx( 1627): mIsStop = false
11-29 09:56:04.992 I/NetworkSpeedManagerEx( 1627): value=0.0speed = 0K/s
11-29 09:56:04.992 I/NetworkSpeedView( 1627): /update(), speed=0K/s parent class:class com.android.systemui.statusbar.HwSystemIcons
11-29 09:56:05.017 I/NetworkSpeedManagerEx( 1627): mIsStop = false
11-29 09:56:05.022 I/NetworkSpeedManagerEx( 1627): value=0.0speed = 0K/s
11-29 09:56:05.022 I/NetworkSpeedView( 1627): /update(), speed=0K/s parent class:class com.android.systemui.statusbar.HwSystemIcons
11-29 09:56:05.353 I/chatty  (  530): uid=1000(system) /vendor/bin/fusion_daemon expire 12 lines
11-29 09:56:05.448 I/HwMobileSignalController( 1627): subId:0 phoneType:1 networktype:13 targetClass:3 masterLevel:5 slaveLevel:-1
11-29 09:56:06.361 I/chatty  ( 1782): uid=1000(system) Binder:1782_9 expire 3 lines
11-29 09:56:07.359 I/chatty  ( 2195): uid=1000(system) core expire 6 lines
11-29 09:56:07.398 W/PhoneInterfaceManager( 1749): shouldBlockLocation running ...
11-29 09:56:07.399 I/PhoneInterfaceManager( 1749): shouldBlockLocation  ret:false
11-29 09:56:07.993 I/NetworkSpeedManagerEx( 1627): mIsStop = false
11-29 09:56:07.998 I/NetworkSpeedManagerEx( 1627): value=266.66666speed = 267B/s
11-29 09:56:07.998 I/NetworkSpeedView( 1627): /update(), speed=267B/s parent class:class com.android.systemui.statusbar.HwSystemIcons
11-29 09:56:08.024 I/NetworkSpeedManagerEx( 1627): mIsStop = false
11-29 09:56:08.030 I/NetworkSpeedManagerEx( 1627): value=301.33334speed = 301B/s
11-29 09:56:08.030 I/NetworkSpeedView( 1627): /update(), speed=301B/s parent class:class com.android.systemui.statusbar.HwSystemIcons
11-29 09:56:08.150 I/chatty  (  962): uid=1000(system) IPD-COMM expire 11 lines
11-29 09:56:08.368 I/chatty  ( 1047): uid=1000(system) LocationThread expire 24 lines
11-29 09:56:09.370 I/chatty  ( 1047): uid=1000 system_server expire 66 lines
11-29 09:56:09.392 I/chatty  ( 2195): uid=1000(system) HookHub expire 4 lines
11-29 09:56:10.147 I/chatty  ( 1047): uid=1000(system) IPC Thread expire 22 lines
11-29 09:56:10.826 I/chatty  ( 1047): uid=1000 system_server expire 14 lines
11-29 09:56:10.999 I/NetworkSpeedManagerEx( 1627): mIsStop = false
11-29 09:56:11.004 I/NetworkSpeedManagerEx( 1627): value=69.333336speed = 69B/s
11-29 09:56:11.004 I/NetworkSpeedView( 1627): /update(), speed=69B/s parent class:class com.android.systemui.statusbar.HwSystemIcons
11-29 09:56:11.030 I/NetworkSpeedManagerEx( 1627): mIsStop = false
11-29 09:56:11.035 I/NetworkSpeedManagerEx( 1627): value=34.666668speed = 35B/s
11-29 09:56:11.036 I/NetworkSpeedView( 1627): /update(), speed=35B/s parent class:class com.android.systemui.statusbar.HwSystemIcons
11-29 09:56:11.449 I/HwMobileSignalController( 1627): subId:0 phoneType:1 networktype:13 targetClass:3 masterLevel:5 slaveLevel:-1
11-29 09:56:12.434 W/PhoneInterfaceManager( 1749): shouldBlockLocation running ...
11-29 09:56:12.435 I/PhoneInterfaceManager( 1749): shouldBlockLocation  ret:false
11-29 09:56:12.583 W/KeyguardUpdateMonitor( 1627): ACTION_BATTERY_CHANGED AMP: 0; Volt: 0
11-29 09:56:12.591 E/CloudAlbum[8.0.1.309](11408): [ReceiverManager] not log on ignore
11-29 09:56:12.618 W/KeyguardUpdateMonitor( 1627): ChargingSpeed  Wattage: -1 ST: 5000000 --> 7500000
11-29 09:56:12.618 I/KgBattery( 1627): BatteryInfo updated:  2lPc-1
11-29 09:56:12.618 W/AppHandler( 1627): sendMessage with obj100
11-29 09:56:12.624 W/HwLockScreenPanel( 1627): refreshBatteryInfo: com.huawei.keyguard.amazinglockscreen.AmazingLockScreen{833b849 VFE...... ......I. 0,0-0,0}
11-29 09:56:12.624 W/KgBattery( 1627): getCharge info with type: text
11-29 09:56:12.632 W/HwLockScreenPanel( 1627): Handle message: 100
11-29 09:56:14.005 I/NetworkSpeedManagerEx( 1627): mIsStop = false
11-29 09:56:14.011 I/NetworkSpeedManagerEx( 1627): value=0.0speed = 0K/s
11-29 09:56:14.011 I/NetworkSpeedView( 1627): /update(), speed=0K/s parent class:class com.android.systemui.statusbar.HwSystemIcons
11-29 09:56:14.037 I/NetworkSpeedManagerEx( 1627): mIsStop = false
11-29 09:56:14.043 I/NetworkSpeedManagerEx( 1627): value=0.0speed = 0K/s
11-29 09:56:14.043 I/NetworkSpeedView( 1627): /update(), speed=0K/s parent class:class com.android.systemui.statusbar.HwSystemIcons
11-29 09:56:14.405 I/chatty  ( 5685): uid=1000(system) com.huawei.lbs expire 22 lines
11-29 09:56:16.417 I/chatty  ( 1782): uid=1000(system) Binder:1782_1 expire 5 lines
11-29 09:56:16.420 I/chatty  ( 1782): uid=1000(system) Binder:1782_7 expire 3 lines
11-29 09:56:16.442 W/PhoneInterfaceManager( 1749): shouldBlockLocation running ...
11-29 09:56:16.443 I/PhoneInterfaceManager( 1749): shouldBlockLocation  ret:false
11-29 09:56:16.472 W/PhoneInterfaceManager( 1749): shouldBlockLocation running ...
11-29 09:56:16.472 I/PhoneInterfaceManager( 1749): shouldBlockLocation  ret:false
11-29 09:56:16.490 W/PhoneInterfaceManager( 1749): shouldBlockLocation running ...
11-29 09:56:16.491 I/PhoneInterfaceManager( 1749): shouldBlockLocation  ret:false
11-29 09:56:17.012 I/NetworkSpeedManagerEx( 1627): mIsStop = false
11-29 09:56:17.017 I/NetworkSpeedManagerEx( 1627): value=0.0speed = 0K/s
11-29 09:56:17.017 I/NetworkSpeedView( 1627): /update(), speed=0K/s parent class:class com.android.systemui.statusbar.HwSystemIcons
11-29 09:56:17.043 I/NetworkSpeedManagerEx( 1627): mIsStop = false
11-29 09:56:17.049 I/NetworkSpeedManagerEx( 1627): value=0.0speed = 0K/s
11-29 09:56:17.050 I/NetworkSpeedView( 1627): /update(), speed=0K/s parent class:class com.android.systemui.statusbar.HwSystemIcons
11-29 09:56:17.415 I/chatty  (  530): uid=1000(system) /vendor/bin/fusion_daemon expire 6 lines
11-29 09:56:17.418 I/chatty  ( 1782): uid=1000(system) Binder:1782_2 expire 5 lines
11-29 09:56:17.422 I/chatty  ( 1782): uid=1000(system) Binder:1782_4 expire 5 lines
11-29 09:56:17.454 W/PhoneInterfaceManager( 1749): shouldBlockLocation running ...
11-29 09:56:17.467 W/PhoneInterfaceManager( 1749): shouldBlockLocation running ...
11-29 09:56:17.467 I/PhoneInterfaceManager( 1749): shouldBlockLocation  ret:false
11-29 09:56:17.486 I/PhoneInterfaceManager( 1749): shouldBlockLocation  ret:false
11-29 09:56:17.492 W/PhoneInterfaceManager( 1749): shouldBlockLocation running ...
11-29 09:56:17.504 I/PhoneInterfaceManager( 1749): shouldBlockLocation  ret:false
11-29 09:56:17.507 I/chatty  ( 1047): uid=1000(system) Binder:1047_6 expire 6 lines
11-29 09:56:17.529 W/PhoneInterfaceManager( 1749): shouldBlockLocation running ...
11-29 09:56:17.538 I/PhoneInterfaceManager( 1749): shouldBlockLocation  ret:false
11-29 09:56:18.422 I/chatty  ( 1782): uid=1000(system) Binder:1782_8 expire 5 lines
11-29 09:56:18.426 I/chatty  ( 1782): uid=1000(system) Binder:1782_9 expire 4 lines
11-29 09:56:19.146 I/chatty  (  962): uid=1000(system) IPD-COMM expire 10 lines
11-29 09:56:19.421 I/chatty  ( 1782): uid=1000(system) Binder:1782_5 expire 4 lines
11-29 09:56:19.423 I/chatty  ( 1782): uid=1000(system) Binder:1782_3 expire 5 lines
11-29 09:56:19.616 I/AppLogManager(11629): PrintWoker poll timeout , shutdown
11-29 09:56:20.018 I/NetworkSpeedManagerEx( 1627): mIsStop = false
11-29 09:56:20.023 I/NetworkSpeedManagerEx( 1627): value=0.0speed = 0K/s
11-29 09:56:20.023 I/NetworkSpeedView( 1627): /update(), speed=0K/s parent class:class com.android.systemui.statusbar.HwSystemIcons
11-29 09:56:20.050 I/NetworkSpeedManagerEx( 1627): mIsStop = false
11-29 09:56:20.057 I/NetworkSpeedManagerEx( 1627): value=0.0speed = 0K/s
11-29 09:56:20.058 I/NetworkSpeedView( 1627): /update(), speed=0K/s parent class:class com.android.systemui.statusbar.HwSystemIcons
11-29 09:56:20.424 I/chatty  ( 1047): uid=1000 system_server expire 66 lines
11-29 09:56:20.426 I/chatty  ( 1047): uid=1000(system) LocationThread expire 22 lines
11-29 09:56:20.428 I/chatty  ( 1782): uid=1000(system) Binder:1782_6 expire 5 lines
11-29 09:56:20.621 I/HwMobileSignalController( 1627): subId:0 phoneType:1 networktype:13 targetClass:3 masterLevel:5 slaveLevel:-1
11-29 09:56:21.151 I/chatty  ( 1047): uid=1000(system) IPC Thread expire 20 lines
11-29 09:56:22.477 W/PhoneInterfaceManager( 1749): shouldBlockLocation running ...
11-29 09:56:22.477 I/PhoneInterfaceManager( 1749): shouldBlockLocation  ret:false
11-29 09:56:23.024 I/NetworkSpeedManagerEx( 1627): mIsStop = false
11-29 09:56:23.030 I/NetworkSpeedManagerEx( 1627): value=0.0speed = 0K/s
11-29 09:56:23.030 I/NetworkSpeedView( 1627): /update(), speed=0K/s parent class:class com.android.systemui.statusbar.HwSystemIcons
11-29 09:56:23.058 I/NetworkSpeedManagerEx( 1627): mIsStop = false
11-29 09:56:23.064 I/NetworkSpeedManagerEx( 1627): value=0.0speed = 0K/s
11-29 09:56:23.064 I/NetworkSpeedView( 1627): /update(), speed=0K/s parent class:class com.android.systemui.statusbar.HwSystemIcons
11-29 09:56:23.400 I/HwMobileSignalController( 1627): subId:0 phoneType:1 networktype:13 targetClass:3 masterLevel:5 slaveLevel:-1
11-29 09:56:23.433 E/FusionDaemon(  530): (fd_lbs_command_thread:1373):recv_len = 94
11-29 09:56:24.436 E/FusionDaemon(  530): (fd_lbs_command_thread:1373):recv_len = 94
11-29 09:56:25.440 I/chatty  ( 5685): uid=1000(system) com.huawei.lbs expire 14 lines
11-29 09:56:25.441 E/FusionDaemon(  530): (fd_lbs_command_thread:1373):recv_len = 94
11-29 09:56:26.031 I/NetworkSpeedManagerEx( 1627): mIsStop = false
11-29 09:56:26.036 I/NetworkSpeedManagerEx( 1627): value=56.0speed = 56B/s
11-29 09:56:26.037 I/NetworkSpeedView( 1627): /update(), speed=56B/s parent class:class com.android.systemui.statusbar.HwSystemIcons
11-29 09:56:26.064 I/NetworkSpeedManagerEx( 1627): mIsStop = false
11-29 09:56:26.070 I/NetworkSpeedManagerEx( 1627): value=56.0speed = 56B/s
11-29 09:56:26.070 I/NetworkSpeedView( 1627): /update(), speed=56B/s parent class:class com.android.systemui.statusbar.HwSystemIcons
11-29 09:56:26.443 E/FusionDaemon(  530): (fd_lbs_command_thread:1373):recv_len = 93
11-29 09:56:27.447 E/FusionDaemon(  530): (fd_lbs_command_thread:1373):recv_len = 93
11-29 09:56:27.515 W/PhoneInterfaceManager( 1749): shouldBlockLocation running ...
11-29 09:56:27.516 I/PhoneInterfaceManager( 1749): shouldBlockLocation  ret:false
11-29 09:56:28.452 E/FusionDaemon(  530): (fd_lbs_command_thread:1373):recv_len = 94
11-29 09:56:29.038 I/NetworkSpeedManagerEx( 1627): mIsStop = false
11-29 09:56:29.044 I/NetworkSpeedManagerEx( 1627): value=0.0speed = 0K/s
11-29 09:56:29.044 I/NetworkSpeedView( 1627): /update(), speed=0K/s parent class:class com.android.systemui.statusbar.HwSystemIcons
11-29 09:56:29.075 I/NetworkSpeedManagerEx( 1627): mIsStop = false
11-29 09:56:29.082 I/NetworkSpeedManagerEx( 1627): value=0.0speed = 0K/s
11-29 09:56:29.082 I/NetworkSpeedView( 1627): /update(), speed=0K/s parent class:class com.android.systemui.statusbar.HwSystemIcons
11-29 09:56:29.412 I/HwMobileSignalController( 1627): subId:0 phoneType:1 networktype:13 targetClass:3 masterLevel:5 slaveLevel:-1
11-29 09:56:29.455 E/FusionDaemon(  530): (fd_lbs_command_thread:1373):recv_len = 94
11-29 09:56:30.135 I/chatty  (  962): uid=1000(system) IPD-COMM expire 11 lines
11-29 09:56:30.459 E/FusionDaemon(  530): (fd_lbs_command_thread:1373):recv_len = 94
11-29 09:56:31.463 E/FusionDaemon(  530): (fd_lbs_command_thread:1373):recv_len = 93
11-29 09:56:31.463 I/chatty  ( 1047): uid=1000 system_server expire 64 lines
11-29 09:56:31.466 I/chatty  ( 1047): uid=1000(system) LocationThread expire 20 lines
11-29 09:56:32.045 I/NetworkSpeedManagerEx( 1627): mIsStop = false
