11-29 09:56:32.051 I/NetworkSpeedManagerEx( 1627): value=0.0speed = 0K/s
11-29 09:56:32.051 I/NetworkSpeedView( 1627): /update(), speed=0K/s parent class:class com.android.systemui.statusbar.HwSystemIcons
11-29 09:56:32.083 I/NetworkSpeedManagerEx( 1627): mIsStop = false
11-29 09:56:32.090 I/NetworkSpeedManagerEx( 1627): value=0.0speed = 0K/s
11-29 09:56:32.090 I/NetworkSpeedView( 1627): /update(), speed=0K/s parent class:class com.android.systemui.statusbar.HwSystemIcons
11-29 09:56:32.119 I/chatty  ( 1047): uid=1000(system) IPC Thread expire 22 lines
11-29 09:56:32.466 I/HwLocalSocketServer( 5685): send data.
11-29 09:56:32.466 I/HwLocalScoketServerThread( 5685): send data.
11-29 09:56:32.467 E/FusionDaemon(  530): (fd_lbs_command_thread:1373):recv_len = 94
11-29 09:56:32.541 W/PhoneInterfaceManager( 1749): shouldBlockLocation running ...
11-29 09:56:32.542 I/PhoneInterfaceManager( 1749): shouldBlockLocation  ret:false
11-29 09:56:33.470 I/HwLocalSocketServer( 5685): send data.
11-29 09:56:33.470 I/HwLocalScoketServerThread( 5685): send data.
11-29 09:56:33.470 E/FusionDaemon(  530): (fd_lbs_command_thread:1373):recv_len = 94
11-29 09:56:34.472 I/HwLocalSocketServer( 5685): send data.
11-29 09:56:34.473 I/HwLocalScoketServerThread( 5685): send data.
11-29 09:56:34.473 E/FusionDaemon(  530): (fd_lbs_command_thread:1373):recv_len = 93
11-29 09:56:35.052 I/NetworkSpeedManagerEx( 1627): mIsStop = false
11-29 09:56:35.059 I/NetworkSpeedManagerEx( 1627): value=54.0speed = 54B/s
11-29 09:56:35.059 I/NetworkSpeedView( 1627): /update(), speed=54B/s parent class:class com.android.systemui.statusbar.HwSystemIcons
11-29 09:56:35.090 I/NetworkSpeedManagerEx( 1627): mIsStop = false
11-29 09:56:35.097 I/NetworkSpeedManagerEx( 1627): value=54.0speed = 54B/s
11-29 09:56:35.097 I/NetworkSpeedView( 1627): /update(), speed=54B/s parent class:class com.android.systemui.statusbar.HwSystemIcons
11-29 09:56:35.398 I/chatty  ( 1047): uid=1000(system) Binder:1047_E expire 7 lines
11-29 09:56:35.398 I/chatty  ( 1047): uid=1000 system_server expire 14 lines
11-29 09:56:35.408 I/HwMobileSignalController( 1627): subId:0 phoneType:1 networktype:13 targetClass:3 masterLevel:5 slaveLevel:-1
11-29 09:56:35.476 I/HwLocalSocketServer( 5685): send data.
11-29 09:56:35.476 I/HwLocalScoketServerThread( 5685): send data.
11-29 09:56:35.477 E/FusionDaemon(  530): (fd_lbs_command_thread:1373):recv_len = 94
11-29 09:56:36.480 I/HwLocalSocketServer( 5685): send data.
11-29 09:56:36.480 I/HwLocalScoketServerThread( 5685): send data.
11-29 09:56:36.480 E/FusionDaemon(  530): (fd_lbs_command_thread:1373):recv_len = 93
11-29 09:56:36.489 I/chatty  ( 1782): uid=1000(system) Binder:1782_1 expire 1 line
11-29 09:56:37.231 W/KeyguardUpdateMonitor( 1627): ACTION_BATTERY_CHANGED AMP: 0; Volt: 0
11-29 09:56:37.233 I/HwMobileSignalController( 1627): subId:0 phoneType:1 networktype:13 targetClass:3 masterLevel:5 slaveLevel:-1
11-29 09:56:37.234 W/KeyguardUpdateMonitor( 1627): ChargingSpeed  Wattage: -1 ST: 5000000 --> 7500000
11-29 09:56:37.234 I/KgBattery( 1627): BatteryInfo updated:  2lPc-1
11-29 09:56:37.234 W/AppHandler( 1627): sendMessage with obj100
11-29 09:56:37.235 E/CloudAlbum[8.0.1.309](11408): [ReceiverManager] not log on ignore
11-29 09:56:37.247 W/HwLockScreenPanel( 1627): refreshBatteryInfo: com.huawei.keyguard.amazinglockscreen.AmazingLockScreen{833b849 VFE...... ......I. 0,0-0,0}
11-29 09:56:37.247 W/KgBattery( 1627): getCharge info with type: text
11-29 09:56:37.249 W/HwLockScreenPanel( 1627): Handle message: 100
11-29 09:56:37.484 I/HwLocalSocketServer( 5685): send data.
11-29 09:56:37.484 I/HwLocalScoketServerThread( 5685): send data.
11-29 09:56:37.485 E/FusionDaemon(  530): (fd_lbs_command_thread:1373):recv_len = 94
11-29 09:56:37.489 I/chatty  ( 1782): uid=1000(system) Binder:1782_4 expire 1 line
11-29 09:56:37.493 I/chatty  ( 1782): uid=1000(system) Binder:1782_8 expire 1 line
11-29 09:56:37.571 W/PhoneInterfaceManager( 1749): shouldBlockLocation running ...
11-29 09:56:37.572 I/PhoneInterfaceManager( 1749): shouldBlockLocation  ret:false
11-29 09:56:38.060 I/NetworkSpeedManagerEx( 1627): mIsStop = false
11-29 09:56:38.066 I/NetworkSpeedManagerEx( 1627): value=0.0speed = 0K/s
11-29 09:56:38.066 I/NetworkSpeedView( 1627): /update(), speed=0K/s parent class:class com.android.systemui.statusbar.HwSystemIcons
11-29 09:56:38.098 I/NetworkSpeedManagerEx( 1627): mIsStop = false
11-29 09:56:38.103 I/NetworkSpeedManagerEx( 1627): value=0.0speed = 0K/s
11-29 09:56:38.103 I/NetworkSpeedView( 1627): /update(), speed=0K/s parent class:class com.android.systemui.statusbar.HwSystemIcons
11-29 09:56:38.488 I/HwLocalSocketServer( 5685): send data.
11-29 09:56:38.488 I/HwLocalScoketServerThread( 5685): send data.
11-29 09:56:38.488 E/FusionDaemon(  530): (fd_lbs_command_thread:1373):recv_len = 94
11-29 09:56:38.492 I/chatty  ( 1782): uid=1000(system) Binder:1782_9 expire 1 line
11-29 09:56:38.498 I/chatty  ( 1782): uid=1000(system) Binder:1782_5 expire 1 line
11-29 09:56:39.492 I/HwLocalSocketServer( 5685): send data.
11-29 09:56:39.492 I/HwLocalScoketServerThread( 5685): send data.
11-29 09:56:39.492 E/FusionDaemon(  530): (fd_lbs_command_thread:1373):recv_len = 94
11-29 09:56:39.497 I/chatty  ( 1782): uid=1000(system) Binder:1782_3 expire 1 line
11-29 09:56:39.502 I/chatty  ( 1782): uid=1000(system) Binder:1782_6 expire 1 line
11-29 09:56:40.496 I/HwLocalSocketServer( 5685): send data.
11-29 09:56:40.496 I/HwLocalScoketServerThread( 5685): send data.
11-29 09:56:40.496 E/FusionDaemon(  530): (fd_lbs_command_thread:1373):recv_len = 93
11-29 09:56:40.501 I/chatty  ( 1782): uid=1000(system) Binder:1782_1 expire 1 line
11-29 09:56:40.505 I/chatty  ( 1782): uid=1000(system) Binder:1782_7 expire 1 line
11-29 09:56:40.841 I/chatty  ( 1047): uid=1000(system) MobileQosDetect expire 6 lines
11-29 09:56:40.842 I/chatty  ( 1047): uid=1000(system) Thread-13 expire 4 lines
11-29 09:56:41.069 I/NetworkSpeedManagerEx( 1627): mIsStop = false
11-29 09:56:41.075 I/NetworkSpeedManagerEx( 1627): value=0.0speed = 0K/s
11-29 09:56:41.075 I/NetworkSpeedView( 1627): /update(), speed=0K/s parent class:class com.android.systemui.statusbar.HwSystemIcons
11-29 09:56:41.105 I/NetworkSpeedManagerEx( 1627): mIsStop = false
11-29 09:56:41.113 I/NetworkSpeedManagerEx( 1627): value=0.0speed = 0K/s
11-29 09:56:41.113 I/NetworkSpeedView( 1627): /update(), speed=0K/s parent class:class com.android.systemui.statusbar.HwSystemIcons
11-29 09:56:41.153 I/chatty  (  962): uid=1000(system) IPD-COMM expire 13 lines
11-29 09:56:41.500 I/HwLocalSocketServer( 5685): send data.
11-29 09:56:41.500 I/HwLocalScoketServerThread( 5685): send data.
11-29 09:56:41.501 E/FusionDaemon(  530): (fd_lbs_command_thread:1373):recv_len = 94
11-29 09:56:41.502 I/chatty  ( 1047): uid=1000 system_server expire 9 lines
11-29 09:56:41.504 I/chatty  ( 1047): uid=1000(system) LocationThread expire 73 lines
11-29 09:56:41.505 I/chatty  ( 1782): uid=1000(system) Binder:1782_2 expire 1 line
11-29 09:56:41.509 I/chatty  ( 1782): uid=1000(system) Binder:1782_4 expire 1 line
11-29 09:56:41.934 I/awcn.TnetSpdySession(32608): |[seq:AWCN2_1] ping receive Host:https://acs.m.taobao.com id:4
11-29 09:56:42.443 I/XmlParser(11728): startElement itemName:resource user:191909928
11-29 09:56:42.443 I/XmlParser(11728): startElement itemName:group user:191909928
11-29 09:56:42.443 I/XmlParser(11728): startElement itemName:id user:191909928
11-29 09:56:42.443 I/XmlParser(11728): endElement itemName:id user:191909928
11-29 09:56:42.443 I/XmlParser(11728): startElement itemName:name user:191909928
11-29 09:56:42.443 I/XmlParser(11728): endElement itemName:name user:191909928
11-29 09:56:42.443 I/XmlParser(11728): startElement itemName:define user:191909928
11-29 09:56:42.443 I/XmlParser(11728): endElement itemName:define user:191909928
11-29 09:56:42.443 I/XmlParser(11728): startElement itemName:description user:191909928
11-29 09:56:42.443 I/XmlParser(11728): endElement itemName:description user:191909928
11-29 09:56:42.443 I/XmlParser(11728): endElement itemName:group user:191909928
11-29 09:56:42.443 I/XmlParser(11728): startElement itemName:group user:191909928
11-29 09:56:42.443 I/XmlParser(11728): startElement itemName:id user:191909928
11-29 09:56:42.443 I/XmlParser(11728): endElement itemName:id user:191909928
11-29 09:56:42.443 I/XmlParser(11728): startElement itemName:name user:191909928
11-29 09:56:42.443 I/XmlParser(11728): endElement itemName:name user:191909928
11-29 09:56:42.443 I/XmlParser(11728): startElement itemName:define user:191909928
11-29 09:56:42.443 E/XmlParser(11728): startElement mResult:1024
11-29 09:56:42.443 I/XmlParser(11728): endElement itemName:define user:191909928
11-29 09:56:42.443 I/XmlParser(11728): startElement itemName:description user:191909928
11-29 09:56:42.443 I/XmlParser(11728): endElement itemName:description user:191909928
11-29 09:56:42.443 I/XmlParser(11728): endElement itemName:group user:191909928
11-29 09:56:42.443 I/XmlParser(11728): startElement itemName:group user:191909928
11-29 09:56:42.443 I/XmlParser(11728): startElement itemName:id user:191909928
11-29 09:56:42.443 I/XmlParser(11728): endElement itemName:id user:191909928
11-29 09:56:42.443 I/XmlParser(11728): startElement itemName:name user:191909928
11-29 09:56:42.443 I/XmlParser(11728): endElement itemName:name user:191909928
11-29 09:56:42.443 I/XmlParser(11728): startElement itemName:define user:191909928
11-29 09:56:42.443 I/XmlParser(11728): endElement itemName:define user:191909928
11-29 09:56:42.443 I/XmlParser(11728): startElement itemName:description user:191909928
11-29 09:56:42.443 I/XmlParser(11728): endElement itemName:description user:191909928
11-29 09:56:42.443 I/XmlParser(11728): endElement itemName:group user:191909928
11-29 09:56:42.443 I/XmlParser(11728): startElement itemName:group user:191909928
11-29 09:56:42.443 I/XmlParser(11728): startElement itemName:id user:191909928
11-29 09:56:42.443 I/XmlParser(11728): endElement itemName:id user:191909928
11-29 09:56:42.443 I/XmlParser(11728): startElement itemName:name user:191909928
11-29 09:56:42.443 I/XmlParser(11728): endElement itemName:name user:191909928
11-29 09:56:42.443 I/XmlParser(11728): startElement itemName:define user:191909928
11-29 09:56:42.443 I/XmlParser(11728): endElement itemName:define user:191909928
11-29 09:56:42.443 I/XmlParser(11728): startElement itemName:description user:191909928
11-29 09:56:42.443 I/XmlParser(11728): endElement itemName:description user:191909928
11-29 09:56:42.443 I/XmlParser(11728): endElement itemName:group user:191909928
11-29 09:56:42.443 I/XmlParser(11728): endElement itemName:resource user:191909928
11-29 09:56:42.443 I/XmlParser(11728): startElement itemName:resource user:0
11-29 09:56:42.443 I/XmlParser(11728): startElement itemName:group user:0
11-29 09:56:42.443 I/XmlParser(11728): startElement itemName:id user:0
11-29 09:56:42.443 I/XmlParser(11728): endElement itemName:id user:0
11-29 09:56:42.443 I/XmlParser(11728): startElement itemName:name user:0
11-29 09:56:42.443 I/XmlParser(11728): endElement itemName:name user:0
11-29 09:56:42.443 I/XmlParser(11728): startElement itemName:define user:0
11-29 09:56:42.443 E/XmlParser(11728): startElement mResult:2097152
11-29 09:56:42.443 I/XmlParser(11728): endElement itemName:define user:0
11-29 09:56:42.443 I/XmlParser(11728): startElement itemName:description user:0
11-29 09:56:42.443 I/XmlParser(11728): endElement itemName:description user:0
11-29 09:56:42.443 I/XmlParser(11728): endElement itemName:group user:0
11-29 09:56:42.443 I/XmlParser(11728): startElement itemName:group user:0
11-29 09:56:42.443 I/XmlParser(11728): startElement itemName:id user:0
11-29 09:56:42.443 I/XmlParser(11728): endElement itemName:id user:0
11-29 09:56:42.443 I/XmlParser(11728): startElement itemName:name user:0
11-29 09:56:42.443 I/XmlParser(11728): endElement itemName:name user:0
11-29 09:56:42.443 I/XmlParser(11728): startElement itemName:define user:0
11-29 09:56:42.443 I/XmlParser(11728): endElement itemName:define user:0
11-29 09:56:42.443 I/XmlParser(11728): startElement itemName:description user:0
11-29 09:56:42.443 I/XmlParser(11728): endElement itemName:description user:0
11-29 09:56:42.443 I/XmlParser(11728): endElement itemName:group user:0
11-29 09:56:42.443 I/XmlParser(11728): startElement itemName:group user:0
11-29 09:56:42.443 I/XmlParser(11728): startElement itemName:id user:0
11-29 09:56:42.443 I/XmlParser(11728): endElement itemName:id user:0
11-29 09:56:42.443 I/XmlParser(11728): startElement itemName:name user:0
11-29 09:56:42.443 I/XmlParser(11728): endElement itemName:name user:0
11-29 09:56:42.443 I/XmlParser(11728): startElement itemName:define user:0
11-29 09:56:42.443 I/XmlParser(11728): endElement itemName:define user:0
11-29 09:56:42.443 I/XmlParser(11728): startElement itemName:description user:0
11-29 09:56:42.443 I/XmlParser(11728): endElement itemName:description user:0
11-29 09:56:42.443 I/XmlParser(11728): endElement itemName:group user:0
11-29 09:56:42.443 I/XmlParser(11728): startElement itemName:group user:0
11-29 09:56:42.443 I/XmlParser(11728): startElement itemName:id user:0
11-29 09:56:42.443 I/XmlParser(11728): endElement itemName:id user:0
11-29 09:56:42.443 I/XmlParser(11728): startElement itemName:name user:0
11-29 09:56:42.443 I/XmlParser(11728): endElement itemName:name user:0
11-29 09:56:42.443 I/XmlParser(11728): startElement itemName:define user:0
11-29 09:56:42.443 I/XmlParser(11728): endElement itemName:define user:0
11-29 09:56:42.443 I/XmlParser(11728): startElement itemName:description user:0
11-29 09:56:42.443 I/XmlParser(11728): endElement itemName:description user:0
11-29 09:56:42.443 I/XmlParser(11728): endElement itemName:group user:0
11-29 09:56:42.443 I/XmlParser(11728): endElement itemName:resource user:0
11-29 09:56:42.443 I/libEGL  (11728): egl_cache_t() maxKeySize:1024  maxTotalSize:2097152
11-29 09:56:42.447 I/appproc (11728): CLASSPATH=/system/framework/am.jar
11-29 09:56:42.447 I/appproc (11728): Command=app_process /system/bin com.android.commands.am.Am force-stop com.meigsmart.meigapp 
11-29 09:56:42.449 I/AndroidRuntime(11728): readDownloadBoosterConfig: 'false'
11-29 09:56:42.490 I/art     (11728): Reinit property: dalvik.vm.checkjni= false
11-29 09:56:42.497 I/HWSERVICES(11728): hwnative_get_component_register:libdrmbitmap,JNI
11-29 09:56:42.500 I/Radio-JNI(11728): register_android_hardware_Radio DONE
11-29 09:56:42.501 I/android_hardware_fm.cpp(11728): register_android_hardware_fm_fmradio
11-29 09:56:42.501 I/android_hardware_fm.cpp(11728): ========64bit long size = 8
11-29 09:56:42.501 I/android_hardware_fm.cpp(11728): FM: get chip type = bcm43xx
11-29 09:56:42.502 E/fm_if.c (11728): find the id:fm and begins to open the devices
11-29 09:56:42.502 I/android_hardware_fm.cpp(11728): register_android_hardware_fm_fmradio, ret is 0
11-29 09:56:42.503 I/HwLocalSocketServer( 5685): send data.
11-29 09:56:42.503 I/HwLocalScoketServerThread( 5685): send data.
11-29 09:56:42.504 E/FusionDaemon(  530): (fd_lbs_command_thread:1373):recv_len = 93
11-29 09:56:42.506 I/chatty  ( 1782): uid=1000(system) Binder:1782_8 expire 1 line
11-29 09:56:42.508 I/chatty  ( 1782): uid=1000(system) Binder:1782_9 expire 1 line
11-29 09:56:42.540 I/        (11738): power log dlsym ok
11-29 09:56:42.542 I/art     (11738): Late-enabling -Xcheck:jni
11-29 09:56:42.542 I/art     (11738): Reinit property: dalvik.vm.checkjni= false
11-29 09:56:42.563 I/chatty  ( 2195): uid=1000(system) actions handler expire 1 line
11-29 09:56:42.567 I/SendBroadcastPermission(13129): action:mqq.intent.action.QQ_FOREGROUND, mPermissionType:0
11-29 09:56:42.569 W/NfcNci  ( 2879): RegisteredServicesCache warn: Unable to load component info ResolveInfo{da105d7 cmb.pb/com.cmb.pboc.hce.service.HCEService m=0x108000 euid=0}Meta-data does not start with <host-apdu-service> tag
11-29 09:56:42.571 I/SendBroadcastPermission(13129): action:com.tencent.qq.syncQQMessage, mPermissionType:0
11-29 09:56:42.576 E/bt_btif ( 9994): btgattc_handle_event invalid instance ID in BTIF_GATTC_DISABLE_ADV
11-29 09:56:42.576 I/bt_att  ( 9994): GATT_Deregister gatt_if=6
11-29 09:56:42.576 I/bt_att  ( 9994): GATT_Listen gatt_if=6
11-29 09:56:42.576 I/bt_btm  ( 9994): BTM_BleUpdateAdvFilterPolicy
11-29 09:56:42.576 I/bt_btm  ( 9994): BTM_ReadConnectability
11-29 09:56:42.576 I/bt_btm  ( 9994): btm_ble_set_connectability mode=0x0 combined_mode=0x1
11-29 09:56:42.577 I/chatty  ( 1047): uid=1000(system) InputDispatcher expire 2 lines
11-29 09:56:42.579 E/CardEmulation( 2879): AID 2PAY.SYS.DDF01 is not a valid AID.
11-29 09:56:42.579 E/ApduServiceInfo( 2879): Ignoring invalid or duplicate aid: 2PAY.SYS.DDF01
11-29 09:56:42.585 I/chatty  (  486): uid=1000(system) Binder:486_2 expire 6 lines
11-29 09:56:42.586 I/chatty  ( 2195): uid=1000(system) core expire 1 line
11-29 09:56:42.590 I/gpsd_d  (  882): MSG_LCS_PROXY_LIBGPS_GPS_STOP
11-29 09:56:42.591 I/SendBroadcastPermission(13129): action:com.tencent.qq.syncQQMessage, mPermissionType:0
11-29 09:56:42.592 I/HwLocalSocketServer( 5685): send data.
11-29 09:56:42.592 I/HwLocalScoketServerThread( 5685): send data.
11-29 09:56:42.592 E/FusionDaemon(  530): (fd_lbs_command_thread:1373):recv_len = 43
11-29 09:56:42.592 I/FusionComm(  530): (comm_netlink_unregister_cb:401):cmd exist, unregister it, cmd[2].
11-29 09:56:42.592 I/FusionComm(  530): (comm_netlink_unregister_cb:401):cmd exist, unregister it, cmd[1].
11-29 09:56:42.593 W/PhoneInterfaceManager( 1749): shouldBlockLocation running ...
11-29 09:56:42.593 I/PhoneInterfaceManager( 1749): shouldBlockLocation  ret:false
11-29 09:56:42.600 I/QNotification(13129): QQAppInterface_removeNotification cancel id:121
11-29 09:56:42.600 I/QNotification(13129): MobileQQService.stopForegroundCompat cancel id:119
11-29 09:56:42.605 I/QNotification(13129): QQAppInterface_removeNotification cancel id:122
11-29 09:56:42.606 I/QNotification(13129): QQAppInterface_removeNotification cancel id:123
11-29 09:56:42.606 I/chatty  (  486): uid=1000(system) Binder:486_1 expire 3 lines
11-29 09:56:42.606 I/QNotification(13129): QQAppInterface_removeNotification cancel id:129
11-29 09:56:42.607 I/QNotification(13129): QQAppInterface_removeNotification cancel id:135
11-29 09:56:42.607 I/QNotification(13129): QQAppInterface_removeNotification cancel id:140
11-29 09:56:42.608 I/QNotification(13129): QQAppInterface_removeNotification cancel id:144
11-29 09:56:42.608 I/QNotification(13129): QQAppInterface_removeNotification cancel id:193
11-29 09:56:42.608 I/QNotification(13129): QQAppInterface_removeNotification cancel id:211
11-29 09:56:42.612 I/art     (11738): System.exit called, status: 1
11-29 09:56:42.612 I/AndroidRuntime(11738): VM exiting with result code 1, cleanup skipped.
11-29 09:56:42.639 I/Zygote  (  502): Process 11738 exited cleanly (1)
11-29 09:56:42.645 W/ImageWallpaper( 1627): trimMemory condition not ready!
11-29 09:56:42.646 I/Finsky  (11081): [1] com.google.android.finsky.utils.dv.onTrimMemory(25): Memory trim requested to level 40
11-29 09:56:42.647 W/KeyguardUpdateMonitor( 1627): ACTION_BATTERY_CHANGED AMP: 0; Volt: 0
11-29 09:56:42.647 I/awcn.ComponentCallbacks2(32608):  onTrimMemory level:5
11-29 09:56:42.651 W/KeyguardUpdateMonitor( 1627): ChargingSpeed  Wattage: -1 ST: 5000000 --> 7500000
11-29 09:56:42.651 I/KgBattery( 1627): BatteryInfo updated:  2lPc-1
11-29 09:56:42.651 W/AppHandler( 1627): sendMessage with obj100
11-29 09:56:42.652 E/CloudAlbum[8.0.1.309](11408): [ReceiverManager] not log on ignore
11-29 09:56:42.656 W/HwLockScreenPanel( 1627): refreshBatteryInfo: com.huawei.keyguard.amazinglockscreen.AmazingLockScreen{833b849 VFE...... ......I. 0,0-0,0}
11-29 09:56:42.657 W/KgBattery( 1627): getCharge info with type: text
11-29 09:56:42.658 W/HwLockScreenPanel( 1627): Handle message: 100
11-29 09:56:42.668 I/SendBroadcastPermission(13129): action:com.tencent.intent.QZONE_PRE_DOWNLOAD_CANCEL, mPermissionType:0
11-29 09:56:42.669 I/ArkApp.ArkLocalAppMgr(13129): updateInstalledApps, not update time, delta=76, interval=300
11-29 09:56:42.671 W/System.err(16560): java.lang.NullPointerException: Attempt to invoke virtual method 'boolean mqq.app.AppRuntime.isModuleRunning(java.lang.String)' on a null object reference
11-29 09:56:42.671 W/System.err(16560): 	at com.tencent.mobileqq.qipc.QIPCClientModuleCore.isModuleRunning(QIPCClientModuleCore.java:45)
11-29 09:56:42.671 W/System.err(16560): 	at com.tencent.mobileqq.qipc.QIPCClientModuleCore.onCall(QIPCClientModuleCore.java:32)
11-29 09:56:42.671 W/System.err(16560): 	at eipc.EIPCModuleManager$1.sync(EIPCModuleManager.java:158)
11-29 09:56:42.671 W/System.err(16560): 	at eipc.EIPCChannel$Stub.onTransact(EIPCChannel.java:64)
11-29 09:56:42.671 W/System.err(16560): 	at android.os.Binder.execTransact(Binder.java:565)
11-29 09:56:42.673 I/SendBroadcastPermission(13129): action:com.tencent.process.starting, mPermissionType:0
11-29 09:56:42.677 I/SendBroadcastPermission(13129): action:com.tencent.plugin.state.change, mPermissionType:0
11-29 09:56:42.740 I/MSF.S.AppProcessManager(13181): SendToApp process:com.tencent.mobileqq fromServiceMsg: FromServiceMsg msName:unknown ssoSeq:12907 serviceCmd:SQQzoneSvc.getUndealCount appSeq:1607 failCode:1000
11-29 09:56:42.742 I/UndealCount.QZoneUnreadServletLogic(13129): recv Qzone Unread Push: Feed实时更新未读
11-29 09:56:42.742 I/SendBroadcastPermission(13129): action:com.qzone.push_feed_unread, mPermissionType:0
11-29 09:56:42.756 I/SendBroadcastPermission(13129): action:com.tencent.qq.syncQzoneVipInfoAction, mPermissionType:0
11-29 09:56:42.757 I/QZoneCommBroadReceiver(10668): FeedUpdate: Qzone Push action:com.qzone.push_feed_unread
11-29 09:56:42.757 E/UndealCount.QZoneUnreadServletLogic(13129): creditlevel:2 message:
11-29 09:56:42.789 I/MSF.S.AppProcessManager(13181): SendToApp process:com.tencent.mobileqq fromServiceMsg: FromServiceMsg msName:unknown ssoSeq:12908 serviceCmd:MessageSvc.PbBindUinGetMsg appSeq:1608 failCode:1000
11-29 09:56:42.868 I/XmlParser(11762): startElement itemName:resource user:1077714984
11-29 09:56:42.868 I/XmlParser(11762): startElement itemName:group user:1077714984
11-29 09:56:42.868 I/XmlParser(11762): startElement itemName:id user:1077714984
11-29 09:56:42.868 I/XmlParser(11762): endElement itemName:id user:1077714984
11-29 09:56:42.868 I/XmlParser(11762): startElement itemName:name user:1077714984
11-29 09:56:42.868 I/XmlParser(11762): endElement itemName:name user:1077714984
11-29 09:56:42.868 I/XmlParser(11762): startElement itemName:define user:1077714984
11-29 09:56:42.868 I/XmlParser(11762): endElement itemName:define user:1077714984
11-29 09:56:42.868 I/XmlParser(11762): startElement itemName:description user:1077714984
11-29 09:56:42.868 I/XmlParser(11762): endElement itemName:description user:1077714984
11-29 09:56:42.868 I/XmlParser(11762): endElement itemName:group user:1077714984
11-29 09:56:42.868 I/XmlParser(11762): startElement itemName:group user:1077714984
11-29 09:56:42.868 I/XmlParser(11762): startElement itemName:id user:1077714984
11-29 09:56:42.868 I/XmlParser(11762): endElement itemName:id user:1077714984
11-29 09:56:42.868 I/XmlParser(11762): startElement itemName:name user:1077714984
11-29 09:56:42.868 I/XmlParser(11762): endElement itemName:name user:1077714984
11-29 09:56:42.868 I/XmlParser(11762): startElement itemName:define user:1077714984
11-29 09:56:42.868 E/XmlParser(11762): startElement mResult:1024
11-29 09:56:42.868 I/XmlParser(11762): endElement itemName:define user:1077714984
11-29 09:56:42.868 I/XmlParser(11762): startElement itemName:description user:1077714984
11-29 09:56:42.868 I/XmlParser(11762): endElement itemName:description user:1077714984
11-29 09:56:42.868 I/XmlParser(11762): endElement itemName:group user:1077714984
11-29 09:56:42.868 I/XmlParser(11762): startElement itemName:group user:1077714984
11-29 09:56:42.868 I/XmlParser(11762): startElement itemName:id user:1077714984
11-29 09:56:42.868 I/XmlParser(11762): endElement itemName:id user:1077714984
11-29 09:56:42.868 I/XmlParser(11762): startElement itemName:name user:1077714984
11-29 09:56:42.868 I/XmlParser(11762): endElement itemName:name user:1077714984
11-29 09:56:42.868 I/XmlParser(11762): startElement itemName:define user:1077714984
11-29 09:56:42.868 I/XmlParser(11762): endElement itemName:define user:1077714984
11-29 09:56:42.868 I/XmlParser(11762): startElement itemName:description user:1077714984
11-29 09:56:42.868 I/XmlParser(11762): endElement itemName:description user:1077714984
11-29 09:56:42.868 I/XmlParser(11762): endElement itemName:group user:1077714984
11-29 09:56:42.868 I/XmlParser(11762): startElement itemName:group user:1077714984
11-29 09:56:42.868 I/XmlParser(11762): startElement itemName:id user:1077714984
11-29 09:56:42.868 I/XmlParser(11762): endElement itemName:id user:1077714984
11-29 09:56:42.868 I/XmlParser(11762): startElement itemName:name user:1077714984
11-29 09:56:42.868 I/XmlParser(11762): endElement itemName:name user:1077714984
11-29 09:56:42.868 I/XmlParser(11762): startElement itemName:define user:1077714984
11-29 09:56:42.868 I/XmlParser(11762): endElement itemName:define user:1077714984
11-29 09:56:42.868 I/XmlParser(11762): startElement itemName:description user:1077714984
11-29 09:56:42.868 I/XmlParser(11762): endElement itemName:description user:1077714984
11-29 09:56:42.868 I/XmlParser(11762): endElement itemName:group user:1077714984
11-29 09:56:42.868 I/XmlParser(11762): endElement itemName:resource user:1077714984
11-29 09:56:42.868 I/XmlParser(11762): startElement itemName:resource user:0
11-29 09:56:42.868 I/XmlParser(11762): startElement itemName:group user:0
11-29 09:56:42.868 I/XmlParser(11762): startElement itemName:id user:0
11-29 09:56:42.868 I/XmlParser(11762): endElement itemName:id user:0
11-29 09:56:42.868 I/XmlParser(11762): startElement itemName:name user:0
11-29 09:56:42.868 I/XmlParser(11762): endElement itemName:name user:0
11-29 09:56:42.868 I/XmlParser(11762): startElement itemName:define user:0
11-29 09:56:42.868 E/XmlParser(11762): startElement mResult:2097152
11-29 09:56:42.868 I/XmlParser(11762): endElement itemName:define user:0
11-29 09:56:42.868 I/XmlParser(11762): startElement itemName:description user:0
11-29 09:56:42.868 I/XmlParser(11762): endElement itemName:description user:0
11-29 09:56:42.868 I/XmlParser(11762): endElement itemName:group user:0
11-29 09:56:42.868 I/XmlParser(11762): startElement itemName:group user:0
11-29 09:56:42.868 I/XmlParser(11762): startElement itemName:id user:0
11-29 09:56:42.868 I/XmlParser(11762): endElement itemName:id user:0
11-29 09:56:42.868 I/XmlParser(11762): startElement itemName:name user:0
11-29 09:56:42.868 I/XmlParser(11762): endElement itemName:name user:0
11-29 09:56:42.868 I/XmlParser(11762): startElement itemName:define user:0
11-29 09:56:42.868 I/XmlParser(11762): endElement itemName:define user:0
11-29 09:56:42.868 I/XmlParser(11762): startElement itemName:description user:0
11-29 09:56:42.868 I/XmlParser(11762): endElement itemName:description user:0
11-29 09:56:42.868 I/XmlParser(11762): endElement itemName:group user:0
11-29 09:56:42.868 I/XmlParser(11762): startElement itemName:group user:0
11-29 09:56:42.869 I/XmlParser(11762): startElement itemName:id user:0
11-29 09:56:42.869 I/XmlParser(11762): endElement itemName:id user:0
11-29 09:56:42.869 I/XmlParser(11762): startElement itemName:name user:0
11-29 09:56:42.869 I/XmlParser(11762): endElement itemName:name user:0
11-29 09:56:42.869 I/XmlParser(11762): startElement itemName:define user:0
11-29 09:56:42.869 I/XmlParser(11762): endElement itemName:define user:0
11-29 09:56:42.869 I/XmlParser(11762): startElement itemName:description user:0
11-29 09:56:42.869 I/XmlParser(11762): endElement itemName:description user:0
11-29 09:56:42.869 I/XmlParser(11762): endElement itemName:group user:0
11-29 09:56:42.869 I/XmlParser(11762): startElement itemName:group user:0
11-29 09:56:42.869 I/XmlParser(11762): startElement itemName:id user:0
11-29 09:56:42.869 I/XmlParser(11762): endElement itemName:id user:0
11-29 09:56:42.869 I/XmlParser(11762): startElement itemName:name user:0
11-29 09:56:42.869 I/XmlParser(11762): endElement itemName:name user:0
11-29 09:56:42.869 I/XmlParser(11762): startElement itemName:define user:0
11-29 09:56:42.869 I/XmlParser(11762): endElement itemName:define user:0
11-29 09:56:42.869 I/XmlParser(11762): startElement itemName:description user:0
11-29 09:56:42.869 I/XmlParser(11762): endElement itemName:description user:0
11-29 09:56:42.869 I/XmlParser(11762): endElement itemName:group user:0
11-29 09:56:42.869 I/XmlParser(11762): endElement itemName:resource user:0
11-29 09:56:42.869 I/libEGL  (11762): egl_cache_t() maxKeySize:1024  maxTotalSize:2097152
11-29 09:56:42.872 I/appproc (11762): CLASSPATH=/system/framework/pm.jar
11-29 09:56:42.872 I/appproc (11762): Command=app_process /system/bin com.android.commands.pm.Pm list users 
11-29 09:56:42.874 I/AndroidRuntime(11762): readDownloadBoosterConfig: 'false'
11-29 09:56:42.911 I/art     (11762): Reinit property: dalvik.vm.checkjni= false
11-29 09:56:42.919 I/HWSERVICES(11762): hwnative_get_component_register:libdrmbitmap,JNI
11-29 09:56:42.922 I/Radio-JNI(11762): register_android_hardware_Radio DONE
11-29 09:56:42.923 I/android_hardware_fm.cpp(11762): register_android_hardware_fm_fmradio
11-29 09:56:42.923 I/android_hardware_fm.cpp(11762): ========64bit long size = 8
11-29 09:56:42.923 I/android_hardware_fm.cpp(11762): FM: get chip type = bcm43xx
11-29 09:56:42.924 E/fm_if.c (11762): find the id:fm and begins to open the devices
11-29 09:56:42.924 I/android_hardware_fm.cpp(11762): register_android_hardware_fm_fmradio, ret is 0
11-29 09:56:42.939 I/art     (11762): System.exit called, status: 0
11-29 09:56:42.939 I/AndroidRuntime(11762): VM exiting with result code 0.
11-29 09:56:42.940 W/MessageQueue(11762): Handler (android.os.Handler) {5c3e2b2} sending message to a Handler on a dead thread
11-29 09:56:42.940 W/MessageQueue(11762): java.lang.IllegalStateException: Handler (android.os.Handler) {5c3e2b2} sending message to a Handler on a dead thread
11-29 09:56:42.940 W/MessageQueue(11762): 	at android.os.MessageQueue.enqueueMessage(MessageQueue.java:616)
11-29 09:56:42.940 W/MessageQueue(11762): 	at android.os.Handler.enqueueMessage(Handler.java:653)
11-29 09:56:42.940 W/MessageQueue(11762): 	at android.os.Handler.sendMessageAtTime(Handler.java:622)
11-29 09:56:42.940 W/MessageQueue(11762): 	at android.os.Handler.sendMessageDelayed(Handler.java:592)
11-29 09:56:42.940 W/MessageQueue(11762): 	at android.os.Handler.post(Handler.java:345)
11-29 09:56:42.940 W/MessageQueue(11762): 	at android.os.ResultReceiver$MyResultReceiver.send(ResultReceiver.java:57)
11-29 09:56:42.940 W/MessageQueue(11762): 	at com.android.internal.os.IResultReceiver$Stub.onTransact(IResultReceiver.java:58)
11-29 09:56:42.940 W/MessageQueue(11762): 	at android.os.Binder.execTransact(Binder.java:565)
11-29 09:56:42.971 I/HwLauncher( 2983): Launcher onStart()
11-29 09:56:42.971 I/HwLauncher( 2983): Launcher  Launcher.onStart() cost 0 ms
11-29 09:56:42.971 E/HwLauncher( 2983): SettingsEx , no such field.
11-29 09:56:42.971 W/HwLauncher( 2983): Clock getDataFormat the getSystemString failed.
11-29 09:56:42.973 I/HwLauncher( 2983): Launcher onResume()
11-29 09:56:42.973 I/HwLauncher( 2983): ClockDynamicUpdater clock update folder at ClockDynamicUpdater
11-29 09:56:42.973 I/HwLauncher( 2983): DynamicUpdater updateBitmap end and send update message
11-29 09:56:42.973 I/HwLauncher( 2983): Launcher doResumeWork()
11-29 09:56:42.974 I/HwLauncher( 2983): Launcher  onResume mIsToUninstallApp = false
11-29 09:56:42.974 I/HwLauncher( 2983): Launcher  Launcher hot start cost 3 ms
11-29 09:56:42.980 E/bdatd   (  524): [UidStat.cpp] setUidCputime# Invalid delta time, uid: 1010096
11-29 09:56:42.984 I/OpenGLRenderer( 2983): Initialized EGL, version 1.4
11-29 09:56:42.986 I/HwLauncher( 2983): DynamicUpdater  mDynamicIconList size:1 Intent:Intent { cmp=com.android.deskclock/.AlarmsMainActivity }
11-29 09:56:42.986 I/HwLauncher( 2983): DynamicUpdater call updateFolder
11-29 09:56:42.988 I/chatty  (  486): uid=1000(system) Binder:486_4 expire 3 lines
11-29 09:56:42.993 I/SendBroadcastPermission( 3213): action:com.baidu.input.entry.launcer, mPermissionType:0
11-29 09:56:42.995 I/PhoneStatusBarPolicy( 1627): updateBluetooth:::setBluetoothBatteryEnable false.
11-29 09:56:42.995 I/PhoneStatusBarPolicy( 1627): updateBluetooth::bluetoothEnabled:true, bluetoothConnected=false, bluetoothTransfering=false
11-29 09:56:43.002 W/trace_@_11_1_@( 2928): @_11_1_1_@ android.permission.ACCESS_COARSE_LOCATION true 24
11-29 09:56:43.002 W/trace_@_11_1_@( 2928): @_11_1_1_@ android.permission.ACCESS_FINE_LOCATION true 24
11-29 09:56:43.003 W/trace_@_11_1_@( 2928): @_11_1_1_@ android.permission.READ_PHONE_STATE true 24
11-29 09:56:43.003 I/chatty  ( 1782): uid=1000(system) Binder:1782_1 expire 1 line
11-29 09:56:43.003 W/trace_@_11_1_@( 2928): @_11_1_1_@ android.permission.WRITE_EXTERNAL_STORAGE true 24
11-29 09:56:43.003 W/trace_@_29_4_@( 2928): @_29_4_4_@
11-29 09:56:43.003 W/trace_@_29_4_@( 2928): @_29_4_4_@package:[com.huawei.android.totemweather]|reportLocation:true|interval:0
11-29 09:56:43.003 W/trace_@_29_4_@( 2928): @_29_4_7_@20000
11-29 09:56:43.004 W/trace_@_11_1_@( 2928): @_11_1_2_@ [android.permission.ACCESS_COARSE_LOCATION, android.permission.ACCESS_FINE_LOCATION, android.permission.READ_PHONE_STATE, android.permission.WRITE_EXTERNAL_STORAGE] 24
11-29 09:56:43.008 W/trace_@_27_3_@( 2928): @_27_3_4_@@_27_3_7_@20000
11-29 09:56:43.008 I/SendBroadcastPermission( 1973): action:com.huawei.android.action.WEATHER_CHANGE, mPermissionType:0
11-29 09:56:43.009 I/EventCenter( 1627): EventCenter Get :com.huawei.android.action.WEATHER_CHANGE
11-29 09:56:43.012 W/trace_@_16_1_@( 2928): @_16_1_6_@com.amap.location.networklocator.h@32d809c
11-29 09:56:43.012 W/trace_@_16_4_@( 2928): @_16_4_4_@@_16_4_5_@20000@_16_4_6_@com.amap.location.c.a.b.b.c$b@c377aa5@_16_4_7_@false
11-29 09:56:43.012 W/trace_@_16_4_@( 2928): @_16_4_10_@20000
11-29 09:56:43.012 W/trace_@_16_2_@( 2928): @_16_2_3_@0
11-29 09:56:43.012 W/trace_@_16_2_@( 2928): @_16_2_16_@
11-29 09:56:43.012 W/trace_@_16_2_@( 2928): @_16_2_11_@
11-29 09:56:43.012 W/trace_@_16_2_@( 2928): @_16_2_20_@
11-29 09:56:43.012 W/trace_@_16_3_@( 2928): @_16_3_3_@
11-29 09:56:43.012 W/trace_@_16_3_@( 2928): @_16_3_16_@
11-29 09:56:43.014 W/trace_@_19_2_@( 2928): @_19_2_1_@http://aps.amap.com/APS/r?ver=4.7&q=0&csid=ee688b5f-0b6a-494a-8548-4092f88df878
11-29 09:56:43.016 E/OpenGLRenderer( 2983): allen debug liyu Key: 1
11-29 09:56:43.023 E/OpenGLRenderer( 2983): allen debug liyu Key: 34359738371
11-29 09:56:43.040 I/chatty  (  486): uid=1000(system) Binder:486_5 expire 2 lines
11-29 09:56:43.078 I/HwResourcesImpl( 1627): load icon id : 7f030001, pkgName : com.meigsmart.meigapp
11-29 09:56:43.078 W/CfgFilePolicy( 1627): No config file found for:/themes/diff/icons
11-29 09:56:43.078 W/CfgFilePolicy( 1627): CFG_DIRS length : 9
11-29 09:56:43.079 I/HwResourcesImpl( 1627): icon : com.meigsmart.meigapp found in app
11-29 09:56:43.079 I/BitmapFactory( 1627): set decoder allocator to gralloc
11-29 09:56:43.079 I/gralloc ( 1627): alloc_device_alloc:564: Alloc handle(0x75a3d3ac00): interfmt=1, stride=256, size=262144, usage=0x2000003
11-29 09:56:43.082 I/gralloc ( 1627): alloc_device_free:586: Free handle(0x75a3d3ac00)
11-29 09:56:43.130 I/chatty  ( 1047): uid=1000(system) Binder:1047_1B expire 14 lines
11-29 09:56:43.175 W/System.err(16560): java.lang.NullPointerException: Attempt to invoke virtual method 'boolean mqq.app.AppRuntime.isModuleRunning(java.lang.String)' on a null object reference
11-29 09:56:43.175 W/System.err(16560): 	at com.tencent.mobileqq.qipc.QIPCClientModuleCore.isModuleRunning(QIPCClientModuleCore.java:45)
11-29 09:56:43.175 W/System.err(16560): 	at com.tencent.mobileqq.qipc.QIPCClientModuleCore.onCall(QIPCClientModuleCore.java:32)
11-29 09:56:43.175 W/System.err(16560): 	at eipc.EIPCModuleManager$1.sync(EIPCModuleManager.java:158)
11-29 09:56:43.175 W/System.err(16560): 	at eipc.EIPCChannel$Stub.onTransact(EIPCChannel.java:64)
11-29 09:56:43.175 W/System.err(16560): 	at android.os.Binder.execTransact(Binder.java:565)
11-29 09:56:43.178 W/System.err(16560): java.lang.NullPointerException: Attempt to invoke virtual method 'boolean mqq.app.AppRuntime.isModuleRunning(java.lang.String)' on a null object reference
11-29 09:56:43.179 W/System.err(16560): 	at com.tencent.mobileqq.qipc.QIPCClientModuleCore.isModuleRunning(QIPCClientModuleCore.java:45)
11-29 09:56:43.179 W/System.err(16560): 	at com.tencent.mobileqq.qipc.QIPCClientModuleCore.onCall(QIPCClientModuleCore.java:32)
11-29 09:56:43.179 W/System.err(16560): 	at eipc.EIPCModuleManager$1.sync(EIPCModuleManager.java:158)
11-29 09:56:43.179 W/System.err(16560): 	at eipc.EIPCChannel$Stub.onTransact(EIPCChannel.java:64)
11-29 09:56:43.179 W/System.err(16560): 	at android.os.Binder.execTransact(Binder.java:565)
11-29 09:56:43.200 W/trace_@_16_3_@( 2928): @_16_3_10_@
11-29 09:56:43.200 W/trace_@_17_1_@( 2928): @_17_1_3_@@@_8,8RLDJ,nF_@@,lat:@@_68R8nHpD8_@@,accu:550.0,rettype:3
11-29 09:56:43.200 W/trace_@_17_1_@( 2928): @_17_1_4_@@@_LJDWDWJ,J6W6LJn,#LJDWDWJ,J6W6LpFp#LJDWDWJ,J6W6LpFJ#LJDWDWJ,J6W6LJn,#LJDWDWJ,J6W6Lnn,#LJDWDWJ,J6W,JL8H8Hn#Y53_@@ nearby:@@__@@
11-29 09:56:43.200 W/trace_@_17_1_@( 2928): @_17_1_7_@@@_{"erVu3h7r"1"g7QZVri"W"jVg"18,8RLDJ,nFW"j9Q"168R8nHpD8W"9YYwr9YC"1ppDW"QCe7"1"g7Z"}_@@
11-29 09:56:43.203 W/trace_@_16_4_@( 2928): @_16_4_12_@
11-29 09:56:43.226 I/HwMobileSignalController( 1627): subId:0 phoneType:1 networktype:13 targetClass:3 masterLevel:5 slaveLevel:-1
11-29 09:56:43.258 I/XmlParser(11778): startElement itemName:resource user:-275558360
11-29 09:56:43.258 I/XmlParser(11778): startElement itemName:group user:-275558360
11-29 09:56:43.258 I/XmlParser(11778): startElement itemName:id user:-275558360
11-29 09:56:43.258 I/XmlParser(11778): endElement itemName:id user:-275558360
11-29 09:56:43.258 I/XmlParser(11778): startElement itemName:name user:-275558360
11-29 09:56:43.258 I/XmlParser(11778): endElement itemName:name user:-275558360
11-29 09:56:43.258 I/XmlParser(11778): startElement itemName:define user:-275558360
11-29 09:56:43.258 I/XmlParser(11778): endElement itemName:define user:-275558360
11-29 09:56:43.258 I/XmlParser(11778): startElement itemName:description user:-275558360
11-29 09:56:43.258 I/XmlParser(11778): endElement itemName:description user:-275558360
11-29 09:56:43.258 I/XmlParser(11778): endElement itemName:group user:-275558360
11-29 09:56:43.258 I/XmlParser(11778): startElement itemName:group user:-275558360
11-29 09:56:43.258 I/XmlParser(11778): startElement itemName:id user:-275558360
11-29 09:56:43.258 I/XmlParser(11778): endElement itemName:id user:-275558360
11-29 09:56:43.258 I/XmlParser(11778): startElement itemName:name user:-275558360
11-29 09:56:43.258 I/XmlParser(11778): endElement itemName:name user:-275558360
11-29 09:56:43.258 I/XmlParser(11778): startElement itemName:define user:-275558360
11-29 09:56:43.258 E/XmlParser(11778): startElement mResult:1024
11-29 09:56:43.258 I/XmlParser(11778): endElement itemName:define user:-275558360
11-29 09:56:43.258 I/XmlParser(11778): startElement itemName:description user:-275558360
11-29 09:56:43.258 I/XmlParser(11778): endElement itemName:description user:-275558360
11-29 09:56:43.258 I/XmlParser(11778): endElement itemName:group user:-275558360
11-29 09:56:43.258 I/XmlParser(11778): startElement itemName:group user:-275558360
11-29 09:56:43.258 I/XmlParser(11778): startElement itemName:id user:-275558360
11-29 09:56:43.258 I/XmlParser(11778): endElement itemName:id user:-275558360
11-29 09:56:43.258 I/XmlParser(11778): startElement itemName:name user:-275558360
11-29 09:56:43.258 I/XmlParser(11778): endElement itemName:name user:-275558360
11-29 09:56:43.258 I/XmlParser(11778): startElement itemName:define user:-275558360
11-29 09:56:43.258 I/XmlParser(11778): endElement itemName:define user:-275558360
11-29 09:56:43.258 I/XmlParser(11778): startElement itemName:description user:-275558360
11-29 09:56:43.258 I/XmlParser(11778): endElement itemName:description user:-275558360
11-29 09:56:43.258 I/XmlParser(11778): endElement itemName:group user:-275558360
11-29 09:56:43.258 I/XmlParser(11778): startElement itemName:group user:-275558360
11-29 09:56:43.258 I/XmlParser(11778): startElement itemName:id user:-275558360
11-29 09:56:43.258 I/XmlParser(11778): endElement itemName:id user:-275558360
11-29 09:56:43.258 I/XmlParser(11778): startElement itemName:name user:-275558360
11-29 09:56:43.258 I/XmlParser(11778): endElement itemName:name user:-275558360
11-29 09:56:43.258 I/XmlParser(11778): startElement itemName:define user:-275558360
11-29 09:56:43.258 I/XmlParser(11778): endElement itemName:define user:-275558360
11-29 09:56:43.258 I/XmlParser(11778): startElement itemName:description user:-275558360
11-29 09:56:43.258 I/XmlParser(11778): endElement itemName:description user:-275558360
11-29 09:56:43.258 I/XmlParser(11778): endElement itemName:group user:-275558360
11-29 09:56:43.258 I/XmlParser(11778): endElement itemName:resource user:-275558360
11-29 09:56:43.258 I/XmlParser(11778): startElement itemName:resource user:0
11-29 09:56:43.258 I/XmlParser(11778): startElement itemName:group user:0
11-29 09:56:43.258 I/XmlParser(11778): startElement itemName:id user:0
11-29 09:56:43.258 I/XmlParser(11778): endElement itemName:id user:0
11-29 09:56:43.258 I/XmlParser(11778): startElement itemName:name user:0
11-29 09:56:43.258 I/XmlParser(11778): endElement itemName:name user:0
11-29 09:56:43.258 I/XmlParser(11778): startElement itemName:define user:0
11-29 09:56:43.258 E/XmlParser(11778): startElement mResult:2097152
11-29 09:56:43.258 I/XmlParser(11778): endElement itemName:define user:0
11-29 09:56:43.258 I/XmlParser(11778): startElement itemName:description user:0
11-29 09:56:43.258 I/XmlParser(11778): endElement itemName:description user:0
11-29 09:56:43.258 I/XmlParser(11778): endElement itemName:group user:0
11-29 09:56:43.258 I/XmlParser(11778): startElement itemName:group user:0
11-29 09:56:43.258 I/XmlParser(11778): startElement itemName:id user:0
11-29 09:56:43.258 I/XmlParser(11778): endElement itemName:id user:0
11-29 09:56:43.258 I/XmlParser(11778): startElement itemName:name user:0
11-29 09:56:43.258 I/XmlParser(11778): endElement itemName:name user:0
11-29 09:56:43.258 I/XmlParser(11778): startElement itemName:define user:0
11-29 09:56:43.258 I/XmlParser(11778): endElement itemName:define user:0
11-29 09:56:43.258 I/XmlParser(11778): startElement itemName:description user:0
11-29 09:56:43.258 I/XmlParser(11778): endElement itemName:description user:0
11-29 09:56:43.258 I/XmlParser(11778): endElement itemName:group user:0
11-29 09:56:43.258 I/XmlParser(11778): startElement itemName:group user:0
11-29 09:56:43.258 I/XmlParser(11778): startElement itemName:id user:0
11-29 09:56:43.258 I/XmlParser(11778): endElement itemName:id user:0
11-29 09:56:43.258 I/XmlParser(11778): startElement itemName:name user:0
11-29 09:56:43.258 I/XmlParser(11778): endElement itemName:name user:0
11-29 09:56:43.258 I/XmlParser(11778): startElement itemName:define user:0
11-29 09:56:43.258 I/XmlParser(11778): endElement itemName:define user:0
11-29 09:56:43.258 I/XmlParser(11778): startElement itemName:description user:0
11-29 09:56:43.258 I/XmlParser(11778): endElement itemName:description user:0
11-29 09:56:43.258 I/XmlParser(11778): endElement itemName:group user:0
11-29 09:56:43.258 I/XmlParser(11778): startElement itemName:group user:0
11-29 09:56:43.258 I/XmlParser(11778): startElement itemName:id user:0
11-29 09:56:43.258 I/XmlParser(11778): endElement itemName:id user:0
11-29 09:56:43.258 I/XmlParser(11778): startElement itemName:name user:0
11-29 09:56:43.258 I/XmlParser(11778): endElement itemName:name user:0
11-29 09:56:43.258 I/XmlParser(11778): startElement itemName:define user:0
11-29 09:56:43.258 I/XmlParser(11778): endElement itemName:define user:0
11-29 09:56:43.258 I/XmlParser(11778): startElement itemName:description user:0
11-29 09:56:43.258 I/XmlParser(11778): endElement itemName:description user:0
11-29 09:56:43.258 I/XmlParser(11778): endElement itemName:group user:0
11-29 09:56:43.258 I/XmlParser(11778): endElement itemName:resource user:0
11-29 09:56:43.259 I/libEGL  (11778): egl_cache_t() maxKeySize:1024  maxTotalSize:2097152
11-29 09:56:43.262 I/appproc (11778): CLASSPATH=/system/framework/am.jar
11-29 09:56:43.262 I/appproc (11778): Command=app_process /system/bin com.android.commands.am.Am get-current-user 
11-29 09:56:43.264 I/AndroidRuntime(11778): readDownloadBoosterConfig: 'false'
11-29 09:56:43.288 I/SendBroadcastPermission(13129): action:mqq.intent.action.QQ_BACKGROUND, mPermissionType:0
11-29 09:56:43.303 I/art     (11778): Reinit property: dalvik.vm.checkjni= false
11-29 09:56:43.310 I/HWSERVICES(11778): hwnative_get_component_register:libdrmbitmap,JNI
11-29 09:56:43.313 I/Radio-JNI(11778): register_android_hardware_Radio DONE
11-29 09:56:43.315 I/android_hardware_fm.cpp(11778): register_android_hardware_fm_fmradio
11-29 09:56:43.315 I/android_hardware_fm.cpp(11778): ========64bit long size = 8
11-29 09:56:43.315 I/android_hardware_fm.cpp(11778): FM: get chip type = bcm43xx
11-29 09:56:43.316 E/fm_if.c (11778): find the id:fm and begins to open the devices
11-29 09:56:43.316 I/android_hardware_fm.cpp(11778): register_android_hardware_fm_fmradio, ret is 0
11-29 09:56:43.336 I/chatty  (  486): uid=1000(system) /system/bin/surfaceflinger expire 1 line
11-29 09:56:43.379 I/SendBroadcastPermission(13129): action:com.tencent.process.stopping, mPermissionType:0
11-29 09:56:43.386 I/HwLauncher( 2983): Launcher.LauncherProvider  launcher call - method:change_badge arg:null extras:[package=com.tencent.mobileqq][badgenumber=0][class=com.tencent.mobileqq.activity.SplashActivity] uid =10114 pid =13129
11-29 09:56:43.387 I/HwLauncher( 2983): ProviderCallUtils callBadge isCloned = false
11-29 09:56:43.434 I/SendBroadcastPermission(13129): action:com.tencent.plugin.state.change, mPermissionType:0
11-29 09:56:43.523 W/OpenGLRenderer( 2983): Incorrectly called buildLayer on View: ShortcutAndWidgetContainer, destroying layer...
11-29 09:56:43.523 W/OpenGLRenderer( 2983): Incorrectly called buildLayer on View: ShortcutAndWidgetContainer, destroying layer...
11-29 09:56:43.596 E/FusionDaemon(  530): (fd_read_fifo_data:952):Reopening pipe.
11-29 09:56:43.596 I/chatty  ( 1782): uid=1000(system) Binder:1782_2 expire 1 line
11-29 09:56:43.598 I/chatty  ( 1782): uid=1000(system) Binder:1782_4 expire 1 line
11-29 09:56:43.608 I/chatty  ( 1782): uid=1000(system) Binder:1782_8 expire 1 line
11-29 09:56:43.627 W/trace_@_11_1_@( 2928): @_11_1_1_@ android.permission.ACCESS_COARSE_LOCATION true 24
11-29 09:56:43.628 W/trace_@_11_1_@( 2928): @_11_1_1_@ android.permission.ACCESS_FINE_LOCATION true 24
11-29 09:56:43.628 W/trace_@_11_1_@( 2928): @_11_1_1_@ android.permission.READ_PHONE_STATE true 24
11-29 09:56:43.629 W/trace_@_11_1_@( 2928): @_11_1_1_@ android.permission.WRITE_EXTERNAL_STORAGE true 24
11-29 09:56:43.629 W/trace_@_29_4_@( 2928): @_29_4_4_@
11-29 09:56:43.629 W/trace_@_29_4_@( 2928): @_29_4_4_@package:[android]|reportLocation:true|interval:86400000
11-29 09:56:43.630 W/trace_@_29_4_@( 2928): @_29_4_7_@86400000
11-29 09:56:43.630 W/trace_@_27_3_@( 2928): @_27_3_4_@@_27_3_7_@86400000
11-29 09:56:43.630 W/trace_@_16_1_@( 2928): @_16_1_6_@com.amap.location.networklocator.h@32d809c
11-29 09:56:43.630 W/trace_@_16_4_@( 2928): @_16_4_4_@@_16_4_5_@86400000@_16_4_6_@com.amap.location.c.a.b.b.c$b@c377aa5@_16_4_7_@false
11-29 09:56:43.631 W/trace_@_16_4_@( 2928): @_16_4_10_@86400000
11-29 09:56:43.631 W/trace_@_16_2_@( 2928): @_16_2_1_@
11-29 09:56:43.758 I/XmlParser(11800): startElement itemName:resource user:-1785327576
11-29 09:56:43.758 I/XmlParser(11800): startElement itemName:group user:-1785327576
11-29 09:56:43.758 I/XmlParser(11800): startElement itemName:id user:-1785327576
11-29 09:56:43.758 I/XmlParser(11800): endElement itemName:id user:-1785327576
11-29 09:56:43.758 I/XmlParser(11800): startElement itemName:name user:-1785327576
11-29 09:56:43.758 I/XmlParser(11800): endElement itemName:name user:-1785327576
11-29 09:56:43.758 I/XmlParser(11800): startElement itemName:define user:-1785327576
11-29 09:56:43.758 I/XmlParser(11800): endElement itemName:define user:-1785327576
11-29 09:56:43.758 I/XmlParser(11800): startElement itemName:description user:-1785327576
11-29 09:56:43.758 I/XmlParser(11800): endElement itemName:description user:-1785327576
11-29 09:56:43.758 I/XmlParser(11800): endElement itemName:group user:-1785327576
11-29 09:56:43.758 I/XmlParser(11800): startElement itemName:group user:-1785327576
11-29 09:56:43.758 I/XmlParser(11800): startElement itemName:id user:-1785327576
11-29 09:56:43.758 I/XmlParser(11800): endElement itemName:id user:-1785327576
11-29 09:56:43.758 I/XmlParser(11800): startElement itemName:name user:-1785327576
11-29 09:56:43.758 I/XmlParser(11800): endElement itemName:name user:-1785327576
11-29 09:56:43.758 I/XmlParser(11800): startElement itemName:define user:-1785327576
11-29 09:56:43.758 E/XmlParser(11800): startElement mResult:1024
11-29 09:56:43.758 I/XmlParser(11800): endElement itemName:define user:-1785327576
11-29 09:56:43.758 I/XmlParser(11800): startElement itemName:description user:-1785327576
11-29 09:56:43.758 I/XmlParser(11800): endElement itemName:description user:-1785327576
11-29 09:56:43.758 I/XmlParser(11800): endElement itemName:group user:-1785327576
11-29 09:56:43.758 I/XmlParser(11800): startElement itemName:group user:-1785327576
11-29 09:56:43.758 I/XmlParser(11800): startElement itemName:id user:-1785327576
